status file for recon-all
Sat Apr  4 12:39:14 CEST 2026
#@# Tessellate lh Sat Apr  4 12:39:14 CEST 2026
#@# Smooth1 lh Sat Apr  4 12:39:16 CEST 2026
#@# Inflation1 lh Sat Apr  4 12:39:18 CEST 2026
#@# QSphere lh Sat Apr  4 12:39:26 CEST 2026
#@# Fix Topology lh Sat Apr  4 12:40:04 CEST 2026
#@# Smooth2 lh Sat Apr  4 12:44:50 CEST 2026
#@# Inflation2 lh Sat Apr  4 12:44:52 CEST 2026
#@# Curv .H and .K lh Sat Apr  4 12:45:00 CEST 2026
#@# Sphere lh Sat Apr  4 12:45:37 CEST 2026
#@# Surf Reg lh Sat Apr  4 12:47:30 CEST 2026
#@# Jacobian white lh Sat Apr  4 12:50:01 CEST 2026
#@# AvgCurv lh Sat Apr  4 12:50:02 CEST 2026
#@# Cortical Parc lh Sat Apr  4 12:50:02 CEST 2026
#@# white curv lh Sat Apr  4 12:54:55 CEST 2026
#@# white area lh Sat Apr  4 12:54:56 CEST 2026
#@# pial curv lh Sat Apr  4 12:54:56 CEST 2026
#@# pial area lh Sat Apr  4 12:54:57 CEST 2026
#@# thickness lh Sat Apr  4 12:54:58 CEST 2026
#@# area and vertex vol lh Sat Apr  4 12:55:17 CEST 2026
#@# Curvature Stats lh Sat Apr  4 12:55:18 CEST 2026
#@# Cortical Parc 2 lh Sat Apr  4 12:55:20 CEST 2026
#@# Cortical Parc 3 lh Sat Apr  4 12:55:30 CEST 2026
#@# WM/GM Contrast lh Sat Apr  4 12:55:37 CEST 2026
recon-all -s sub-v1s12x0050109_ses-1 finished without error at Sat Apr  4 12:55:39 CEST 2026



#New# invocation of recon-all 



status file for recon-all
Sat Apr  4 13:13:25 CEST 2026
#@# white curv lh Sat Apr  4 13:13:25 CEST 2026
#@# white area lh Sat Apr  4 13:13:25 CEST 2026
#@# pial curv lh Sat Apr  4 13:13:25 CEST 2026
#@# pial area lh Sat Apr  4 13:13:25 CEST 2026
#@# thickness lh Sat Apr  4 13:13:25 CEST 2026
#@# area and vertex vol lh Sat Apr  4 13:13:25 CEST 2026
#@# Parcellation Stats lh Sat Apr  4 13:13:25 CEST 2026
#@# Parcellation Stats 2 lh Sat Apr  4 13:13:40 CEST 2026
#@# Parcellation Stats 3 lh Sat Apr  4 13:13:47 CEST 2026
#@# BA_exvivo Labels lh Sat Apr  4 13:13:54 CEST 2026
recon-all -s sub-v1s12x0050109_ses-1 finished without error at Sat Apr  4 13:15:43 CEST 2026
