/out/sourcedata/freesurfer/sub-v1s12x0050109_ses-1/mri
/opt/freesurfer/bin/talairach_avi
--i orig_nu.mgz --xfm transforms/talairach.auto.xfm
talairach_avi 7.3.2
Linux dna070 5.14.0-427.37.1.el9_4.x86_64 #1 SMP PREEMPT_DYNAMIC Fri Sep 13 12:41:50 EDT 2024 x86_64 x86_64 x86_64 GNU/Linux
Sat Apr  4 11:30:09 CEST 2026
mri_convert orig_nu.mgz talsrcimg.img 
reading from orig_nu.mgz...
TR=0.00, TE=0.00, TI=0.00, flip angle=0.00
i_ras = (-1, 0, 0)
j_ras = (0, 0, -1)
k_ras = (0, 1, 0)
writing to talsrcimg.img...
Analyze Output Matrix
-1.00000   0.00000   0.00000   130.72462;
 0.00000   0.00000   1.00000  -133.81114;
 0.00000  -1.00000   0.00000   110.61730;
 0.00000   0.00000   0.00000   1.00000;
--------------------
INFO: set hdr.hist.orient to -1
mpr2mni305 talsrcimg
Sat Apr  4 11:30:10 CEST 2026
/opt/freesurfer/bin/mpr2mni305 talsrcimg
mpr2mni305 7.3.2
target=711-2C_as_mni_average_305

---------------------------------------------------------------------
analyzeto4dfp talsrcimg -O0 -y
---------------------------------------------------------------------

freesurfer ifh2hdr.c
Sat Apr  4 11:30:10 2026
Writing: talsrcimg.4dfp.hdr
freesurfer analyzeto4dfp.c
Reading: talsrcimg.hdr
header size 348 bytes
hdr.dime.datatype	offset=70	value=2
hdr.dime.bitpix		offset=72	value=8
hdr.hist.orient		offset=252	value=-1
dimensionality     4
dimensions       256       256       256         1
Reading: talsrcimg.img
Writing: talsrcimg.4dfp.img
Writing: talsrcimg.4dfp.ifh
ifh2hdr talsrcimg -r0to220
ori=2

---------------------------------------------------------------------
gauss_4dfp talsrcimg 1.1
---------------------------------------------------------------------

freesurfer gauss_4dfp.c
Reading: talsrcimg.4dfp.img
Writing: talsrcimg_g11.4dfp.img
image dimensions 256 256 256 padded to 288 288 288
processing volume 1freesurfer ifh2hdr.c
Sat Apr  4 11:30:11 2026
Writing: talsrcimg_g11.4dfp.hdr

Writing: talsrcimg_g11.4dfp.ifh
including: talsrcimg.4dfp.img.rec in talsrcimg_g11.4dfp.img.rec

---------------------------------------------------------------------
imgreg_4dfp /opt/freesurfer/average/711-2C_as_mni_average_305 none talsrcimg_g11 none talsrcimg_to_711-2C_as_mni_average_305_t4 4355
---------------------------------------------------------------------

freesurfer imgreg_4dfp.c
/opt/freesurfer/average/711-2C_as_mni_average_305.4dfp.img
       256       256       256         1
  1.000000  1.000000  1.000000
orientation T byte_order littleendian
Reading image: /opt/freesurfer/average/711-2C_as_mni_average_305.4dfp.img
dimensions:      256       256       256
mmppix:       1.0000   -1.0000   -1.0000
center:     128.0000 -129.0000 -129.0000
talsrcimg_g11.4dfp.img
       256       256       256         1
  1.000000  1.000000  1.000000
orientation T byte_order littleendian
Reading image: talsrcimg_g11.4dfp.img
dimensions:      256       256       256
mmppix:       1.0000   -1.0000   -1.0000
center:     128.0000 -129.0000 -129.0000
t4_read: open error in t4_sub.f l:  41 t4_file(1:l)talsrcimg_to_711-2C_as_mni_average_305_t4 
t4_read: transform initialized to I4
rotation matrix determinant  1.000000
image alignment mode   4355 decimal     1103 hex
   -7.5000  -45.0000  -45.0000 7670.7778   16.8242
    0.0000  -45.0000  -45.0000 7928.2158   16.8142
    7.5000  -45.0000  -45.0000 7477.8281   16.7879
   -7.5000  -37.5000  -45.0000 8211.1055   16.8333
    0.0000  -37.5000  -45.0000 8476.2812   16.8227
    7.5000  -37.5000  -45.0000 7994.1255   16.7969
   -7.5000  -30.0000  -45.0000 9007.3867   16.8498
    0.0000  -30.0000  -45.0000 9292.4297   16.8459
    7.5000  -30.0000  -45.0000 8778.5156   16.8266
   -7.5000  -22.5000  -45.0000 9762.4824   16.8494
    0.0000  -22.5000  -45.000010075.7539   16.8540
    7.5000  -22.5000  -45.0000 9534.7803   16.8410
   -7.5000  -15.0000  -45.000010439.4150   16.8372
    0.0000  -15.0000  -45.000010788.2373   16.8436
    7.5000  -15.0000  -45.000010190.4414   16.8305
   -7.5000   -7.5000  -45.000011050.3008   16.8247
    0.0000   -7.5000  -45.000011426.8652   16.8234
    7.5000   -7.5000  -45.000010788.2451   16.8034
   -7.5000    0.0000  -45.000011570.0137   16.8204
    0.0000    0.0000  -45.000011943.6660   16.8105
    7.5000    0.0000  -45.000011269.9834   16.7842
   -7.5000    7.5000  -45.000011166.0898   16.8333
    0.0000    7.5000  -45.000011524.3975   16.8227
    7.5000    7.5000  -45.000010889.2812   16.7969
   -7.5000   15.0000  -45.000010678.9434   16.8498
    0.0000   15.0000  -45.000011042.1338   16.8459
    7.5000   15.0000  -45.000010452.3311   16.8266
   -7.5000   22.5000  -45.000010102.4580   16.8470
    0.0000   22.5000  -45.000010460.6172   16.8517
    7.5000   22.5000  -45.0000 9902.6787   16.8387
   -7.5000   30.0000  -45.0000 9394.6016   16.6128
    0.0000   30.0000  -45.0000 9732.1182   16.6192
    7.5000   30.0000  -45.0000 9193.4180   16.6063
   -7.5000   37.5000  -45.0000 8947.5928   16.6004
    0.0000   37.5000  -45.0000 9274.7666   16.5992
    7.5000   37.5000  -45.0000 8737.9629   16.5795
   -7.5000   45.0000  -45.0000 8211.4766   16.1833
    0.0000   45.0000  -45.0000 8500.4072   16.1738
    7.5000   45.0000  -45.0000 8016.2256   16.1485
   -7.5000  -45.0000  -37.5000 8158.4722   16.7502
    0.0000  -45.0000  -37.5000 8432.3916   16.7400
    7.5000  -45.0000  -37.5000 7967.5400   16.7197
   -7.5000  -37.5000  -37.5000 8713.6045   16.7535
    0.0000  -37.5000  -37.5000 8980.0889   16.7456
    7.5000  -37.5000  -37.5000 8482.4443   16.7251
   -7.5000  -30.0000  -37.5000 9562.8311   16.7642
    0.0000  -30.0000  -37.5000 9859.4980   16.7643
    7.5000  -30.0000  -37.5000 9304.9443   16.7477
   -7.5000  -22.5000  -37.500010379.1738   16.7646
    0.0000  -22.5000  -37.500010697.4795   16.7708
    7.5000  -22.5000  -37.500010110.8555   16.7583
   -7.5000  -15.0000  -37.500011108.6133   16.7578
    0.0000  -15.0000  -37.500011462.6533   16.7623
    7.5000  -15.0000  -37.500010831.7256   16.7500
   -7.5000   -7.5000  -37.500011738.3018   16.7505
    0.0000   -7.5000  -37.500012109.0381   16.7465
    7.5000   -7.5000  -37.500011441.2891   16.7302
   -7.5000    0.0000  -37.500012263.5176   16.7465
    0.0000    0.0000  -37.500012649.1553   16.7364
    7.5000    0.0000  -37.500011954.8145   16.7160
   -7.5000    7.5000  -37.500011826.5654   16.7535
    0.0000    7.5000  -37.500012194.1064   16.7456
    7.5000    7.5000  -37.500011520.6816   16.7251
   -7.5000   15.0000  -37.500011307.7354   16.7642
    0.0000   15.0000  -37.500011682.6377   16.7643
    7.5000   15.0000  -37.500011047.2637   16.7477
   -7.5000   22.5000  -37.500010670.7080   16.7623
    0.0000   22.5000  -37.500011055.5527   16.7685
    7.5000   22.5000  -37.500010449.7764   16.7560
   -7.5000   30.0000  -37.5000 9903.6055   16.5345
    0.0000   30.0000  -37.500010270.6045   16.5390
    7.5000   30.0000  -37.5000 9711.6006   16.5268
   -7.5000   37.5000  -37.5000 9420.0479   16.5273
    0.0000   37.5000  -37.5000 9769.4502   16.5233
    7.5000   37.5000  -37.5000 9243.5137   16.5072
   -7.5000   45.0000  -37.5000 8649.6865   16.1128
    0.0000   45.0000  -37.5000 8960.6816   16.1031
    7.5000   45.0000  -37.5000 8468.8398   16.0835
   -7.5000  -45.0000  -30.0000 8773.7539   17.4660
    0.0000  -45.0000  -30.0000 9027.9180   17.4637
    7.5000  -45.0000  -30.0000 8560.6123   17.4555
   -7.5000  -37.5000  -30.0000 9329.6309   17.4689
    0.0000  -37.5000  -30.0000 9596.4287   17.4701
    7.5000  -37.5000  -30.0000 9097.9834   17.4613
   -7.5000  -30.0000  -30.000010267.0078   17.4766
    0.0000  -30.0000  -30.000010557.9707   17.4848
    7.5000  -30.0000  -30.0000 9984.2354   17.4780
   -7.5000  -22.5000  -30.000011170.6348   17.4741
    0.0000  -22.5000  -30.000011498.2773   17.4859
    7.5000  -22.5000  -30.000010883.3848   17.4818
   -7.5000  -15.0000  -30.000011969.1367   17.4665
    0.0000  -15.0000  -30.000012319.5977   17.4749
    7.5000  -15.0000  -30.000011661.0977   17.4709
   -7.5000   -7.5000  -30.000012670.1338   17.4623
    0.0000   -7.5000  -30.000013040.0703   17.4635
    7.5000   -7.5000  -30.000012322.3770   17.4575
   -7.5000    0.0000  -30.000013244.4395   17.4621
    0.0000    0.0000  -30.000013624.7529   17.4598
    7.5000    0.0000  -30.000012876.3018   17.4517
   -7.5000    7.5000  -30.000012717.7305   17.4689
    0.0000    7.5000  -30.000013106.7109   17.4701
    7.5000    7.5000  -30.000012397.6006   17.4613
   -7.5000   15.0000  -30.000012113.2441   17.4766
    0.0000   15.0000  -30.000012519.0400   17.4848
    7.5000   15.0000  -30.000011847.6104   17.4780
   -7.5000   22.5000  -30.000011442.5762   17.4699
    0.0000   22.5000  -30.000011844.0889   17.4817
    7.5000   22.5000  -30.000011241.6016   17.4776
   -7.5000   30.0000  -30.000010623.5039   17.2354
    0.0000   30.0000  -30.000011009.3174   17.2436
    7.5000   30.0000  -30.000010445.3164   17.2398
   -7.5000   37.5000  -30.000010091.5029   17.2312
    0.0000   37.5000  -30.000010466.2119   17.2324
    7.5000   37.5000  -30.0000 9937.4717   17.2265
   -7.5000   45.0000  -30.0000 9249.8125   16.8142
    0.0000   45.0000  -30.0000 9597.8203   16.8121
    7.5000   45.0000  -30.0000 9099.1855   16.8042
   -7.5000  -45.0000  -22.5000 9408.1523   18.1046
    0.0000  -45.0000  -22.5000 9699.0137   18.1104
    7.5000  -45.0000  -22.5000 9185.6982   18.1077
   -7.5000  -37.5000  -22.5000 9996.6406   18.1147
    0.0000  -37.5000  -22.500010307.0176   18.1217
    7.5000  -37.5000  -22.5000 9757.1211   18.1188
   -7.5000  -30.0000  -22.500011025.9531   18.1265
    0.0000  -30.0000  -22.500011359.3477   18.1378
    7.5000  -30.0000  -22.500010732.9141   18.1378
   -7.5000  -22.5000  -22.500011991.2021   18.1196
    0.0000  -22.5000  -22.500012367.3545   18.1340
    7.5000  -22.5000  -22.500011687.2637   18.1376
   -7.5000  -15.0000  -22.500012835.2617   18.1037
    0.0000  -15.0000  -22.500013214.1875   18.1167
    7.5000  -15.0000  -22.500012519.0674   18.1204
   -7.5000   -7.5000  -22.500013612.0498   18.0965
    0.0000   -7.5000  -22.500013995.0322   18.1052
    7.5000   -7.5000  -22.500013253.9639   18.1055
   -7.5000    0.0000  -22.500014214.9570   18.1006
    0.0000    0.0000  -22.500014626.6621   18.1063
    7.5000    0.0000  -22.500013849.5957   18.1037
   -7.5000    7.5000  -22.500013638.2178   18.1147
    0.0000    7.5000  -22.500014072.3242   18.1217
    7.5000    7.5000  -22.500013340.8398   18.1188
   -7.5000   15.0000  -22.500012980.8008   18.1265
    0.0000   15.0000  -22.500013444.3291   18.1378
    7.5000   15.0000  -22.500012749.7520   18.1378
   -7.5000   22.5000  -22.500012275.3516   18.1140
    0.0000   22.5000  -22.500012729.2236   18.1284
    7.5000   22.5000  -22.500012105.8369   18.1321
   -7.5000   30.0000  -22.500011366.2373   17.8669
    0.0000   30.0000  -22.500011787.0645   17.8797
    7.5000   30.0000  -22.500011240.5537   17.8834
   -7.5000   37.5000  -22.500010800.5664   17.8598
    0.0000   37.5000  -22.500011193.3936   17.8683
    7.5000   37.5000  -22.500010692.5859   17.8687
   -7.5000   45.0000  -22.5000 9884.9951   17.4419
    0.0000   45.0000  -22.500010259.9873   17.4475
    7.5000   45.0000  -22.5000 9779.7090   17.4449
   -7.5000  -45.0000  -15.000010073.7881   18.5654
    0.0000  -45.0000  -15.000010406.9189   18.5723
    7.5000  -45.0000  -15.0000 9838.5605   18.5627
   -7.5000  -37.5000  -15.000010716.8154   18.5824
    0.0000  -37.5000  -15.000011069.8877   18.5875
    7.5000  -37.5000  -15.000010464.4883   18.5790
   -7.5000  -30.0000  -15.000011781.2871   18.5986
    0.0000  -30.0000  -15.000012176.5996   18.6064
    7.5000  -30.0000  -15.000011512.4590   18.6039
   -7.5000  -22.5000  -15.000012799.8066   18.5882
    0.0000  -22.5000  -15.000013222.3457   18.6008
    7.5000  -22.5000  -15.000012506.3369   18.6043
   -7.5000  -15.0000  -15.000013655.6729   18.5650
    0.0000  -15.0000  -15.000014089.2188   18.5796
    7.5000  -15.0000  -15.000013359.9375   18.5825
   -7.5000   -7.5000  -15.000014512.1357   18.5542
    0.0000   -7.5000  -15.000014942.7188   18.5658
    7.5000   -7.5000  -15.000014186.1143   18.5618
   -7.5000    0.0000  -15.000015189.0215   18.5613
    0.0000    0.0000  -15.000015665.0312   18.5681
    7.5000    0.0000  -15.000014869.0723   18.5586
   -7.5000    7.5000  -15.000014629.3184   18.5824
    0.0000    7.5000  -15.000015144.3779   18.5875
    7.5000    7.5000  -15.000014356.8232   18.5790
   -7.5000   15.0000  -15.000013925.1533   18.5986
    0.0000   15.0000  -15.000014436.5791   18.6064
    7.5000   15.0000  -15.000013710.5625   18.6039
   -7.5000   22.5000  -15.000013116.3564   18.5817
    0.0000   22.5000  -15.000013611.4092   18.5942
    7.5000   22.5000  -15.000012971.8525   18.5977
   -7.5000   30.0000  -15.000012158.5059   18.3247
    0.0000   30.0000  -15.000012607.9990   18.3391
    7.5000   30.0000  -15.000012044.1572   18.3420
   -7.5000   37.5000  -15.000011544.6328   18.3141
    0.0000   37.5000  -15.000011972.6709   18.3255
    7.5000   37.5000  -15.000011460.6729   18.3216
   -7.5000   45.0000  -15.000010533.8398   17.8960
    0.0000   45.0000  -15.000010938.6777   17.9026
    7.5000   45.0000  -15.000010451.1523   17.8934
   -7.5000  -45.0000   -7.500010749.4443   18.7651
    0.0000  -45.0000   -7.500011121.4639   18.7641
    7.5000  -45.0000   -7.500010508.3574   18.7416
   -7.5000  -37.5000   -7.500011463.5068   18.7810
    0.0000  -37.5000   -7.500011871.5830   18.7773
    7.5000  -37.5000   -7.500011212.4209   18.7562
   -7.5000  -30.0000   -7.500012576.2520   18.7985
    0.0000  -30.0000   -7.500013011.0898   18.7992
    7.5000  -30.0000   -7.500012293.6992   18.7863
   -7.5000  -22.5000   -7.500013664.6455   18.7910
    0.0000  -22.5000   -7.500014116.8076   18.7995
    7.5000  -22.5000   -7.500013352.1270   18.7942
   -7.5000  -15.0000   -7.500014579.2881   18.7702
    0.0000  -15.0000   -7.500015042.7109   18.7824
    7.5000  -15.0000   -7.500014266.2256   18.7763
   -7.5000   -7.5000   -7.500015515.7070   18.7577
    0.0000   -7.5000   -7.500015991.4385   18.7647
    7.5000   -7.5000   -7.500015172.7148   18.7496
   -7.5000    0.0000   -7.500016305.1611   18.7609
    0.0000    0.0000   -7.500016868.9043   18.7599
    7.5000    0.0000   -7.500015931.4717   18.7375
   -7.5000    7.5000   -7.500015755.3809   18.7810
    0.0000    7.5000   -7.500016308.4180   18.7773
    7.5000    7.5000   -7.500015399.1240   18.7562
   -7.5000   15.0000   -7.500014948.0215   18.7985
    0.0000   15.0000   -7.500015537.0342   18.7992
    7.5000   15.0000   -7.500014697.7158   18.7863
   -7.5000   22.5000   -7.500014027.6611   18.7823
    0.0000   22.5000   -7.500014586.9600   18.7908
    7.5000   22.5000   -7.500013862.3135   18.7856
   -7.5000   30.0000   -7.500013021.4062   18.5268
    0.0000   30.0000   -7.500013526.4688   18.5389
    7.5000   30.0000   -7.500012896.5205   18.5328
   -7.5000   37.5000   -7.500012406.1904   18.5144
    0.0000   37.5000   -7.500012872.8945   18.5213
    7.5000   37.5000   -7.500012281.1436   18.5064
   -7.5000   45.0000   -7.500011309.4043   18.0914
    0.0000   45.0000   -7.500011739.2461   18.0904
    7.5000   45.0000   -7.500011187.0459   18.0688
   -7.5000  -45.0000    0.000011286.6523   18.7628
    0.0000  -45.0000    0.000011681.7617   18.7520
    7.5000  -45.0000    0.000011045.8604   18.7224
   -7.5000  -37.5000    0.000012064.2695   18.7728
    0.0000  -37.5000    0.000012478.4570   18.7612
    7.5000  -37.5000    0.000011798.7988   18.7322
   -7.5000  -30.0000    0.000013311.5361   18.7901
    0.0000  -30.0000    0.000013762.1875   18.7860
    7.5000  -30.0000    0.000013004.8506   18.7642
   -7.5000  -22.5000    0.000014516.3193   18.7890
    0.0000  -22.5000    0.000015006.4961   18.7942
    7.5000  -22.5000    0.000014182.7051   18.7795
   -7.5000  -15.0000    0.000015588.6504   18.7757
    0.0000  -15.0000    0.000016120.5371   18.7827
    7.5000  -15.0000    0.000015230.3936   18.7679
   -7.5000   -7.5000    0.000016624.3848   18.7626
    0.0000   -7.5000    0.000017220.9082   18.7613
    7.5000   -7.5000    0.000016168.6016   18.7388
   -7.5000    0.0000    0.000017461.7090   18.7587
    0.0000    0.0000    0.000018099.8672   18.7479
    7.5000    0.0000    0.000016943.7656   18.7183
   -7.5000    7.5000    0.000016819.4453   18.7728
    0.0000    7.5000    0.000017444.1289   18.7612
    7.5000    7.5000    0.000016337.6807   18.7322
   -7.5000   15.0000    0.000015944.3164   18.7901
    0.0000   15.0000    0.000016537.8906   18.7860
    7.5000   15.0000    0.000015584.3682   18.7642
   -7.5000   22.5000    0.000014939.8994   18.7803
    0.0000   22.5000    0.000015552.6631   18.7855
    7.5000   22.5000    0.000014700.5088   18.7708
   -7.5000   30.0000    0.000013920.6885   18.5327
    0.0000   30.0000    0.000014508.5557   18.5396
    7.5000   30.0000    0.000013731.7354   18.5250
   -7.5000   37.5000    0.000013314.4062   18.5198
    0.0000   37.5000    0.000013848.0244   18.5185
    7.5000   37.5000    0.000013104.2422   18.4963
   -7.5000   45.0000    0.000012157.2363   18.0907
    0.0000   45.0000    0.000012612.1045   18.0803
    7.5000   45.0000    0.000011928.1963   18.0518
   -7.5000  -45.0000    7.500010938.0986   18.7417
    0.0000  -45.0000    7.500011305.0840   18.7303
    7.5000  -45.0000    7.500010681.4336   18.7075
   -7.5000  -37.5000    7.500011719.2988   18.7455
    0.0000  -37.5000    7.500012109.2158   18.7367
    7.5000  -37.5000    7.500011424.3340   18.7138
   -7.5000  -30.0000    7.500013020.1377   18.7576
    0.0000  -30.0000    7.500013470.3135   18.7578
    7.5000  -30.0000    7.500012671.6748   18.7392
   -7.5000  -22.5000    7.500014413.9062   18.7580
    0.0000  -22.5000    7.500014926.6475   18.7650
    7.5000  -22.5000    7.500013903.7598   18.7510
   -7.5000  -15.0000    7.500015719.7959   18.7503
    0.0000  -15.0000    7.500016324.9941   18.7554
    7.5000  -15.0000    7.500014998.1152   18.7416
   -7.5000   -7.5000    7.500016706.1680   18.7420
    0.0000   -7.5000    7.500017401.7168   18.7376
    7.5000   -7.5000    7.500015929.8027   18.7193
   -7.5000    0.0000    7.500017214.4531   18.7376
    0.0000    0.0000    7.500017859.8789   18.7262
    7.5000    0.0000    7.500016558.1270   18.7035
   -7.5000    7.5000    7.500016459.1895   18.7455
    0.0000    7.5000    7.500017036.1621   18.7367
    7.5000    7.5000    7.500015890.3115   18.7138
   -7.5000   15.0000    7.500015664.4863   18.7576
    0.0000   15.0000    7.500016252.7891   18.7578
    7.5000   15.0000    7.500015164.1650   18.7392
   -7.5000   22.5000    7.500014777.3467   18.7493
    0.0000   22.5000    7.500015387.5586   18.7563
    7.5000   22.5000    7.500014338.4922   18.7424
   -7.5000   30.0000    7.500013781.2715   18.5076
    0.0000   30.0000    7.500014340.4326   18.5127
    7.5000   30.0000    7.500013396.6152   18.4990
   -7.5000   37.5000    7.500013195.0732   18.4994
    0.0000   37.5000    7.500013695.9873   18.4951
    7.5000   37.5000    7.500012816.9219   18.4770
   -7.5000   45.0000    7.500012023.6416   18.0709
    0.0000   45.0000    7.500012453.9463   18.0601
    7.5000   45.0000    7.500011664.1689   18.0381
   -7.5000  -45.0000   15.000010514.3760   18.7557
    0.0000  -45.0000   15.000010878.0400   18.7532
    7.5000  -45.0000   15.000010237.4199   18.7445
   -7.5000  -37.5000   15.000011265.6992   18.7588
    0.0000  -37.5000   15.000011657.5918   18.7601
    7.5000  -37.5000   15.000010944.7598   18.7507
   -7.5000  -30.0000   15.000012518.6992   18.7671
    0.0000  -30.0000   15.000012980.6855   18.7759
    7.5000  -30.0000   15.000012090.6973   18.7687
   -7.5000  -22.5000   15.000014059.3740   18.7644
    0.0000  -22.5000   15.000014613.3086   18.7771
    7.5000  -22.5000   15.000013271.5508   18.7727
   -7.5000  -15.0000   15.000015665.1787   18.7563
    0.0000  -15.0000   15.000016308.6885   18.7652
    7.5000  -15.0000   15.000014423.0830   18.7610
   -7.5000   -7.5000   15.000016617.5977   18.7517
    0.0000   -7.5000   15.000017266.8613   18.7530
    7.5000   -7.5000   15.000015397.4736   18.7466
   -7.5000    0.0000   15.000016882.2988   18.7515
    0.0000    0.0000   15.000017475.1602   18.7491
    7.5000    0.0000   15.000015938.8496   18.7404
   -7.5000    7.5000   15.000016033.4238   18.7588
    0.0000    7.5000   15.000016622.6621   18.7601
    7.5000    7.5000   15.000015263.1885   18.7507
   -7.5000   15.0000   15.000015220.5205   18.7671
    0.0000   15.0000   15.000015834.4717   18.7759
    7.5000   15.0000   15.000014547.7979   18.7687
   -7.5000   22.5000   15.000014336.1318   18.7557
    0.0000   22.5000   15.000014945.3184   18.7684
    7.5000   22.5000   15.000013772.4336   18.7641
   -7.5000   30.0000   15.000013333.0996   18.5135
    0.0000   30.0000   15.000013878.3740   18.5224
    7.5000   30.0000   15.000012853.6357   18.5182
   -7.5000   37.5000   15.000012740.9053   18.5090
    0.0000   37.5000   15.000013225.4004   18.5103
    7.5000   37.5000   15.000012291.6172   18.5040
   -7.5000   45.0000   15.000011607.9863   18.0850
    0.0000   45.0000   15.000012039.0293   18.0828
    7.5000   45.0000   15.000011183.0195   18.0743
   -7.5000  -45.0000   22.500010028.2012   18.8038
    0.0000  -45.0000   22.500010387.0508   18.8100
    7.5000  -45.0000   22.5000 9704.0352   18.8075
   -7.5000  -37.5000   22.500010766.0234   18.8145
    0.0000  -37.5000   22.500011146.3271   18.8221
    7.5000  -37.5000   22.500010348.3096   18.8193
   -7.5000  -30.0000   22.500011983.7578   18.8268
    0.0000  -30.0000   22.500012409.0791   18.8388
    7.5000  -30.0000   22.500011416.5225   18.8391
   -7.5000  -22.5000   22.500013402.4785   18.8195
    0.0000  -22.5000   22.500013888.3223   18.8347
    7.5000  -22.5000   22.500012538.4580   18.8388
   -7.5000  -15.0000   22.500014837.3135   18.8028
    0.0000  -15.0000   22.500015384.3027   18.8165
    7.5000  -15.0000   22.500013622.1660   18.8207
   -7.5000   -7.5000   22.500015806.3975   18.7952
    0.0000   -7.5000   22.500016316.1279   18.8045
    7.5000   -7.5000   22.500014573.1279   18.8051
   -7.5000    0.0000   22.500016146.6143   18.7996
    0.0000    0.0000   22.500016700.9219   18.8058
    7.5000    0.0000   22.500015166.4746   18.8034
   -7.5000    7.5000   22.500015378.1904   18.8145
    0.0000    7.5000   22.500015999.4648   18.8221
    7.5000    7.5000   22.500014617.1514   18.8193
   -7.5000   15.0000   22.500014547.6787   18.8268
    0.0000   15.0000   22.500015171.7539   18.8388
    7.5000   15.0000   22.500013919.1221   18.8391
   -7.5000   22.5000   22.500013624.4863   18.8108
    0.0000   22.5000   22.500014217.5068   18.8260
    7.5000   22.5000   22.500013104.7266   18.8301
   -7.5000   30.0000   22.500012666.5703   18.5595
    0.0000   30.0000   22.500013199.5029   18.5730
    7.5000   30.0000   22.500012193.1670   18.5771
   -7.5000   37.5000   22.500012097.9473   18.5519
    0.0000   37.5000   22.500012572.7100   18.5611
    7.5000   37.5000   22.500011654.1650   18.5618
   -7.5000   45.0000   22.500011024.4297   18.1312
    0.0000   45.0000   22.500011461.5039   18.1372
    7.5000   45.0000   22.500010610.9014   18.1348
   -7.5000  -45.0000   30.0000 9461.1309   18.8563
    0.0000  -45.0000   30.0000 9779.2930   18.8639
    7.5000  -45.0000   30.0000 9127.0059   18.8546
   -7.5000  -37.5000   30.000010136.2988   18.8734
    0.0000  -37.5000   30.000010493.8389   18.8792
    7.5000  -37.5000   30.0000 9757.1543   18.8710
   -7.5000  -30.0000   30.000011203.9883   18.8895
    0.0000  -30.0000   30.000011603.5713   18.8980
    7.5000  -30.0000   30.000010782.7471   18.8960
   -7.5000  -22.5000   30.000012347.0957   18.8787
    0.0000  -22.5000   30.000012839.0332   18.8920
    7.5000  -22.5000   30.000011810.7686   18.8961
   -7.5000  -15.0000   30.000013427.1680   18.8551
    0.0000  -15.0000   30.000013999.9561   18.8705
    7.5000  -15.0000   30.000012761.4102   18.8741
   -7.5000   -7.5000   30.000014192.3086   18.8446
    0.0000   -7.5000   30.000014772.3643   18.8570
    7.5000   -7.5000   30.000013548.8301   18.8534
   -7.5000    0.0000   30.000014686.9580   18.8521
    0.0000    0.0000   30.000015324.4736   18.8596
    7.5000    0.0000   30.000014134.7812   18.8504
   -7.5000    7.5000   30.000014171.9482   18.8734
    0.0000    7.5000   30.000014855.2080   18.8792
    7.5000    7.5000   30.000013671.4961   18.8710
   -7.5000   15.0000   30.000013543.1270   18.8895
    0.0000   15.0000   30.000014184.6641   18.8980
    7.5000   15.0000   30.000013061.5264   18.8960
   -7.5000   22.5000   30.000012706.4004   18.8700
    0.0000   22.5000   30.000013296.0576   18.8833
    7.5000   22.5000   30.000012271.5703   18.8874
   -7.5000   30.0000   30.000011809.8408   18.6111
    0.0000   30.0000   30.000012336.9531   18.6263
    7.5000   30.0000   30.000011407.1914   18.6298
   -7.5000   37.5000   30.000011272.0254   18.6007
    0.0000   37.5000   30.000011743.5518   18.6130
    7.5000   37.5000   30.000010900.5967   18.6094
   -7.5000   45.0000   30.000010251.1934   18.1812
    0.0000   45.0000   30.000010682.8906   18.1885
    7.5000   45.0000   30.0000 9946.9980   18.1796
   -7.5000  -45.0000   37.5000 9093.1250   18.9850
    0.0000  -45.0000   37.5000 9418.9561   18.9853
    7.5000  -45.0000   37.5000 8820.5322   18.9635
   -7.5000  -37.5000   37.5000 9709.7012   19.0009
    0.0000  -37.5000   37.500010059.7197   18.9986
    7.5000  -37.5000   37.5000 9441.8682   18.9783
   -7.5000  -30.0000   37.500010685.8164   19.0189
    0.0000  -30.0000   37.500011070.0879   19.0210
    7.5000  -30.0000   37.500010421.4951   19.0091
   -7.5000  -22.5000   37.500011713.0215   19.0115
    0.0000  -22.5000   37.500012144.9961   19.0216
    7.5000  -22.5000   37.500011405.4473   19.0173
   -7.5000  -15.0000   37.500012660.1445   18.9905
    0.0000  -15.0000   37.500013125.2061   19.0043
    7.5000  -15.0000   37.500012284.8936   18.9991
   -7.5000   -7.5000   37.500013370.7129   18.9777
    0.0000   -7.5000   37.500013891.6484   18.9861
    7.5000   -7.5000   37.500013031.1904   18.9717
   -7.5000    0.0000   37.500013908.0430   18.9808
    0.0000    0.0000   37.500014491.3311   18.9811
    7.5000    0.0000   37.500013594.8564   18.9593
   -7.5000    7.5000   37.500013455.6992   19.0009
    0.0000    7.5000   37.500014052.2744   18.9986
    7.5000    7.5000   37.500013141.5557   18.9783
   -7.5000   15.0000   37.500012932.5127   19.0189
    0.0000   15.0000   37.500013488.9570   19.0210
    7.5000   15.0000   37.500012588.1631   19.0091
   -7.5000   22.5000   37.500012175.7041   19.0027
    0.0000   22.5000   37.500012680.4834   19.0128
    7.5000   22.5000   37.500011840.9268   19.0086
   -7.5000   30.0000   37.500011309.8779   18.7447
    0.0000   30.0000   37.500011791.9873   18.7583
    7.5000   30.0000   37.500010998.1982   18.7532
   -7.5000   37.5000   37.500010801.3311   18.7321
    0.0000   37.5000   37.500011263.8721   18.7403
    7.5000   37.5000   37.500010515.6807   18.7262
   -7.5000   45.0000   37.5000 9810.5381   18.3049
    0.0000   45.0000   37.500010235.4551   18.3052
    7.5000   45.0000   37.5000 9577.7930   18.2842
   -7.5000  -45.0000   45.0000 8347.3965   19.2713
    0.0000  -45.0000   45.0000 8652.5605   19.2614
    7.5000  -45.0000   45.0000 8151.1201   19.2304
   -7.5000  -37.5000   45.0000 8918.5732   19.2816
    0.0000  -37.5000   45.0000 9216.3184   19.2710
    7.5000  -37.5000   45.0000 8720.7441   19.2406
   -7.5000  -30.0000   45.0000 9822.4863   19.3002
    0.0000  -30.0000   45.000010160.0107   19.2975
    7.5000  -30.0000   45.0000 9633.0449   19.2747
   -7.5000  -22.5000   45.000010747.4160   19.2994
    0.0000  -22.5000   45.000011132.2090   19.3066
    7.5000  -22.5000   45.000010537.3740   19.2913
   -7.5000  -15.0000   45.000011596.7529   19.2857
    0.0000  -15.0000   45.000012004.2324   19.2948
    7.5000  -15.0000   45.000011331.3027   19.2793
   -7.5000   -7.5000   45.000012277.9600   19.2716
    0.0000   -7.5000   45.000012724.7461   19.2718
    7.5000   -7.5000   45.000012011.9609   19.2482
   -7.5000    0.0000   45.000012769.4805   19.2669
    0.0000    0.0000   45.000013272.4150   19.2571
    7.5000    0.0000   45.000012514.9609   19.2261
   -7.5000    7.5000   45.000012325.2930   19.2816
    0.0000    7.5000   45.000012840.9951   19.2710
    7.5000    7.5000   45.000012092.4951   19.2406
   -7.5000   15.0000   45.000011834.8877   19.3002
    0.0000   15.0000   45.000012329.7969   19.2975
    7.5000   15.0000   45.000011603.6982   19.2747
   -7.5000   22.5000   45.000011181.6719   19.2905
    0.0000   22.5000   45.000011648.0791   19.2976
    7.5000   22.5000   45.000010932.0312   19.2823
   -7.5000   30.0000   45.000010397.7451   19.0344
    0.0000   30.0000   45.000010843.1973   19.0434
    7.5000   30.0000   45.000010152.3281   19.0281
   -7.5000   37.5000   45.0000 9926.4521   19.0206
    0.0000   37.5000   45.000010330.7783   19.0207
    7.5000   37.5000   45.0000 9702.0049   18.9974
   -7.5000   45.0000   45.0000 9016.1963   18.5895
    0.0000   45.0000   45.0000 9390.3203   18.5801
    7.5000   45.0000   45.0000 8826.0352   18.5502

---------------------------------------------------------------------
imgreg_4dfp /opt/freesurfer/average/711-2C_as_mni_average_305 /opt/freesurfer/average/711-2B_as_mni_average_305_mask talsrcimg_g11 none talsrcimg_to_711-2C_as_mni_average_305_t4 4355
---------------------------------------------------------------------

freesurfer imgreg_4dfp.c
/opt/freesurfer/average/711-2C_as_mni_average_305.4dfp.img
       256       256       256         1
  1.000000  1.000000  1.000000
orientation T byte_order littleendian
Reading image: /opt/freesurfer/average/711-2C_as_mni_average_305.4dfp.img
dimensions:      256       256       256
mmppix:       1.0000   -1.0000   -1.0000
center:     128.0000 -129.0000 -129.0000
/opt/freesurfer/average/711-2B_as_mni_average_305_mask.4dfp.img
       256       256       256         1
  1.000000  1.000000  1.000000
orientation T byte_order littleendian
Reading mask: /opt/freesurfer/average/711-2B_as_mni_average_305_mask.4dfp.img (2306576 pixels)
talsrcimg_g11.4dfp.img
       256       256       256         1
  1.000000  1.000000  1.000000
orientation T byte_order littleendian
Reading image: talsrcimg_g11.4dfp.img
dimensions:      256       256       256
mmppix:       1.0000   -1.0000   -1.0000
center:     128.0000 -129.0000 -129.0000
rotation matrix determinant  1.000000
image alignment mode   4355 decimal     1103 hex
   -7.5000  -45.0000  -45.0000 2155.7012   21.5100
    0.0000  -45.0000  -45.0000 2148.2090   21.5974
    7.5000  -45.0000  -45.0000 2119.1179   21.8988
   -7.5000  -37.5000  -45.0000 2235.1523   19.9200
    0.0000  -37.5000  -45.0000 2227.9275   19.9848
    7.5000  -37.5000  -45.0000 2197.2322   20.2982
   -7.5000  -30.0000  -45.0000 2274.5913   18.8472
    0.0000  -30.0000  -45.0000 2266.3438   18.9410
    7.5000  -30.0000  -45.0000 2241.2397   19.2297
   -7.5000  -22.5000  -45.0000 2300.3193   18.2004
    0.0000  -22.5000  -45.0000 2293.5032   18.2903
    7.5000  -22.5000  -45.0000 2269.8337   18.5906
   -7.5000  -15.0000  -45.0000 2310.5142   17.8437
    0.0000  -15.0000  -45.0000 2304.4722   17.9207
    7.5000  -15.0000  -45.0000 2280.3086   18.2309
   -7.5000   -7.5000  -45.0000 2314.2407   17.7751
    0.0000   -7.5000  -45.0000 2311.9165   17.8444
    7.5000   -7.5000  -45.0000 2281.2424   18.1225
   -7.5000    0.0000  -45.0000 2305.8171   17.9590
    0.0000    0.0000  -45.0000 2302.1982   17.9940
    7.5000    0.0000  -45.0000 2267.7246   18.2546
   -7.5000    7.5000  -45.0000 2276.3840   18.3531
    0.0000    7.5000  -45.0000 2272.0771   18.4005
    7.5000    7.5000  -45.0000 2239.8442   18.6768
   -7.5000   15.0000  -45.0000 2232.0029   19.0896
    0.0000   15.0000  -45.0000 2229.1609   19.1107
    7.5000   15.0000  -45.0000 2198.3782   19.4163
   -7.5000   22.5000  -45.0000 2174.7048   20.1702
    0.0000   22.5000  -45.0000 2169.8403   20.2243
    7.5000   22.5000  -45.0000 2141.3462   20.5724
   -7.5000   30.0000  -45.0000 2093.5984   21.5937
    0.0000   30.0000  -45.0000 2091.7117   21.6550
    7.5000   30.0000  -45.0000 2062.5659   22.0853
   -7.5000   37.5000  -45.0000 1995.0315   23.4914
    0.0000   37.5000  -45.0000 1996.3585   23.5654
    7.5000   37.5000  -45.0000 1970.1250   24.1128
   -7.5000   45.0000  -45.0000 1886.1132   26.1218
    0.0000   45.0000  -45.0000 1885.7264   26.1882
    7.5000   45.0000  -45.0000 1861.9521   26.7617
   -7.5000  -45.0000  -37.5000 2230.8191   20.0756
    0.0000  -45.0000  -37.5000 2227.4023   20.1900
    7.5000  -45.0000  -37.5000 2201.2344   20.4282
   -7.5000  -37.5000  -37.5000 2316.5879   18.5043
    0.0000  -37.5000  -37.5000 2307.9275   18.5669
    7.5000  -37.5000  -37.5000 2281.6506   18.8985
   -7.5000  -30.0000  -37.5000 2367.0798   17.4981
    0.0000  -30.0000  -37.5000 2358.0579   17.5953
    7.5000  -30.0000  -37.5000 2328.3562   17.8683
   -7.5000  -22.5000  -37.5000 2399.6145   16.8365
    0.0000  -22.5000  -37.5000 2389.4507   16.9481
    7.5000  -22.5000  -37.5000 2359.5305   17.2102
   -7.5000  -15.0000  -37.5000 2416.7656   16.4882
    0.0000  -15.0000  -37.5000 2409.1372   16.5696
    7.5000  -15.0000  -37.5000 2375.7363   16.8391
   -7.5000   -7.5000  -37.5000 2419.7983   16.3422
    0.0000   -7.5000  -37.5000 2415.0325   16.3857
    7.5000   -7.5000  -37.5000 2385.5767   16.6700
   -7.5000    0.0000  -37.5000 2414.0669   16.4544
    0.0000    0.0000  -37.5000 2411.3096   16.4835
    7.5000    0.0000  -37.5000 2379.1433   16.7586
   -7.5000    7.5000  -37.5000 2384.8882   16.8098
    0.0000    7.5000  -37.5000 2384.3835   16.8440
    7.5000    7.5000  -37.5000 2352.7954   17.1222
   -7.5000   15.0000  -37.5000 2343.4878   17.5153
    0.0000   15.0000  -37.5000 2339.0701   17.5450
    7.5000   15.0000  -37.5000 2306.1675   17.8065
   -7.5000   22.5000  -37.5000 2278.3352   18.5098
    0.0000   22.5000  -37.5000 2274.0876   18.5560
    7.5000   22.5000  -37.5000 2242.6689   18.8296
   -7.5000   30.0000  -37.5000 2195.1685   19.8300
    0.0000   30.0000  -37.5000 2189.9443   19.8744
    7.5000   30.0000  -37.5000 2158.6824   20.1984
   -7.5000   37.5000  -37.5000 2090.2380   21.5284
    0.0000   37.5000  -37.5000 2089.2129   21.5909
    7.5000   37.5000  -37.5000 2065.0596   22.0044
   -7.5000   45.0000  -37.5000 1975.9957   23.8634
    0.0000   45.0000  -37.5000 1972.5454   23.9121
    7.5000   45.0000  -37.5000 1951.4951   24.3848
   -7.5000  -45.0000  -30.0000 2348.3777   19.6140
    0.0000  -45.0000  -30.0000 2339.6919   19.6668
    7.5000  -45.0000  -30.0000 2313.2793   19.8900
   -7.5000  -37.5000  -30.0000 2430.6187   17.9858
    0.0000  -37.5000  -30.0000 2421.8452   18.0338
    7.5000  -37.5000  -30.0000 2396.6848   18.2947
   -7.5000  -30.0000  -30.0000 2494.5815   16.8776
    0.0000  -30.0000  -30.0000 2484.2830   16.9621
    7.5000  -30.0000  -30.0000 2455.7234   17.2027
   -7.5000  -22.5000  -30.0000 2537.6421   16.2009
    0.0000  -22.5000  -30.0000 2528.3032   16.2911
    7.5000  -22.5000  -30.0000 2499.2063   16.5428
   -7.5000  -15.0000  -30.0000 2562.3669   15.7930
    0.0000  -15.0000  -30.0000 2551.9768   15.8929
    7.5000  -15.0000  -30.0000 2522.0610   16.1709
   -7.5000   -7.5000  -30.0000 2570.9126   15.6716
    0.0000   -7.5000  -30.0000 2566.4121   15.7304
    7.5000   -7.5000  -30.0000 2532.7334   16.0114
   -7.5000    0.0000  -30.0000 2567.1958   15.7955
    0.0000    0.0000  -30.0000 2563.1279   15.8460
    7.5000    0.0000  -30.0000 2524.6616   16.1113
   -7.5000    7.5000  -30.0000 2537.6179   16.1056
    0.0000    7.5000  -30.0000 2534.7573   16.1672
    7.5000    7.5000  -30.0000 2493.6543   16.4099
   -7.5000   15.0000  -30.0000 2492.7993   16.7328
    0.0000   15.0000  -30.0000 2488.7383   16.7937
    7.5000   15.0000  -30.0000 2445.8564   17.0449
   -7.5000   22.5000  -30.0000 2420.2729   17.6172
    0.0000   22.5000  -30.0000 2419.9729   17.7328
    7.5000   22.5000  -30.0000 2385.9185   17.9441
   -7.5000   30.0000  -30.0000 2330.9014   18.8504
    0.0000   30.0000  -30.0000 2327.4492   18.9430
    7.5000   30.0000  -30.0000 2293.2932   19.1940
   -7.5000   37.5000  -30.0000 2219.0151   20.4774
    0.0000   37.5000  -30.0000 2218.8020   20.5907
    7.5000   37.5000  -30.0000 2187.4478   20.8678
   -7.5000   45.0000  -30.0000 2096.9751   22.6622
    0.0000   45.0000  -30.0000 2100.5205   22.7556
    7.5000   45.0000  -30.0000 2070.6982   23.0977
   -7.5000  -45.0000  -22.5000 2447.4158   19.0831
    0.0000  -45.0000  -22.5000 2437.0771   19.1349
    7.5000  -45.0000  -22.5000 2399.7346   19.4066
   -7.5000  -37.5000  -22.5000 2528.5132   17.4402
    0.0000  -37.5000  -22.5000 2519.7278   17.4753
    7.5000  -37.5000  -22.5000 2487.5205   17.7257
   -7.5000  -30.0000  -22.5000 2607.3494   16.2297
    0.0000  -30.0000  -22.5000 2599.9155   16.2611
    7.5000  -30.0000  -22.5000 2565.5430   16.4984
   -7.5000  -22.5000  -22.5000 2652.6624   15.4932
    0.0000  -22.5000  -22.5000 2647.7876   15.5325
    7.5000  -22.5000  -22.5000 2616.6570   15.7739
   -7.5000  -15.0000  -22.5000 2684.8826   15.0503
    0.0000  -15.0000  -22.5000 2677.2957   15.1050
    7.5000  -15.0000  -22.5000 2650.4094   15.3297
   -7.5000   -7.5000  -22.5000 2697.0466   14.9283
    0.0000   -7.5000  -22.5000 2690.7327   14.9621
    7.5000   -7.5000  -22.5000 2656.3186   15.2272
   -7.5000    0.0000  -22.5000 2694.0398   15.0283
    0.0000    0.0000  -22.5000 2689.1338   15.0680
    7.5000    0.0000  -22.5000 2649.1851   15.3351
   -7.5000    7.5000  -22.5000 2663.6201   15.3374
    0.0000    7.5000  -22.5000 2665.6672   15.4110
    7.5000    7.5000  -22.5000 2624.3101   15.6527
   -7.5000   15.0000  -22.5000 2618.9861   15.9249
    0.0000   15.0000  -22.5000 2619.5178   15.9826
    7.5000   15.0000  -22.5000 2578.5557   16.2643
   -7.5000   22.5000  -22.5000 2548.7913   16.7480
    0.0000   22.5000  -22.5000 2552.0027   16.8347
    7.5000   22.5000  -22.5000 2515.5730   17.0736
   -7.5000   30.0000  -22.5000 2450.7078   17.8679
    0.0000   30.0000  -22.5000 2453.8274   17.9486
    7.5000   30.0000  -22.5000 2416.0127   18.2304
   -7.5000   37.5000  -22.5000 2332.6580   19.4132
    0.0000   37.5000  -22.5000 2331.1760   19.5009
    7.5000   37.5000  -22.5000 2303.2949   19.8006
   -7.5000   45.0000  -22.5000 2202.7131   21.5016
    0.0000   45.0000  -22.5000 2207.5015   21.5519
    7.5000   45.0000  -22.5000 2178.5667   21.8803
   -7.5000  -45.0000  -15.0000 2499.7380   18.5163
    0.0000  -45.0000  -15.0000 2491.2068   18.5834
    7.5000  -45.0000  -15.0000 2456.0984   18.8977
   -7.5000  -37.5000  -15.0000 2587.3618   16.8791
    0.0000  -37.5000  -15.0000 2580.6802   16.9000
    7.5000  -37.5000  -15.0000 2548.5684   17.1524
   -7.5000  -30.0000  -15.0000 2673.3440   15.6227
    0.0000  -30.0000  -15.0000 2669.3848   15.6469
    7.5000  -30.0000  -15.0000 2639.1936   15.8706
   -7.5000  -22.5000  -15.0000 2727.7004   14.7787
    0.0000  -22.5000  -15.0000 2725.2009   14.7848
    7.5000  -22.5000  -15.0000 2698.1833   15.0204
   -7.5000  -15.0000  -15.0000 2764.0437   14.2519
    0.0000  -15.0000  -15.0000 2759.1851   14.2748
    7.5000  -15.0000  -15.0000 2730.3223   14.5070
   -7.5000   -7.5000  -15.0000 2784.1775   14.0877
    0.0000   -7.5000  -15.0000 2775.7732   14.1187
    7.5000   -7.5000  -15.0000 2746.0862   14.3627
   -7.5000    0.0000  -15.0000 2782.1079   14.1984
    0.0000    0.0000  -15.0000 2777.4714   14.2216
    7.5000    0.0000  -15.0000 2745.4702   14.4801
   -7.5000    7.5000  -15.0000 2760.3655   14.5376
    0.0000    7.5000  -15.0000 2764.6387   14.5786
    7.5000    7.5000  -15.0000 2724.3611   14.8228
   -7.5000   15.0000  -15.0000 2715.8816   15.1515
    0.0000   15.0000  -15.0000 2719.0566   15.1725
    7.5000   15.0000  -15.0000 2682.0999   15.4301
   -7.5000   22.5000  -15.0000 2641.5093   15.8869
    0.0000   22.5000  -15.0000 2645.8601   15.9281
    7.5000   22.5000  -15.0000 2614.7849   16.1950
   -7.5000   30.0000  -15.0000 2541.5581   16.9353
    0.0000   30.0000  -15.0000 2542.1379   17.0056
    7.5000   30.0000  -15.0000 2509.9001   17.2880
   -7.5000   37.5000  -15.0000 2419.9304   18.4186
    0.0000   37.5000  -15.0000 2421.6750   18.4367
    7.5000   37.5000  -15.0000 2390.7126   18.7520
   -7.5000   45.0000  -15.0000 2276.2349   20.4253
    0.0000   45.0000  -15.0000 2277.9800   20.4238
    7.5000   45.0000  -15.0000 2256.1160   20.7776
   -7.5000  -45.0000   -7.5000 2525.5312   17.9663
    0.0000  -45.0000   -7.5000 2522.2776   18.0081
    7.5000  -45.0000   -7.5000 2489.5801   18.2978
   -7.5000  -37.5000   -7.5000 2620.0269   16.3366
    0.0000  -37.5000   -7.5000 2618.0378   16.3588
    7.5000  -37.5000   -7.5000 2590.3030   16.6231
   -7.5000  -30.0000   -7.5000 2702.3557   15.0337
    0.0000  -30.0000   -7.5000 2703.4277   15.0686
    7.5000  -30.0000   -7.5000 2674.0608   15.3124
   -7.5000  -22.5000   -7.5000 2777.3347   14.1177
    0.0000  -22.5000   -7.5000 2774.2842   14.1143
    7.5000  -22.5000   -7.5000 2747.3689   14.3667
   -7.5000  -15.0000   -7.5000 2819.8159   13.4888
    0.0000  -15.0000   -7.5000 2814.5471   13.5245
    7.5000  -15.0000   -7.5000 2784.5645   13.8188
   -7.5000   -7.5000   -7.5000 2851.2437   13.2722
    0.0000   -7.5000   -7.5000 2844.2983   13.2941
    7.5000   -7.5000   -7.5000 2810.3159   13.5970
   -7.5000    0.0000   -7.5000 2850.1995   13.3978
    0.0000    0.0000   -7.5000 2852.2849   13.3972
    7.5000    0.0000   -7.5000 2819.3042   13.6716
   -7.5000    7.5000   -7.5000 2832.3804   13.7430
    0.0000    7.5000   -7.5000 2839.2947   13.7620
    7.5000    7.5000   -7.5000 2798.5537   14.0028
   -7.5000   15.0000   -7.5000 2784.3359   14.3344
    0.0000   15.0000   -7.5000 2790.9875   14.3523
    7.5000   15.0000   -7.5000 2756.4675   14.6030
   -7.5000   22.5000   -7.5000 2712.3176   15.0546
    0.0000   22.5000   -7.5000 2716.2793   15.0707
    7.5000   22.5000   -7.5000 2686.7134   15.3818
   -7.5000   30.0000   -7.5000 2610.0005   16.0593
    0.0000   30.0000   -7.5000 2606.4878   16.0809
    7.5000   30.0000   -7.5000 2577.7502   16.4322
   -7.5000   37.5000   -7.5000 2483.0334   17.5206
    0.0000   37.5000   -7.5000 2485.0503   17.5402
    7.5000   37.5000   -7.5000 2456.0286   17.9137
   -7.5000   45.0000   -7.5000 2338.0830   19.4436
    0.0000   45.0000   -7.5000 2339.3335   19.5096
    7.5000   45.0000   -7.5000 2309.7712   19.8859
   -7.5000  -45.0000    0.0000 2523.3625   17.5799
    0.0000  -45.0000    0.0000 2520.3601   17.6403
    7.5000  -45.0000    0.0000 2497.2913   17.9519
   -7.5000  -37.5000    0.0000 2621.2327   16.0032
    0.0000  -37.5000    0.0000 2622.9905   16.0250
    7.5000  -37.5000    0.0000 2600.6892   16.2889
   -7.5000  -30.0000    0.0000 2710.8889   14.7609
    0.0000  -30.0000    0.0000 2714.4773   14.7719
    7.5000  -30.0000    0.0000 2692.5532   15.0243
   -7.5000  -22.5000    0.0000 2792.1699   13.7448
    0.0000  -22.5000    0.0000 2799.6729   13.7669
    7.5000  -22.5000    0.0000 2777.0869   14.0154
   -7.5000  -15.0000    0.0000 2847.2888   13.0940
    0.0000  -15.0000    0.0000 2851.0813   13.1081
    7.5000  -15.0000    0.0000 2829.4585   13.4065
   -7.5000   -7.5000    0.0000 2883.5256   12.7532
    0.0000   -7.5000    0.0000 2884.4089   12.7898
    7.5000   -7.5000    0.0000 2859.1890   13.1245
   -7.5000    0.0000    0.0000 2886.6772   12.7840
    0.0000    0.0000    0.0000 2890.0039   12.8152
    7.5000    0.0000    0.0000 2861.3022   13.1256
   -7.5000    7.5000    0.0000 2871.5259   13.1192
    0.0000    7.5000    0.0000 2878.1101   13.1467
    7.5000    7.5000    0.0000 2841.5525   13.4094
   -7.5000   15.0000    0.0000 2824.8235   13.6245
    0.0000   15.0000    0.0000 2829.9875   13.6620
    7.5000   15.0000    0.0000 2802.7253   13.9905
   -7.5000   22.5000    0.0000 2753.4326   14.3617
    0.0000   22.5000    0.0000 2759.7927   14.3924
    7.5000   22.5000    0.0000 2736.3389   14.7974
   -7.5000   30.0000    0.0000 2649.3013   15.4302
    0.0000   30.0000    0.0000 2651.4568   15.4896
    7.5000   30.0000    0.0000 2631.2014   15.9386
   -7.5000   37.5000    0.0000 2525.6196   16.9158
    0.0000   37.5000    0.0000 2528.5952   16.9851
    7.5000   37.5000    0.0000 2505.6680   17.4138
   -7.5000   45.0000    0.0000 2380.2188   18.8146
    0.0000   45.0000    0.0000 2382.9399   18.8885
    7.5000   45.0000    0.0000 2359.7532   19.3054
   -7.5000  -45.0000    7.5000 2510.6860   17.5797
    0.0000  -45.0000    7.5000 2508.7612   17.5956
    7.5000  -45.0000    7.5000 2483.0369   17.8406
   -7.5000  -37.5000    7.5000 2617.5981   15.9895
    0.0000  -37.5000    7.5000 2616.0608   15.9964
    7.5000  -37.5000    7.5000 2595.3557   16.2061
   -7.5000  -30.0000    7.5000 2713.4836   14.7413
    0.0000  -30.0000    7.5000 2717.5588   14.7609
    7.5000  -30.0000    7.5000 2700.7671   14.9109
   -7.5000  -22.5000    7.5000 2808.4275   13.7959
    0.0000  -22.5000    7.5000 2817.0657   13.8227
    7.5000  -22.5000    7.5000 2790.2214   13.9126
   -7.5000  -15.0000    7.5000 2869.1599   13.1206
    0.0000  -15.0000    7.5000 2880.7327   13.1696
    7.5000  -15.0000    7.5000 2847.8970   13.2548
   -7.5000   -7.5000    7.5000 2902.7119   12.6863
    0.0000   -7.5000    7.5000 2915.1992   12.7471
    7.5000   -7.5000    7.5000 2878.4834   12.9175
   -7.5000    0.0000    7.5000 2899.3486   12.4948
    0.0000    0.0000    7.5000 2909.7380   12.5582
    7.5000    0.0000    7.5000 2877.9248   12.8247
   -7.5000    7.5000    7.5000 2881.6936   12.6685
    0.0000    7.5000    7.5000 2888.6350   12.6898
    7.5000    7.5000    7.5000 2858.0215   13.0046
   -7.5000   15.0000    7.5000 2847.0806   13.1716
    0.0000   15.0000    7.5000 2850.9792   13.1587
    7.5000   15.0000    7.5000 2825.2104   13.5438
   -7.5000   22.5000    7.5000 2777.5190   14.0066
    0.0000   22.5000    7.5000 2790.4617   14.0473
    7.5000   22.5000    7.5000 2761.6177   14.4043
   -7.5000   30.0000    7.5000 2677.5679   15.1644
    0.0000   30.0000    7.5000 2682.9636   15.2151
    7.5000   30.0000    7.5000 2662.7397   15.5927
   -7.5000   37.5000    7.5000 2559.1106   16.6928
    0.0000   37.5000    7.5000 2563.3911   16.7140
    7.5000   37.5000    7.5000 2539.9697   17.0845
   -7.5000   45.0000    7.5000 2418.2620   18.6207
    0.0000   45.0000    7.5000 2419.5510   18.6374
    7.5000   45.0000    7.5000 2392.6211   19.0307
   -7.5000  -45.0000   15.0000 2482.3811   17.8199
    0.0000  -45.0000   15.0000 2478.4749   17.8941
    7.5000  -45.0000   15.0000 2461.7102   18.0332
   -7.5000  -37.5000   15.0000 2598.9028   16.1764
    0.0000  -37.5000   15.0000 2596.5559   16.2347
    7.5000  -37.5000   15.0000 2578.5059   16.3285
   -7.5000  -30.0000   15.0000 2701.5537   14.9265
    0.0000  -30.0000   15.0000 2708.2246   14.9787
    7.5000  -30.0000   15.0000 2687.8347   15.0244
   -7.5000  -22.5000   15.0000 2795.4116   14.0933
    0.0000  -22.5000   15.0000 2808.1562   14.1507
    7.5000  -22.5000   15.0000 2777.4304   14.0836
   -7.5000  -15.0000   15.0000 2884.7649   13.6145
    0.0000  -15.0000   15.0000 2901.1528   13.6726
    7.5000  -15.0000   15.0000 2852.2512   13.4147
   -7.5000   -7.5000   15.0000 2932.4983   13.1706
    0.0000   -7.5000   15.0000 2944.0142   13.1966
    7.5000   -7.5000   15.0000 2879.2209   13.0022
   -7.5000    0.0000   15.0000 2912.2754   12.5253
    0.0000    0.0000   15.0000 2919.3840   12.5920
    7.5000    0.0000   15.0000 2876.1531   12.7623
   -7.5000    7.5000   15.0000 2885.1370   12.5383
    0.0000    7.5000   15.0000 2890.8542   12.5308
    7.5000    7.5000   15.0000 2861.5872   12.8877
   -7.5000   15.0000   15.0000 2851.1526   13.0585
    0.0000   15.0000   15.0000 2868.6890   13.0962
    7.5000   15.0000   15.0000 2834.3286   13.3988
   -7.5000   22.5000   15.0000 2788.2686   13.9774
    0.0000   22.5000   15.0000 2806.4946   14.0212
    7.5000   22.5000   15.0000 2778.1006   14.3088
   -7.5000   30.0000   15.0000 2686.2473   15.1908
    0.0000   30.0000   15.0000 2694.3005   15.2320
    7.5000   30.0000   15.0000 2672.7483   15.5161
   -7.5000   37.5000   15.0000 2568.9512   16.7025
    0.0000   37.5000   15.0000 2568.3721   16.7174
    7.5000   37.5000   15.0000 2546.1133   17.0325
   -7.5000   45.0000   15.0000 2431.6360   18.6177
    0.0000   45.0000   15.0000 2434.8523   18.6155
    7.5000   45.0000   15.0000 2399.3418   18.9363
   -7.5000  -45.0000   22.5000 2439.8115   18.2828
    0.0000  -45.0000   22.5000 2437.8198   18.4002
    7.5000  -45.0000   22.5000 2428.1968   18.4381
   -7.5000  -37.5000   22.5000 2562.0776   16.6696
    0.0000  -37.5000   22.5000 2561.3638   16.7771
    7.5000  -37.5000   22.5000 2540.5955   16.7212
   -7.5000  -30.0000   22.5000 2674.7251   15.4911
    0.0000  -30.0000   22.5000 2677.9983   15.5736
    7.5000  -30.0000   22.5000 2645.9375   15.4564
   -7.5000  -22.5000   22.5000 2781.2930   14.6693
    0.0000  -22.5000   22.5000 2788.3833   14.7468
    7.5000  -22.5000   22.5000 2746.5325   14.4942
   -7.5000  -15.0000   22.5000 2877.3560   14.0706
    0.0000  -15.0000   22.5000 2886.9226   14.1565
    7.5000  -15.0000   22.5000 2829.2766   13.7953
   -7.5000   -7.5000   22.5000 2930.9824   13.5706
    0.0000   -7.5000   22.5000 2936.5134   13.6290
    7.5000   -7.5000   22.5000 2864.5259   13.3965
   -7.5000    0.0000   22.5000 2927.6829   12.9774
    0.0000    0.0000   22.5000 2923.3557   12.9539
    7.5000    0.0000   22.5000 2878.8955   13.1240
   -7.5000    7.5000   22.5000 2901.4468   12.9498
    0.0000    7.5000   22.5000 2909.1001   12.9849
    7.5000    7.5000   22.5000 2866.6487   13.1960
   -7.5000   15.0000   22.5000 2850.6528   13.4210
    0.0000   15.0000   22.5000 2861.8562   13.4501
    7.5000   15.0000   22.5000 2827.3171   13.6763
   -7.5000   22.5000   22.5000 2777.4929   14.2083
    0.0000   22.5000   22.5000 2789.0664   14.2339
    7.5000   22.5000   22.5000 2761.5425   14.5008
   -7.5000   30.0000   22.5000 2676.3403   15.3445
    0.0000   30.0000   22.5000 2681.8894   15.3722
    7.5000   30.0000   22.5000 2659.1487   15.6376
   -7.5000   37.5000   22.5000 2553.5581   16.8362
    0.0000   37.5000   22.5000 2554.4150   16.8769
    7.5000   37.5000   22.5000 2533.7629   17.1074
   -7.5000   45.0000   22.5000 2416.9919   18.7797
    0.0000   45.0000   22.5000 2420.7180   18.8112
    7.5000   45.0000   22.5000 2390.0750   19.0528
   -7.5000  -45.0000   30.0000 2395.3193   19.0903
    0.0000  -45.0000   30.0000 2389.0200   19.2203
    7.5000  -45.0000   30.0000 2372.6182   19.2473
   -7.5000  -37.5000   30.0000 2513.1995   17.4361
    0.0000  -37.5000   30.0000 2513.8643   17.5380
    7.5000  -37.5000   30.0000 2489.3525   17.4885
   -7.5000  -30.0000   30.0000 2623.6091   16.1149
    0.0000  -30.0000   30.0000 2624.0837   16.2185
    7.5000  -30.0000   30.0000 2597.8850   16.1444
   -7.5000  -22.5000   30.0000 2728.7375   15.0816
    0.0000  -22.5000   30.0000 2727.2026   15.2015
    7.5000  -22.5000   30.0000 2701.5686   15.0849
   -7.5000  -15.0000   30.0000 2818.7871   14.3310
    0.0000  -15.0000   30.0000 2824.5913   14.4480
    7.5000  -15.0000   30.0000 2786.3120   14.3141
   -7.5000   -7.5000   30.0000 2873.7163   13.7844
    0.0000   -7.5000   30.0000 2868.7642   13.8020
    7.5000   -7.5000   30.0000 2824.2617   13.8681
   -7.5000    0.0000   30.0000 2883.8552   13.3652
    0.0000    0.0000   30.0000 2880.7834   13.4128
    7.5000    0.0000   30.0000 2835.5398   13.5834
   -7.5000    7.5000   30.0000 2875.0417   13.4994
    0.0000    7.5000   30.0000 2880.9678   13.5468
    7.5000    7.5000   30.0000 2833.1514   13.6988
   -7.5000   15.0000   30.0000 2821.2112   14.0232
    0.0000   15.0000   30.0000 2830.8308   14.0679
    7.5000   15.0000   30.0000 2786.0679   14.2091
   -7.5000   22.5000   30.0000 2742.3962   14.7764
    0.0000   22.5000   30.0000 2753.2476   14.7963
    7.5000   22.5000   30.0000 2715.3193   14.9859
   -7.5000   30.0000   30.0000 2643.7993   15.8224
    0.0000   30.0000   30.0000 2650.1206   15.8349
    7.5000   30.0000   30.0000 2615.9846   16.0840
   -7.5000   37.5000   30.0000 2517.3457   17.2707
    0.0000   37.5000   30.0000 2522.2817   17.2878
    7.5000   37.5000   30.0000 2497.4448   17.5642
   -7.5000   45.0000   30.0000 2374.8311   19.1615
    0.0000   45.0000   30.0000 2380.8423   19.1596
    7.5000   45.0000   30.0000 2363.3596   19.4150
   -7.5000  -45.0000   37.5000 2335.6597   20.0317
    0.0000  -45.0000   37.5000 2328.6567   20.1133
    7.5000  -45.0000   37.5000 2316.0000   20.2282
   -7.5000  -37.5000   37.5000 2456.9900   18.2018
    0.0000  -37.5000   37.5000 2455.8442   18.2876
    7.5000  -37.5000   37.5000 2443.8796   18.3682
   -7.5000  -30.0000   37.5000 2560.9304   16.7597
    0.0000  -30.0000   37.5000 2561.0459   16.8511
    7.5000  -30.0000   37.5000 2549.4106   16.9306
   -7.5000  -22.5000   37.5000 2660.7861   15.6405
    0.0000  -22.5000   37.5000 2654.0571   15.7041
    7.5000  -22.5000   37.5000 2644.8374   15.7858
   -7.5000  -15.0000   37.5000 2749.1165   14.8119
    0.0000  -15.0000   37.5000 2739.5986   14.8392
    7.5000  -15.0000   37.5000 2725.6091   14.9784
   -7.5000   -7.5000   37.5000 2798.3652   14.2197
    0.0000   -7.5000   37.5000 2796.7822   14.2448
    7.5000   -7.5000   37.5000 2768.3477   14.4684
   -7.5000    0.0000   37.5000 2810.3259   13.9702
    0.0000    0.0000   37.5000 2809.9939   14.0338
    7.5000    0.0000   37.5000 2778.2566   14.2533
   -7.5000    7.5000   37.5000 2798.9622   14.1452
    0.0000    7.5000   37.5000 2804.5547   14.2108
    7.5000    7.5000   37.5000 2765.3174   14.3821
   -7.5000   15.0000   37.5000 2761.1528   14.6906
    0.0000   15.0000   37.5000 2764.2129   14.7316
    7.5000   15.0000   37.5000 2724.0195   14.8875
   -7.5000   22.5000   37.5000 2687.1799   15.4742
    0.0000   22.5000   37.5000 2693.6040   15.4850
    7.5000   22.5000   37.5000 2659.6294   15.6918
   -7.5000   30.0000   37.5000 2590.4854   16.5369
    0.0000   30.0000   37.5000 2600.6487   16.5220
    7.5000   30.0000   37.5000 2564.1162   16.7613
   -7.5000   37.5000   37.5000 2469.9465   17.8921
    0.0000   37.5000   37.5000 2477.2976   17.8931
    7.5000   37.5000   37.5000 2449.7476   18.1666
   -7.5000   45.0000   37.5000 2328.2551   19.7186
    0.0000   45.0000   37.5000 2329.4802   19.7436
    7.5000   45.0000   37.5000 2314.7451   19.9996
   -7.5000  -45.0000   45.0000 2267.0068   21.0701
    0.0000  -45.0000   45.0000 2260.5969   21.0748
    7.5000  -45.0000   45.0000 2257.1338   21.3105
   -7.5000  -37.5000   45.0000 2390.9023   19.0861
    0.0000  -37.5000   45.0000 2385.6892   19.0762
    7.5000  -37.5000   45.0000 2382.6096   19.3075
   -7.5000  -30.0000   45.0000 2495.2351   17.5564
    0.0000  -30.0000   45.0000 2488.9043   17.5629
    7.5000  -30.0000   45.0000 2485.8713   17.8201
   -7.5000  -22.5000   45.0000 2588.4634   16.3965
    0.0000  -22.5000   45.0000 2579.9648   16.3842
    7.5000  -22.5000   45.0000 2579.0320   16.6547
   -7.5000  -15.0000   45.0000 2663.2827   15.5016
    0.0000  -15.0000   45.0000 2658.5173   15.5172
    7.5000  -15.0000   45.0000 2645.0986   15.7772
   -7.5000   -7.5000   45.0000 2717.3723   14.9237
    0.0000   -7.5000   45.0000 2712.2495   14.9649
    7.5000   -7.5000   45.0000 2690.9150   15.1949
   -7.5000    0.0000   45.0000 2722.0696   14.7379
    0.0000    0.0000   45.0000 2720.7061   14.7626
    7.5000    0.0000   45.0000 2694.4849   14.9926
   -7.5000    7.5000   45.0000 2704.8770   14.9522
    0.0000    7.5000   45.0000 2709.5925   14.9821
    7.5000    7.5000   45.0000 2678.4075   15.1974
   -7.5000   15.0000   45.0000 2666.6606   15.4640
    0.0000   15.0000   45.0000 2671.8394   15.5210
    7.5000   15.0000   45.0000 2640.8530   15.7392
   -7.5000   22.5000   45.0000 2609.6216   16.2349
    0.0000   22.5000   45.0000 2615.9792   16.2412
    7.5000   22.5000   45.0000 2581.7852   16.4937
   -7.5000   30.0000   45.0000 2522.1396   17.3105
    0.0000   30.0000   45.0000 2537.4541   17.3394
    7.5000   30.0000   45.0000 2500.5981   17.5719
   -7.5000   37.5000   45.0000 2405.3303   18.6945
    0.0000   37.5000   45.0000 2412.3132   18.7426
    7.5000   37.5000   45.0000 2387.0308   19.0084
   -7.5000   45.0000   45.0000 2266.4395   20.5050
    0.0000   45.0000   45.0000 2272.5764   20.5451
    7.5000   45.0000   45.0000 2247.6548   20.8491

---------------------------------------------------------------------
imgreg_4dfp /opt/freesurfer/average/711-2C_as_mni_average_305 /opt/freesurfer/average/711-2B_as_mni_average_305_mask talsrcimg_g11 none talsrcimg_to_711-2C_as_mni_average_305_t4 1283
---------------------------------------------------------------------

freesurfer imgreg_4dfp.c
/opt/freesurfer/average/711-2C_as_mni_average_305.4dfp.img
       256       256       256         1
  1.000000  1.000000  1.000000
orientation T byte_order littleendian
Reading image: /opt/freesurfer/average/711-2C_as_mni_average_305.4dfp.img
dimensions:      256       256       256
mmppix:       1.0000   -1.0000   -1.0000
center:     128.0000 -129.0000 -129.0000
/opt/freesurfer/average/711-2B_as_mni_average_305_mask.4dfp.img
       256       256       256         1
  1.000000  1.000000  1.000000
orientation T byte_order littleendian
Reading mask: /opt/freesurfer/average/711-2B_as_mni_average_305_mask.4dfp.img (2306576 pixels)
talsrcimg_g11.4dfp.img
       256       256       256         1
  1.000000  1.000000  1.000000
orientation T byte_order littleendian
Reading image: talsrcimg_g11.4dfp.img
dimensions:      256       256       256
mmppix:       1.0000   -1.0000   -1.0000
center:     128.0000 -129.0000 -129.0000
rotation matrix determinant  1.000000
fimgreg.f
image alignment mode   1283 decimal      503 hex
parameters
    0.0000   -7.5000   15.0000    0.0000    0.0000    0.0000
eta,q 0.92483 13.29836
niter,ni,del,rscale     5    3   12.0000    1.2000
parameter  1  1.204909 ->  0.500000 qaram    1.1500
parameter  3 -0.507744 -> -0.500000 qaram    1.1500
parameter  4 -3.564756 ->  0.500000 qaram    1.1500
parameter  6  0.647115 ->  0.500000 qaram    1.1500
parameters
   -3.4500   -6.3747   18.4500   -3.4500   -2.2411   -3.4500
eta,q 0.93798 13.47333
  0.0741  0.0779  0.0904  0.0601  0.0656  0.0625
  0.0717  0.0753  0.0853  0.0630  0.0634  0.0620
  0.0750  0.0736  0.0768  0.0657  0.0629  0.0623
  0.0803  0.0718  0.0709  0.0674  0.0637  0.0629
  0.0847  0.0705  0.0674  0.0699  0.0664  0.0635
  0.0899  0.0714  0.0684  0.0716  0.0702  0.0643
  0.0950  0.0756  0.0722  0.0734  0.0752  0.0656
niter,ni,del,rscale     7    3   12.0000    1.2000
parameters
   -2.9044   -3.8279   17.8324   -6.2337   -2.5590   -1.0181
eta,q 0.94254 13.26461
  0.0838  0.0744  0.0778  0.0595  0.0642  0.0662
  0.0742  0.0699  0.0648  0.0592  0.0598  0.0627
  0.0664  0.0658  0.0574  0.0582  0.0587  0.0601
  0.0620  0.0617  0.0593  0.0578  0.0584  0.0585
  0.0634  0.0594  0.0667  0.0611  0.0588  0.0575
  0.0697  0.0599  0.0743  0.0674  0.0614  0.0578
  0.0786  0.0638  0.0786  0.0736  0.0653  0.0599
niter,ni,del,rscale     6    3   12.0000    1.2000
parameters
   -2.5937   -4.1896   17.5435   -6.6628   -2.7536   -0.9931
eta,q 0.94342 13.29168
  0.0785  0.0676  0.0748  0.0615  0.0637  0.0618
  0.0690  0.0612  0.0627  0.0596  0.0591  0.0592
  0.0618  0.0573  0.0555  0.0578  0.0569  0.0577
  0.0575  0.0572  0.0570  0.0564  0.0566  0.0566
  0.0581  0.0595  0.0616  0.0561  0.0572  0.0569
  0.0655  0.0635  0.0672  0.0589  0.0599  0.0590
  0.0765  0.0697  0.0744  0.0653  0.0646  0.0621
niter,ni,del,rscale     5    3   12.0000    1.2000
parameters
   -2.5436   -4.2641   17.4194   -6.6292   -2.8355   -1.0302
eta,q 0.94378 13.29217
  0.0768  0.0686  0.0750  0.0621  0.0638  0.0614
  0.0671  0.0617  0.0632  0.0598  0.0592  0.0588
  0.0605  0.0571  0.0558  0.0579  0.0565  0.0573
  0.0566  0.0565  0.0565  0.0562  0.0562  0.0562
  0.0577  0.0588  0.0610  0.0557  0.0569  0.0566
  0.0660  0.0626  0.0659  0.0578  0.0595  0.0587
  0.0776  0.0684  0.0735  0.0640  0.0642  0.0618
niter,ni,del,rscale     4    3   12.0000    1.2000
parameters
   -2.5279   -4.2992   17.3994   -6.6154   -2.8658   -1.0343
eta,q 0.94386 13.29409
  0.0765  0.0687  0.0756  0.0621  0.0640  0.0614
  0.0667  0.0618  0.0637  0.0598  0.0593  0.0587
  0.0602  0.0569  0.0559  0.0579  0.0565  0.0572
  0.0562  0.0562  0.0562  0.0561  0.0561  0.0561
  0.0575  0.0585  0.0608  0.0557  0.0569  0.0565
  0.0659  0.0624  0.0656  0.0579  0.0594  0.0586
  0.0777  0.0683  0.0731  0.0640  0.0640  0.0617
registration optimization eta report
parameter search radius
    6.9000    6.0000    6.9000    6.9000    6.0000    6.9000
100000*second partial in parameter space
       43.       34.       38.       15.       22.       11.
  0.0765  0.0687  0.0756  0.0621  0.0640  0.0614
  0.0667  0.0618  0.0637  0.0598  0.0593  0.0587
  0.0602  0.0569  0.0559  0.0579  0.0565  0.0572
  0.0562  0.0562  0.0562  0.0561  0.0561  0.0561
  0.0575  0.0585  0.0608  0.0557  0.0569  0.0565
  0.0659  0.0624  0.0656  0.0579  0.0594  0.0586
  0.0777  0.0683  0.0731  0.0640  0.0640  0.0617
   -2.5279   -4.2992   17.3994   -6.6154   -2.8658   -1.0343
eta,q 0.94386 13.29409

---------------------------------------------------------------------
imgreg_4dfp /opt/freesurfer/average/711-2C_as_mni_average_305 /opt/freesurfer/average/711-2B_as_mni_average_305_mask talsrcimg_g11 none talsrcimg_to_711-2C_as_mni_average_305_t4 3335
---------------------------------------------------------------------

freesurfer imgreg_4dfp.c
/opt/freesurfer/average/711-2C_as_mni_average_305.4dfp.img
       256       256       256         1
  1.000000  1.000000  1.000000
orientation T byte_order littleendian
Reading image: /opt/freesurfer/average/711-2C_as_mni_average_305.4dfp.img
dimensions:      256       256       256
mmppix:       1.0000   -1.0000   -1.0000
center:     128.0000 -129.0000 -129.0000
/opt/freesurfer/average/711-2B_as_mni_average_305_mask.4dfp.img
       256       256       256         1
  1.000000  1.000000  1.000000
orientation T byte_order littleendian
Reading mask: /opt/freesurfer/average/711-2B_as_mni_average_305_mask.4dfp.img (2306576 pixels)
talsrcimg_g11.4dfp.img
       256       256       256         1
  1.000000  1.000000  1.000000
orientation T byte_order littleendian
Reading image: talsrcimg_g11.4dfp.img
dimensions:      256       256       256
mmppix:       1.0000   -1.0000   -1.0000
center:     128.0000 -129.0000 -129.0000
fimgreg.f
image alignment mode   3335 decimal      D07 hex
parameters
   -2.5279   -4.2992   17.3994   -0.1413   -0.6716   -0.7900
    1.2171    5.1735   -1.8028   11.4289   -4.9997  -11.5060
eta,q 0.94333 13.44354
niter,ni,del,rscale     5    3    5.0000    1.2000
parameter  4  1.189259 ->  0.500000 qaram    1.1500
parameter  5  1.157827 ->  0.500000 qaram    1.1500
parameter  6  0.820673 ->  0.500000 qaram    1.1500
parameters
   -2.6115   -3.9538   17.1860   -4.2813   -4.8116   -4.9300
    1.6815    5.5159   -1.6991   11.2529   -5.8035  -12.9072
eta,q 0.95760 13.22956
  0.0605  0.0598  0.0592  0.0496  0.0439  0.0411  0.0448  0.0470  0.0440  0.0448  0.0437  0.0435
  0.0584  0.0583  0.0577  0.0503  0.0457  0.0422  0.0436  0.0447  0.0432  0.0436  0.0429  0.0428
  0.0570  0.0572  0.0568  0.0525  0.0478  0.0436  0.0429  0.0432  0.0427  0.0427  0.0425  0.0424
  0.0567  0.0567  0.0566  0.0566  0.0507  0.0462  0.0426  0.0425  0.0425  0.0425  0.0425  0.0425
  0.0573  0.0567  0.0572  0.0623  0.0548  0.0509  0.0426  0.0428  0.0426  0.0428  0.0428  0.0429
  0.0588  0.0573  0.0585  0.0687  0.0607  0.0594  0.0432  0.0440  0.0431  0.0437  0.0434  0.0436
  0.0610  0.0584  0.0603  0.0748  0.0676  0.0672  0.0443  0.0463  0.0440  0.0451  0.0443  0.0446
niter,ni,del,rscale     7    3    5.0000    1.2000
parameter  2 -1.017587 -> -0.500000 qaram    1.1500
parameter  3  0.860585 ->  0.500000 qaram    1.1500
parameter  5  0.791420 ->  0.500000 qaram    1.3225
parameter  6  0.561173 ->  0.500000 qaram    1.3225
parameter 12  0.839219 ->  0.500000 qaram    1.1500
parameters
   -2.5994   -2.5738   15.8060   -7.7789   -9.5726   -9.6910
    1.3689    6.0531   -1.8994   13.1983   -6.4306  -17.0472
eta,q 0.96538 12.68193
  0.0452  0.0473  0.0398  0.0405  0.0366  0.0351  0.0372  0.0381  0.0368  0.0380  0.0359  0.0347
  0.0437  0.0454  0.0399  0.0400  0.0370  0.0353  0.0363  0.0368  0.0360  0.0368  0.0356  0.0346
  0.0427  0.0438  0.0402  0.0396  0.0381  0.0361  0.0356  0.0358  0.0356  0.0359  0.0354  0.0348
  0.0424  0.0424  0.0409  0.0399  0.0396  0.0373  0.0354  0.0354  0.0354  0.0354  0.0354  0.0354
  0.0427  0.0414  0.0421  0.0420  0.0421  0.0388  0.0357  0.0357  0.0356  0.0354  0.0355  0.0362
  0.0437  0.0408  0.0436  0.0464  0.0459  0.0433  0.0365  0.0363  0.0362  0.0356  0.0358  0.0372
  0.0451  0.0408  0.0453  0.0525  0.0516  0.0520  0.0376  0.0374  0.0369  0.0362  0.0362  0.0384
niter,ni,del,rscale     7    3    5.0000    1.2000
parameter  2 -0.877227 -> -0.500000 qaram    1.3225
parameter 10 -1.082585 -> -0.500000 qaram    1.1500
parameters
   -2.4217   -0.9868   15.0204   -8.9383  -13.1841  -13.7513
    1.1183    6.2985   -2.0958   17.3383   -5.8859  -20.7684
eta,q 0.96924 12.39236
  0.0371  0.0402  0.0340  0.0347  0.0341  0.0328  0.0341  0.0344  0.0334  0.0356  0.0317  0.0314
  0.0358  0.0379  0.0334  0.0340  0.0330  0.0322  0.0331  0.0332  0.0327  0.0343  0.0315  0.0309
  0.0349  0.0360  0.0331  0.0336  0.0327  0.0322  0.0324  0.0323  0.0323  0.0331  0.0313  0.0308
  0.0346  0.0346  0.0332  0.0331  0.0333  0.0327  0.0321  0.0321  0.0321  0.0321  0.0312  0.0312
  0.0348  0.0337  0.0338  0.0331  0.0347  0.0341  0.0324  0.0324  0.0323  0.0315  0.0312  0.0319
  0.0354  0.0332  0.0347  0.0342  0.0371  0.0356  0.0333  0.0330  0.0328  0.0311  0.0313  0.0330
  0.0364  0.0331  0.0359  0.0372  0.0415  0.0408  0.0345  0.0341  0.0335  0.0309  0.0316  0.0342
niter,ni,del,rscale     7    3    5.0000    1.2000
parameter  2 -0.785684 -> -0.500000 qaram    1.5209
parameter  3  0.812927 ->  0.500000 qaram    1.3225
parameter 10 -1.600012 -> -0.500000 qaram    1.3225
parameters
   -2.3857    0.8382   13.4334   -9.3227  -15.2625  -17.3859
    0.8251    6.3859   -2.7852   22.0993   -5.5750  -23.0819
eta,q 0.97459 12.28516
  0.0329  0.0372  0.0284  0.0299  0.0303  0.0290  0.0300  0.0306  0.0291  0.0342  0.0262  0.0264
  0.0316  0.0346  0.0284  0.0291  0.0291  0.0283  0.0289  0.0292  0.0284  0.0319  0.0259  0.0257
  0.0309  0.0324  0.0287  0.0287  0.0284  0.0280  0.0282  0.0282  0.0281  0.0298  0.0257  0.0254
  0.0308  0.0308  0.0293  0.0284  0.0285  0.0283  0.0280  0.0280  0.0280  0.0280  0.0256  0.0256
  0.0310  0.0297  0.0303  0.0282  0.0293  0.0295  0.0283  0.0282  0.0282  0.0264  0.0256  0.0262
  0.0316  0.0293  0.0315  0.0288  0.0309  0.0313  0.0291  0.0290  0.0288  0.0253  0.0258  0.0271
  0.0327  0.0294  0.0331  0.0308  0.0338  0.0337  0.0304  0.0304  0.0296  0.0248  0.0261  0.0282
niter,ni,del,rscale     7    3    5.0000    1.2000
parameter  3  0.537190 ->  0.500000 qaram    1.5209
parameter 10 -0.772954 -> -0.500000 qaram    1.5209
parameter 12  0.665693 ->  0.500000 qaram    1.3225
parameters
   -2.3598    2.6489   11.6084   -9.1668  -17.0570  -18.9432
    0.5858    6.4867   -2.7197   27.5745   -4.5012  -27.8429
eta,q 0.97909 12.33059
  0.0278  0.0336  0.0243  0.0256  0.0259  0.0258  0.0261  0.0271  0.0253  0.0316  0.0224  0.0213
  0.0264  0.0301  0.0239  0.0246  0.0245  0.0246  0.0248  0.0254  0.0245  0.0286  0.0221  0.0209
  0.0256  0.0273  0.0239  0.0241  0.0238  0.0239  0.0240  0.0242  0.0239  0.0259  0.0218  0.0211
  0.0254  0.0254  0.0245  0.0239  0.0238  0.0237  0.0238  0.0238  0.0238  0.0238  0.0217  0.0217
  0.0257  0.0245  0.0256  0.0237  0.0245  0.0243  0.0241  0.0241  0.0239  0.0222  0.0217  0.0227
  0.0264  0.0246  0.0271  0.0241  0.0260  0.0259  0.0250  0.0252  0.0244  0.0216  0.0218  0.0240
  0.0277  0.0255  0.0292  0.0259  0.0287  0.0279  0.0264  0.0270  0.0253  0.0222  0.0221  0.0254
niter,ni,del,rscale     7    3    5.0000    1.2000
parameters
   -2.4658    2.9072   10.5047   -8.6790  -17.8480  -18.0740
    0.1870    6.4502   -2.8359   29.1120   -4.9117  -30.6013
eta,q 0.98016 12.41715
  0.0236  0.0271  0.0222  0.0230  0.0239  0.0249  0.0230  0.0245  0.0225  0.0282  0.0207  0.0214
  0.0221  0.0238  0.0211  0.0217  0.0221  0.0228  0.0216  0.0224  0.0214  0.0248  0.0204  0.0203
  0.0212  0.0217  0.0206  0.0210  0.0209  0.0214  0.0207  0.0209  0.0206  0.0221  0.0202  0.0198
  0.0209  0.0209  0.0209  0.0206  0.0205  0.0205  0.0204  0.0204  0.0204  0.0204  0.0201  0.0201
  0.0213  0.0214  0.0220  0.0204  0.0212  0.0206  0.0209  0.0209  0.0207  0.0203  0.0202  0.0211
  0.0224  0.0230  0.0237  0.0209  0.0228  0.0219  0.0220  0.0223  0.0214  0.0220  0.0205  0.0226
  0.0241  0.0255  0.0261  0.0229  0.0254  0.0236  0.0236  0.0247  0.0226  0.0252  0.0209  0.0242
niter,ni,del,rscale     6    3    5.0000    1.2000
parameters
   -2.5081    2.8641   10.2116   -8.8333  -18.6748  -17.7661
    0.1113    6.5032   -2.9892   29.7605   -5.4908  -31.4131
eta,q 0.98032 12.41397
  0.0229  0.0254  0.0230  0.0222  0.0234  0.0244  0.0227  0.0241  0.0219  0.0271  0.0204  0.0224
  0.0212  0.0222  0.0211  0.0210  0.0216  0.0222  0.0211  0.0219  0.0208  0.0237  0.0200  0.0207
  0.0201  0.0204  0.0201  0.0203  0.0203  0.0206  0.0201  0.0203  0.0200  0.0212  0.0198  0.0198
  0.0198  0.0198  0.0198  0.0198  0.0198  0.0198  0.0198  0.0198  0.0198  0.0198  0.0197  0.0197
  0.0202  0.0206  0.0205  0.0196  0.0206  0.0202  0.0202  0.0202  0.0201  0.0202  0.0198  0.0204
  0.0213  0.0227  0.0219  0.0205  0.0222  0.0216  0.0212  0.0216  0.0209  0.0223  0.0202  0.0216
  0.0231  0.0254  0.0241  0.0231  0.0252  0.0241  0.0228  0.0241  0.0221  0.0259  0.0206  0.0232
niter,ni,del,rscale     5    3    5.0000    1.2000
parameters
   -2.5163    2.8750   10.1530   -8.7158  -18.9903  -17.6766
    0.1341    6.5630   -3.0652   29.9822   -5.6778  -31.6898
eta,q 0.98037 12.42088
  0.0228  0.0254  0.0234  0.0222  0.0236  0.0243  0.0226  0.0241  0.0219  0.0266  0.0204  0.0227
  0.0211  0.0223  0.0214  0.0210  0.0217  0.0221  0.0211  0.0217  0.0207  0.0232  0.0200  0.0209
  0.0200  0.0203  0.0201  0.0202  0.0203  0.0205  0.0200  0.0202  0.0199  0.0208  0.0197  0.0199
  0.0197  0.0197  0.0197  0.0197  0.0197  0.0197  0.0197  0.0197  0.0197  0.0197  0.0196  0.0196
  0.0200  0.0205  0.0202  0.0194  0.0202  0.0201  0.0200  0.0201  0.0200  0.0203  0.0197  0.0202
  0.0211  0.0224  0.0215  0.0202  0.0218  0.0215  0.0210  0.0216  0.0207  0.0226  0.0200  0.0213
  0.0229  0.0252  0.0236  0.0228  0.0245  0.0245  0.0226  0.0240  0.0220  0.0263  0.0205  0.0229
niter,ni,del,rscale     4    3    5.0000    1.2000
parameters
   -2.5175    2.8876   10.1422   -8.7121  -19.0896  -17.6375
    0.1519    6.5936   -3.0932   30.0590   -5.7175  -31.7708
eta,q 0.98037 12.42178
  0.0228  0.0254  0.0234  0.0222  0.0238  0.0243  0.0226  0.0241  0.0219  0.0264  0.0205  0.0229
  0.0211  0.0222  0.0214  0.0210  0.0218  0.0221  0.0210  0.0217  0.0207  0.0231  0.0200  0.0209
  0.0200  0.0202  0.0201  0.0202  0.0203  0.0205  0.0200  0.0202  0.0199  0.0207  0.0197  0.0199
  0.0196  0.0196  0.0196  0.0196  0.0196  0.0196  0.0196  0.0196  0.0196  0.0196  0.0196  0.0196
  0.0200  0.0204  0.0201  0.0194  0.0201  0.0201  0.0200  0.0201  0.0199  0.0204  0.0197  0.0201
  0.0211  0.0224  0.0214  0.0202  0.0216  0.0215  0.0210  0.0216  0.0207  0.0227  0.0200  0.0212
  0.0228  0.0251  0.0235  0.0229  0.0243  0.0246  0.0226  0.0241  0.0219  0.0265  0.0205  0.0228
niter,ni,del,rscale     3    3    5.0000    1.2000
parameters
   -2.5162    2.8922   10.1397   -8.7063  -19.1193  -17.6280
    0.1596    6.6030   -3.1025   30.0824   -5.7367  -31.7952
eta,q 0.98037 12.42237
  0.0228  0.0254  0.0235  0.0222  0.0238  0.0243  0.0226  0.0240  0.0219  0.0264  0.0205  0.0229
  0.0211  0.0222  0.0214  0.0210  0.0219  0.0221  0.0210  0.0217  0.0207  0.0231  0.0200  0.0210
  0.0200  0.0202  0.0201  0.0202  0.0204  0.0204  0.0200  0.0202  0.0199  0.0207  0.0197  0.0199
  0.0196  0.0196  0.0196  0.0196  0.0196  0.0196  0.0196  0.0196  0.0196  0.0196  0.0196  0.0196
  0.0200  0.0204  0.0201  0.0194  0.0201  0.0201  0.0200  0.0201  0.0199  0.0204  0.0197  0.0201
  0.0211  0.0224  0.0214  0.0202  0.0216  0.0215  0.0210  0.0216  0.0207  0.0228  0.0200  0.0212
  0.0228  0.0251  0.0235  0.0230  0.0242  0.0247  0.0226  0.0241  0.0219  0.0265  0.0205  0.0227
registration optimization eta report
parameter search radius
    2.4000    3.6501    3.6501    8.2800    9.5220    9.5220
    7.2000    7.2000    7.2000   10.9503    7.2000    9.5220
100000*second partial in parameter space
       55.       42.       29.        4.        5.        5.
        6.        9.        4.        6.        2.        4.
  0.0228  0.0254  0.0235  0.0222  0.0238  0.0243  0.0226  0.0240  0.0219  0.0264  0.0205  0.0229
  0.0211  0.0222  0.0214  0.0210  0.0219  0.0221  0.0210  0.0217  0.0207  0.0231  0.0200  0.0210
  0.0200  0.0202  0.0201  0.0202  0.0204  0.0204  0.0200  0.0202  0.0199  0.0207  0.0197  0.0199
  0.0196  0.0196  0.0196  0.0196  0.0196  0.0196  0.0196  0.0196  0.0196  0.0196  0.0196  0.0196
  0.0200  0.0204  0.0201  0.0194  0.0201  0.0201  0.0200  0.0201  0.0199  0.0204  0.0197  0.0201
  0.0211  0.0224  0.0214  0.0202  0.0216  0.0215  0.0210  0.0216  0.0207  0.0228  0.0200  0.0212
  0.0228  0.0251  0.0235  0.0230  0.0242  0.0247  0.0226  0.0241  0.0219  0.0265  0.0205  0.0227
   -2.5162    2.8922   10.1397   -8.7063  -19.1193  -17.6280
    0.1596    6.6030   -3.1025   30.0824   -5.7367  -31.7952
eta,q 0.98037 12.42237

---------------------------------------------------------------------
imgreg_4dfp /opt/freesurfer/average/711-2C_as_mni_average_305 /opt/freesurfer/average/711-2B_as_mni_average_305_mask talsrcimg_g11 none talsrcimg_to_711-2C_as_mni_average_305_t4 2311
---------------------------------------------------------------------

freesurfer imgreg_4dfp.c
/opt/freesurfer/average/711-2C_as_mni_average_305.4dfp.img
       256       256       256         1
  1.000000  1.000000  1.000000
orientation T byte_order littleendian
Reading image: /opt/freesurfer/average/711-2C_as_mni_average_305.4dfp.img
dimensions:      256       256       256
mmppix:       1.0000   -1.0000   -1.0000
center:     128.0000 -129.0000 -129.0000
/opt/freesurfer/average/711-2B_as_mni_average_305_mask.4dfp.img
       256       256       256         1
  1.000000  1.000000  1.000000
orientation T byte_order littleendian
Reading mask: /opt/freesurfer/average/711-2B_as_mni_average_305_mask.4dfp.img (2306576 pixels)
talsrcimg_g11.4dfp.img
       256       256       256         1
  1.000000  1.000000  1.000000
orientation T byte_order littleendian
Reading image: talsrcimg_g11.4dfp.img
dimensions:      256       256       256
mmppix:       1.0000   -1.0000   -1.0000
center:     128.0000 -129.0000 -129.0000
fimgreg.f
image alignment mode   2311 decimal      907 hex
parameters
   -2.5162    2.8922   10.1397   -8.7063  -19.1193  -17.6280
    0.1596    6.6030   -3.1025   30.0824   -5.7367  -31.7952
eta,q 0.98037 12.42236
niter,ni,del,rscale     5    3    5.0000    0.8000
parameters
   -2.5192    2.8057   10.1429   -6.8607  -18.9921  -17.3699
    0.2398    6.5477   -3.1070   30.3857   -5.9191  -32.0886
eta,q 0.98066 12.55076
  0.0211  0.0207  0.0204  0.0207  0.0207  0.0210  0.0209  0.0216  0.0204  0.0211  0.0198  0.0201
  0.0203  0.0201  0.0200  0.0203  0.0200  0.0202  0.0200  0.0204  0.0198  0.0202  0.0195  0.0196
  0.0198  0.0197  0.0197  0.0200  0.0196  0.0196  0.0195  0.0196  0.0195  0.0196  0.0194  0.0194
  0.0196  0.0196  0.0196  0.0196  0.0194  0.0194  0.0194  0.0194  0.0194  0.0194  0.0193  0.0193
  0.0198  0.0198  0.0197  0.0194  0.0195  0.0195  0.0195  0.0196  0.0195  0.0195  0.0194  0.0195
  0.0203  0.0203  0.0200  0.0194  0.0199  0.0200  0.0200  0.0204  0.0198  0.0199  0.0196  0.0198
  0.0211  0.0210  0.0204  0.0199  0.0206  0.0207  0.0208  0.0217  0.0204  0.0208  0.0199  0.0203
niter,ni,del,rscale     4    3    5.0000    0.7000
parameters
   -2.5316    2.8098   10.2290   -7.1774  -19.0601  -17.1854
    0.2067    6.6130   -3.1110   30.4657   -6.0442  -32.0975
eta,q 0.98065 12.54311
  0.0206  0.0203  0.0201  0.0201  0.0203  0.0206  0.0205  0.0212  0.0202  0.0206  0.0197  0.0200
  0.0199  0.0198  0.0197  0.0198  0.0198  0.0200  0.0198  0.0202  0.0197  0.0200  0.0195  0.0196
  0.0195  0.0195  0.0194  0.0195  0.0195  0.0196  0.0195  0.0196  0.0195  0.0195  0.0194  0.0194
  0.0193  0.0193  0.0193  0.0193  0.0194  0.0194  0.0193  0.0193  0.0194  0.0194  0.0194  0.0194
  0.0195  0.0195  0.0194  0.0194  0.0195  0.0194  0.0195  0.0195  0.0195  0.0195  0.0194  0.0194
  0.0199  0.0198  0.0196  0.0198  0.0199  0.0198  0.0199  0.0201  0.0197  0.0199  0.0195  0.0196
  0.0206  0.0203  0.0199  0.0206  0.0204  0.0205  0.0205  0.0211  0.0202  0.0206  0.0197  0.0200
niter,ni,del,rscale     3    3    5.0000    0.6000
parameters
   -2.5326    2.8248   10.2535   -6.9998  -19.1102  -17.1530
    0.2185    6.6208   -3.1281   30.5044   -6.0938  -32.0858
eta,q 0.98066 12.55243
  0.0203  0.0201  0.0198  0.0200  0.0201  0.0203  0.0202  0.0207  0.0200  0.0203  0.0196  0.0198
  0.0198  0.0197  0.0196  0.0198  0.0197  0.0198  0.0197  0.0199  0.0196  0.0198  0.0194  0.0196
  0.0195  0.0194  0.0194  0.0195  0.0194  0.0195  0.0194  0.0195  0.0194  0.0195  0.0194  0.0194
  0.0194  0.0194  0.0194  0.0193  0.0193  0.0193  0.0193  0.0193  0.0193  0.0193  0.0193  0.0193
  0.0195  0.0194  0.0194  0.0193  0.0194  0.0194  0.0194  0.0195  0.0194  0.0194  0.0194  0.0194
  0.0198  0.0197  0.0196  0.0195  0.0197  0.0198  0.0197  0.0199  0.0196  0.0197  0.0195  0.0195
  0.0203  0.0200  0.0198  0.0200  0.0201  0.0203  0.0202  0.0206  0.0200  0.0203  0.0196  0.0198
niter,ni,del,rscale     2    3    5.0000    0.5000
parameters
   -2.5338    2.8252   10.2734   -6.8076  -19.1412  -17.1314
    0.2207    6.6181   -3.1284   30.5306   -6.0882  -32.0589
eta,q 0.98067 12.56191
  0.0200  0.0198  0.0197  0.0199  0.0199  0.0200  0.0199  0.0202  0.0198  0.0200  0.0195  0.0197
  0.0196  0.0196  0.0195  0.0196  0.0196  0.0196  0.0196  0.0197  0.0195  0.0197  0.0194  0.0195
  0.0194  0.0194  0.0194  0.0195  0.0194  0.0194  0.0194  0.0194  0.0194  0.0194  0.0193  0.0194
  0.0193  0.0193  0.0193  0.0193  0.0193  0.0193  0.0193  0.0193  0.0193  0.0193  0.0193  0.0193
  0.0194  0.0194  0.0194  0.0193  0.0194  0.0194  0.0194  0.0194  0.0194  0.0194  0.0193  0.0194
  0.0196  0.0196  0.0195  0.0195  0.0196  0.0196  0.0196  0.0197  0.0195  0.0196  0.0194  0.0195
  0.0200  0.0198  0.0197  0.0198  0.0199  0.0200  0.0199  0.0202  0.0198  0.0200  0.0195  0.0197
niter,ni,del,rscale     1    3    5.0000    0.4000
parameters
   -2.5326    2.8249   10.2868   -6.6623  -19.1446  -17.1105
    0.2194    6.6020   -3.1245   30.5439   -6.0826  -32.0354
eta,q 0.98068 12.56959
  0.0197  0.0196  0.0196  0.0197  0.0197  0.0198  0.0197  0.0199  0.0196  0.0198  0.0194  0.0195
  0.0195  0.0195  0.0194  0.0195  0.0195  0.0195  0.0195  0.0196  0.0194  0.0195  0.0194  0.0194
  0.0194  0.0194  0.0194  0.0194  0.0194  0.0194  0.0194  0.0194  0.0193  0.0194  0.0193  0.0193
  0.0193  0.0193  0.0193  0.0193  0.0193  0.0193  0.0193  0.0193  0.0193  0.0193  0.0193  0.0193
  0.0194  0.0194  0.0193  0.0193  0.0194  0.0194  0.0194  0.0194  0.0193  0.0194  0.0193  0.0193
  0.0195  0.0195  0.0194  0.0194  0.0195  0.0195  0.0195  0.0196  0.0194  0.0195  0.0194  0.0194
  0.0197  0.0196  0.0195  0.0196  0.0197  0.0198  0.0197  0.0199  0.0196  0.0198  0.0194  0.0195
registration optimization eta report
parameter search radius
    0.8000    0.8000    0.8000    2.4000    2.4000    2.4000
    2.4000    2.4000    2.4000    2.4000    2.4000    2.4000
100000*second partial in parameter space
       64.       49.       34.        6.        6.        8.
        6.       10.        5.        8.        2.        4.
  0.0197  0.0196  0.0196  0.0197  0.0197  0.0198  0.0197  0.0199  0.0196  0.0198  0.0194  0.0195
  0.0195  0.0195  0.0194  0.0195  0.0195  0.0195  0.0195  0.0196  0.0194  0.0195  0.0194  0.0194
  0.0194  0.0194  0.0194  0.0194  0.0194  0.0194  0.0194  0.0194  0.0193  0.0194  0.0193  0.0193
  0.0193  0.0193  0.0193  0.0193  0.0193  0.0193  0.0193  0.0193  0.0193  0.0193  0.0193  0.0193
  0.0194  0.0194  0.0193  0.0193  0.0194  0.0194  0.0194  0.0194  0.0193  0.0194  0.0193  0.0193
  0.0195  0.0195  0.0194  0.0194  0.0195  0.0195  0.0195  0.0196  0.0194  0.0195  0.0194  0.0194
  0.0197  0.0196  0.0195  0.0196  0.0197  0.0198  0.0197  0.0199  0.0196  0.0198  0.0194  0.0195
   -2.5326    2.8249   10.2868   -6.6623  -19.1446  -17.1105
    0.2194    6.6020   -3.1245   30.5439   -6.0826  -32.0354
eta,q 0.98068 12.56959

---------------------------------------------------------------------
imgreg_4dfp /opt/freesurfer/average/711-2C_as_mni_average_305 /opt/freesurfer/average/711-2B_as_mni_average_305_mask talsrcimg_g11 none talsrcimg_to_711-2C_as_mni_average_305_t4 2311
---------------------------------------------------------------------

freesurfer imgreg_4dfp.c
/opt/freesurfer/average/711-2C_as_mni_average_305.4dfp.img
       256       256       256         1
  1.000000  1.000000  1.000000
orientation T byte_order littleendian
Reading image: /opt/freesurfer/average/711-2C_as_mni_average_305.4dfp.img
dimensions:      256       256       256
mmppix:       1.0000   -1.0000   -1.0000
center:     128.0000 -129.0000 -129.0000
/opt/freesurfer/average/711-2B_as_mni_average_305_mask.4dfp.img
       256       256       256         1
  1.000000  1.000000  1.000000
orientation T byte_order littleendian
Reading mask: /opt/freesurfer/average/711-2B_as_mni_average_305_mask.4dfp.img (2306576 pixels)
talsrcimg_g11.4dfp.img
       256       256       256         1
  1.000000  1.000000  1.000000
orientation T byte_order littleendian
Reading image: talsrcimg_g11.4dfp.img
dimensions:      256       256       256
mmppix:       1.0000   -1.0000   -1.0000
center:     128.0000 -129.0000 -129.0000
fimgreg.f
image alignment mode   2311 decimal      907 hex
parameters
   -2.5326    2.8249   10.2868   -6.6623  -19.1446  -17.1105
    0.2194    6.6020   -3.1245   30.5439   -6.0826  -32.0354
eta,q 0.98068 12.56959
niter,ni,del,rscale     5    3    5.0000    0.8000
parameters
   -2.5269    2.8280   10.3020   -7.3515  -19.0954  -17.0633
    0.2098    6.6587   -3.1167   30.4522   -6.0421  -32.0513
eta,q 0.98063 12.53658
  0.0210  0.0206  0.0202  0.0202  0.0207  0.0209  0.0208  0.0217  0.0205  0.0209  0.0199  0.0202
  0.0201  0.0199  0.0197  0.0198  0.0200  0.0201  0.0200  0.0204  0.0199  0.0201  0.0196  0.0197
  0.0195  0.0195  0.0194  0.0195  0.0196  0.0196  0.0195  0.0196  0.0195  0.0196  0.0194  0.0195
  0.0193  0.0193  0.0193  0.0193  0.0194  0.0194  0.0194  0.0194  0.0194  0.0194  0.0194  0.0194
  0.0195  0.0195  0.0194  0.0195  0.0195  0.0195  0.0195  0.0196  0.0195  0.0196  0.0194  0.0195
  0.0201  0.0199  0.0197  0.0201  0.0200  0.0201  0.0200  0.0203  0.0199  0.0201  0.0196  0.0198
  0.0210  0.0205  0.0202  0.0213  0.0206  0.0208  0.0208  0.0216  0.0205  0.0210  0.0198  0.0202
niter,ni,del,rscale     4    3    5.0000    0.7000
parameters
   -2.5243    2.8331   10.2759   -7.2182  -19.0928  -17.1139
    0.2269    6.6433   -3.1290   30.4748   -6.0665  -32.0797
eta,q 0.98064 12.54266
  0.0206  0.0203  0.0200  0.0202  0.0204  0.0205  0.0205  0.0211  0.0202  0.0206  0.0197  0.0200
  0.0199  0.0198  0.0196  0.0199  0.0198  0.0199  0.0199  0.0201  0.0197  0.0200  0.0195  0.0196
  0.0195  0.0195  0.0194  0.0196  0.0195  0.0195  0.0195  0.0195  0.0194  0.0195  0.0194  0.0194
  0.0194  0.0194  0.0194  0.0194  0.0194  0.0194  0.0194  0.0194  0.0194  0.0194  0.0194  0.0194
  0.0195  0.0195  0.0194  0.0193  0.0195  0.0195  0.0195  0.0196  0.0195  0.0195  0.0194  0.0194
  0.0199  0.0198  0.0197  0.0196  0.0198  0.0200  0.0198  0.0201  0.0197  0.0199  0.0195  0.0197
  0.0206  0.0203  0.0200  0.0203  0.0204  0.0206  0.0205  0.0211  0.0202  0.0206  0.0197  0.0200
niter,ni,del,rscale     3    3    5.0000    0.6000
parameters
   -2.5299    2.8286   10.2709   -6.9994  -19.1147  -17.1301
    0.2270    6.6232   -3.1281   30.5114   -6.0892  -32.0835
eta,q 0.98066 12.55332
  0.0202  0.0201  0.0198  0.0200  0.0201  0.0202  0.0202  0.0206  0.0200  0.0203  0.0196  0.0198
  0.0197  0.0197  0.0196  0.0198  0.0197  0.0198  0.0197  0.0199  0.0196  0.0198  0.0195  0.0196
  0.0195  0.0194  0.0194  0.0195  0.0194  0.0195  0.0194  0.0195  0.0194  0.0195  0.0194  0.0194
  0.0194  0.0194  0.0194  0.0194  0.0193  0.0193  0.0193  0.0193  0.0193  0.0193  0.0193  0.0193
  0.0195  0.0194  0.0194  0.0193  0.0194  0.0194  0.0194  0.0195  0.0194  0.0194  0.0194  0.0194
  0.0198  0.0197  0.0196  0.0195  0.0197  0.0198  0.0197  0.0199  0.0196  0.0197  0.0195  0.0196
  0.0203  0.0201  0.0198  0.0200  0.0201  0.0203  0.0202  0.0207  0.0200  0.0203  0.0196  0.0198
niter,ni,del,rscale     2    3    5.0000    0.5000
parameters
   -2.5336    2.8276   10.2785   -6.8168  -19.1336  -17.1229
    0.2249    6.6192   -3.1286   30.5358   -6.1091  -32.0646
eta,q 0.98067 12.56241
  0.0200  0.0198  0.0197  0.0199  0.0199  0.0200  0.0199  0.0202  0.0198  0.0200  0.0195  0.0197
  0.0196  0.0196  0.0195  0.0196  0.0196  0.0196  0.0196  0.0197  0.0195  0.0196  0.0194  0.0195
  0.0194  0.0194  0.0194  0.0195  0.0194  0.0194  0.0194  0.0194  0.0194  0.0194  0.0193  0.0194
  0.0193  0.0193  0.0193  0.0193  0.0193  0.0193  0.0193  0.0193  0.0193  0.0193  0.0193  0.0193
  0.0194  0.0194  0.0194  0.0193  0.0194  0.0194  0.0194  0.0194  0.0194  0.0194  0.0194  0.0194
  0.0196  0.0196  0.0195  0.0195  0.0196  0.0196  0.0196  0.0197  0.0195  0.0196  0.0194  0.0195
  0.0200  0.0198  0.0197  0.0198  0.0199  0.0200  0.0199  0.0202  0.0198  0.0200  0.0195  0.0197
niter,ni,del,rscale     1    3    5.0000    0.4000
parameters
   -2.5346    2.8256   10.2948   -6.6694  -19.1452  -17.1065
    0.2130    6.6112   -3.1199   30.5473   -6.0900  -32.0193
eta,q 0.98068 12.56940
  0.0197  0.0196  0.0196  0.0197  0.0197  0.0198  0.0197  0.0199  0.0196  0.0198  0.0195  0.0195
  0.0195  0.0195  0.0194  0.0195  0.0195  0.0195  0.0195  0.0196  0.0194  0.0195  0.0194  0.0194
  0.0194  0.0194  0.0194  0.0194  0.0194  0.0194  0.0194  0.0194  0.0193  0.0194  0.0193  0.0193
  0.0193  0.0193  0.0193  0.0193  0.0193  0.0193  0.0193  0.0193  0.0193  0.0193  0.0193  0.0193
  0.0194  0.0194  0.0193  0.0193  0.0194  0.0194  0.0194  0.0194  0.0193  0.0194  0.0193  0.0193
  0.0195  0.0195  0.0194  0.0194  0.0195  0.0195  0.0195  0.0196  0.0194  0.0195  0.0194  0.0194
  0.0197  0.0196  0.0195  0.0196  0.0197  0.0198  0.0197  0.0199  0.0196  0.0198  0.0194  0.0195
registration optimization eta report
parameter search radius
    0.8000    0.8000    0.8000    2.4000    2.4000    2.4000
    2.4000    2.4000    2.4000    2.4000    2.4000    2.4000
100000*second partial in parameter space
       64.       49.       34.        6.        6.        8.
        6.       10.        5.        8.        2.        4.
  0.0197  0.0196  0.0196  0.0197  0.0197  0.0198  0.0197  0.0199  0.0196  0.0198  0.0195  0.0195
  0.0195  0.0195  0.0194  0.0195  0.0195  0.0195  0.0195  0.0196  0.0194  0.0195  0.0194  0.0194
  0.0194  0.0194  0.0194  0.0194  0.0194  0.0194  0.0194  0.0194  0.0193  0.0194  0.0193  0.0193
  0.0193  0.0193  0.0193  0.0193  0.0193  0.0193  0.0193  0.0193  0.0193  0.0193  0.0193  0.0193
  0.0194  0.0194  0.0193  0.0193  0.0194  0.0194  0.0194  0.0194  0.0193  0.0194  0.0193  0.0193
  0.0195  0.0195  0.0194  0.0194  0.0195  0.0195  0.0195  0.0196  0.0194  0.0195  0.0194  0.0194
  0.0197  0.0196  0.0195  0.0196  0.0197  0.0198  0.0197  0.0199  0.0196  0.0198  0.0194  0.0195
   -2.5346    2.8256   10.2948   -6.6694  -19.1452  -17.1065
    0.2130    6.6112   -3.1199   30.5473   -6.0900  -32.0193
eta,q 0.98068 12.56940

---------------------------------------------------------------------
compute_vox2vox talsrcimg talsrcimg_to_711-2C_as_mni_average_305_t4 /opt/freesurfer/average/711-2C_as_mni_average_305
---------------------------------------------------------------------

freesurfer compute_vox2vox.c
Reading: talsrcimg.4dfp.ifh
Reading: talsrcimg_to_711-2C_as_mni_average_305_t4
Reading: /opt/freesurfer/average/711-2C_as_mni_average_305.4dfp.ifh
Writing: talsrcimg_to_711-2C_as_mni_average_305_t4_vox2vox.txt

start time Sat Apr 4 11:30:10 CEST 2026
end		time Sat Apr 4 11:30:23 CEST 2026

mpr2mni305 success

avi2talxfm orig_nu.mgz /opt/freesurfer/average/mni305.cor.mgz talsrcimg_to_711-2C_as_mni_average_305_t4_vox2vox.txt transforms/talairach.auto.xfm
avi2talxfm done
mv -f /out/sourcedata/freesurfer/sub-v1s12x0050109_ses-1/mri/talsrcimg_to_711-2C_as_mni_average_305_t4_vox2vox.txt /out/sourcedata/freesurfer/sub-v1s12x0050109_ses-1/mri/transforms/talsrcimg_to_711-2C_as_mni_average_305_t4_vox2vox.txt
lta_convert --src orig_nu.mgz --trg /opt/freesurfer/average/mni305.cor.mgz --inxfm transforms/talairach.auto.xfm --outlta transforms/talairach.auto.xfm.lta --subject fsaverage
7.3.2

--src: orig_nu.mgz src image (geometry).
--trg: /opt/freesurfer/average/mni305.cor.mgz trg image (geometry).
--inmni: transforms/talairach.auto.xfm input MNI/XFM transform.
--outlta: transforms/talairach.auto.xfm.lta output LTA.
--s: fsaverage subject name
 LTA read, type : 1
 1.06562  -0.07326  -0.03182   0.69655;
 0.08218   1.04709   0.41444   0.81932;
 0.01007  -0.39842   1.07898   18.58034;
 0.00000   0.00000   0.00000   1.00000;
setting subject to fsaverage
Writing  LTA to file transforms/talairach.auto.xfm.lta...
lta_convert successful.
 
 
Started at Sat Apr 4 11:30:09 CEST 2026
Ended   at Sat Apr  4 11:30:24 CEST 2026
talairach_avi done
