status file for recon-all
Sat Apr  4 12:51:17 CEST 2026
#@# Tessellate lh Sat Apr  4 12:51:17 CEST 2026
#@# Smooth1 lh Sat Apr  4 12:51:19 CEST 2026
#@# Inflation1 lh Sat Apr  4 12:51:22 CEST 2026
#@# QSphere lh Sat Apr  4 12:51:34 CEST 2026
#@# Fix Topology lh Sat Apr  4 12:52:30 CEST 2026
#@# Smooth2 lh Sat Apr  4 12:57:55 CEST 2026
#@# Inflation2 lh Sat Apr  4 12:57:57 CEST 2026
#@# Curv .H and .K lh Sat Apr  4 12:58:11 CEST 2026
#@# Sphere lh Sat Apr  4 12:58:46 CEST 2026
#@# Surf Reg lh Sat Apr  4 13:01:40 CEST 2026
#@# Jacobian white lh Sat Apr  4 13:04:54 CEST 2026
#@# AvgCurv lh Sat Apr  4 13:04:55 CEST 2026
#@# Cortical Parc lh Sat Apr  4 13:04:56 CEST 2026
#@# white curv lh Sat Apr  4 13:10:01 CEST 2026
#@# white area lh Sat Apr  4 13:10:02 CEST 2026
#@# pial curv lh Sat Apr  4 13:10:03 CEST 2026
#@# pial area lh Sat Apr  4 13:10:05 CEST 2026
#@# thickness lh Sat Apr  4 13:10:05 CEST 2026
#@# area and vertex vol lh Sat Apr  4 13:10:23 CEST 2026
#@# Curvature Stats lh Sat Apr  4 13:10:24 CEST 2026
#@# Cortical Parc 2 lh Sat Apr  4 13:10:26 CEST 2026
#@# Cortical Parc 3 lh Sat Apr  4 13:10:35 CEST 2026
#@# WM/GM Contrast lh Sat Apr  4 13:10:42 CEST 2026
recon-all -s sub-v1s12x0050113_ses-1 finished without error at Sat Apr  4 13:10:45 CEST 2026



#New# invocation of recon-all 



status file for recon-all
Sat Apr  4 13:31:40 CEST 2026
#@# white curv lh Sat Apr  4 13:31:40 CEST 2026
#@# white area lh Sat Apr  4 13:31:40 CEST 2026
#@# pial curv lh Sat Apr  4 13:31:40 CEST 2026
#@# pial area lh Sat Apr  4 13:31:40 CEST 2026
#@# thickness lh Sat Apr  4 13:31:40 CEST 2026
#@# area and vertex vol lh Sat Apr  4 13:31:40 CEST 2026
#@# Parcellation Stats lh Sat Apr  4 13:31:40 CEST 2026
#@# Parcellation Stats 2 lh Sat Apr  4 13:31:53 CEST 2026
#@# Parcellation Stats 3 lh Sat Apr  4 13:32:00 CEST 2026
#@# BA_exvivo Labels lh Sat Apr  4 13:32:07 CEST 2026
recon-all -s sub-v1s12x0050113_ses-1 finished without error at Sat Apr  4 13:34:03 CEST 2026
