status file for recon-all
Sat Apr  4 11:33:49 CEST 2026
#@# MotionCor Sat Apr  4 11:33:50 CEST 2026
#@# Talairach Sat Apr  4 11:33:55 CEST 2026
#@# Talairach Failure Detection Sat Apr  4 11:36:45 CEST 2026
#@# Nu Intensity Correction Sat Apr  4 11:36:45 CEST 2026
#@# Intensity Normalization Sat Apr  4 11:39:31 CEST 2026
recon-all -s sub-v1s12x0050113_ses-1 finished without error at Sat Apr  4 11:40:26 CEST 2026



#New# invocation of recon-all 



status file for recon-all
Sat Apr  4 11:46:00 CEST 2026
#@# EM Registration Sat Apr  4 11:46:00 CEST 2026
recon-all -s sub-v1s12x0050113_ses-1 finished without error at Sat Apr  4 11:47:21 CEST 2026



#New# invocation of recon-all 



status file for recon-all
Sat Apr  4 11:47:25 CEST 2026
#@# CA Normalize Sat Apr  4 11:47:25 CEST 2026
#@# CA Reg Sat Apr  4 11:48:19 CEST 2026
#@# SubCort Seg Sat Apr  4 12:28:14 CEST 2026
#@# CC Seg Sat Apr  4 12:47:20 CEST 2026
#@# Merge ASeg Sat Apr  4 12:47:38 CEST 2026
#@# Intensity Normalization2 Sat Apr  4 12:47:38 CEST 2026
#@# Mask BFS Sat Apr  4 12:48:59 CEST 2026
#@# WM Segmentation Sat Apr  4 12:48:59 CEST 2026
#@# Fill Sat Apr  4 12:50:33 CEST 2026
recon-all -s sub-v1s12x0050113_ses-1 finished without error at Sat Apr  4 12:51:11 CEST 2026



#New# invocation of recon-all 



status file for recon-all
Sat Apr  4 13:28:32 CEST 2026
#@# white curv lh Sat Apr  4 13:28:32 CEST 2026
#@# white area lh Sat Apr  4 13:28:32 CEST 2026
#@# pial curv lh Sat Apr  4 13:28:32 CEST 2026
#@# pial area lh Sat Apr  4 13:28:32 CEST 2026
#@# thickness lh Sat Apr  4 13:28:32 CEST 2026
#@# area and vertex vol lh Sat Apr  4 13:28:32 CEST 2026
#@# white curv rh Sat Apr  4 13:28:32 CEST 2026
#@# white area rh Sat Apr  4 13:28:32 CEST 2026
#@# pial curv rh Sat Apr  4 13:28:32 CEST 2026
#@# pial area rh Sat Apr  4 13:28:32 CEST 2026
#@# thickness rh Sat Apr  4 13:28:32 CEST 2026
#@# area and vertex vol rh Sat Apr  4 13:28:32 CEST 2026
#@# Cortical ribbon mask Sat Apr  4 13:28:32 CEST 2026
recon-all -s sub-v1s12x0050113_ses-1 finished without error at Sat Apr  4 13:31:35 CEST 2026



#New# invocation of recon-all 



status file for recon-all
Sat Apr  4 13:36:30 CEST 2026
#@# white curv lh Sat Apr  4 13:36:30 CEST 2026
#@# white area lh Sat Apr  4 13:36:30 CEST 2026
#@# pial curv lh Sat Apr  4 13:36:30 CEST 2026
#@# pial area lh Sat Apr  4 13:36:30 CEST 2026
#@# thickness lh Sat Apr  4 13:36:30 CEST 2026
#@# area and vertex vol lh Sat Apr  4 13:36:30 CEST 2026
#@# white curv rh Sat Apr  4 13:36:30 CEST 2026
#@# white area rh Sat Apr  4 13:36:30 CEST 2026
#@# pial curv rh Sat Apr  4 13:36:30 CEST 2026
#@# pial area rh Sat Apr  4 13:36:30 CEST 2026
#@# thickness rh Sat Apr  4 13:36:30 CEST 2026
#@# area and vertex vol rh Sat Apr  4 13:36:30 CEST 2026
#@# Curvature Stats lh Sat Apr  4 13:36:30 CEST 2026
#@# Curvature Stats rh Sat Apr  4 13:36:32 CEST 2026
#@# Relabel Hypointensities Sat Apr  4 13:36:33 CEST 2026
#@# APas-to-ASeg Sat Apr  4 13:36:43 CEST 2026
#@# AParc-to-ASeg aparc Sat Apr  4 13:36:50 CEST 2026
#@# AParc-to-ASeg aparc.a2009s Sat Apr  4 13:37:06 CEST 2026
#@# AParc-to-ASeg aparc.DKTatlas Sat Apr  4 13:37:22 CEST 2026
#@# WMParc Sat Apr  4 13:37:40 CEST 2026
#@# ASeg Stats Sat Apr  4 13:39:36 CEST 2026
recon-all -s sub-v1s12x0050113_ses-1 finished without error at Sat Apr  4 13:39:55 CEST 2026
