/out/sourcedata/freesurfer/sub-v1s12x0050113_ses-1/mri
/opt/freesurfer/bin/talairach_avi
--i orig_nu.mgz --xfm transforms/talairach.auto.xfm
talairach_avi 7.3.2
Linux dna070 5.14.0-427.37.1.el9_4.x86_64 #1 SMP PREEMPT_DYNAMIC Fri Sep 13 12:41:50 EDT 2024 x86_64 x86_64 x86_64 GNU/Linux
Sat Apr  4 11:36:29 CEST 2026
mri_convert orig_nu.mgz talsrcimg.img 
reading from orig_nu.mgz...
TR=0.00, TE=0.00, TI=0.00, flip angle=0.00
i_ras = (-1, 0, 0)
j_ras = (0, 0, -1)
k_ras = (0, 1, 0)
writing to talsrcimg.img...
Analyze Output Matrix
-1.00000   0.00000   0.00000   130.71481;
 0.00000   0.00000   1.00000  -118.55690;
 0.00000  -1.00000   0.00000   109.18357;
 0.00000   0.00000   0.00000   1.00000;
--------------------
INFO: set hdr.hist.orient to -1
mpr2mni305 talsrcimg
Sat Apr  4 11:36:29 CEST 2026
/opt/freesurfer/bin/mpr2mni305 talsrcimg
mpr2mni305 7.3.2
target=711-2C_as_mni_average_305

---------------------------------------------------------------------
analyzeto4dfp talsrcimg -O0 -y
---------------------------------------------------------------------

freesurfer ifh2hdr.c
Sat Apr  4 11:36:29 2026
Writing: talsrcimg.4dfp.hdr
freesurfer analyzeto4dfp.c
Reading: talsrcimg.hdr
header size 348 bytes
hdr.dime.datatype	offset=70	value=2
hdr.dime.bitpix		offset=72	value=8
hdr.hist.orient		offset=252	value=-1
dimensionality     4
dimensions       256       256       256         1
Reading: talsrcimg.img
Writing: talsrcimg.4dfp.img
Writing: talsrcimg.4dfp.ifh
ifh2hdr talsrcimg -r0to233
ori=2

---------------------------------------------------------------------
gauss_4dfp talsrcimg 1.1
---------------------------------------------------------------------

freesurfer gauss_4dfp.c
Reading: talsrcimg.4dfp.img
Writing: talsrcimg_g11.4dfp.img
image dimensions 256 256 256 padded to 288 288 288
processing volume 1freesurfer ifh2hdr.c
Sat Apr  4 11:36:31 2026
Writing: talsrcimg_g11.4dfp.hdr

Writing: talsrcimg_g11.4dfp.ifh
including: talsrcimg.4dfp.img.rec in talsrcimg_g11.4dfp.img.rec

---------------------------------------------------------------------
imgreg_4dfp /opt/freesurfer/average/711-2C_as_mni_average_305 none talsrcimg_g11 none talsrcimg_to_711-2C_as_mni_average_305_t4 4355
---------------------------------------------------------------------

freesurfer imgreg_4dfp.c
/opt/freesurfer/average/711-2C_as_mni_average_305.4dfp.img
       256       256       256         1
  1.000000  1.000000  1.000000
orientation T byte_order littleendian
Reading image: /opt/freesurfer/average/711-2C_as_mni_average_305.4dfp.img
dimensions:      256       256       256
mmppix:       1.0000   -1.0000   -1.0000
center:     128.0000 -129.0000 -129.0000
talsrcimg_g11.4dfp.img
       256       256       256         1
  1.000000  1.000000  1.000000
orientation T byte_order littleendian
Reading image: talsrcimg_g11.4dfp.img
dimensions:      256       256       256
mmppix:       1.0000   -1.0000   -1.0000
center:     128.0000 -129.0000 -129.0000
t4_read: open error in t4_sub.f l:  41 t4_file(1:l)talsrcimg_to_711-2C_as_mni_average_305_t4 
t4_read: transform initialized to I4
rotation matrix determinant  1.000000
image alignment mode   4355 decimal     1103 hex
   -7.5000  -45.0000  -45.0000 7915.9189   18.3886
    0.0000  -45.0000  -45.0000 8191.1333   18.3929
    7.5000  -45.0000  -45.0000 7782.1875   18.4901
   -7.5000  -37.5000  -45.0000 8477.5215   18.3661
    0.0000  -37.5000  -45.0000 8775.1172   18.3708
    7.5000  -37.5000  -45.0000 8314.9180   18.4794
   -7.5000  -30.0000  -45.0000 9362.6279   18.3629
    0.0000  -30.0000  -45.0000 9679.2705   18.3629
    7.5000  -30.0000  -45.0000 9174.5303   18.4708
   -7.5000  -22.5000  -45.000010179.4561   18.3816
    0.0000  -22.5000  -45.000010499.2344   18.3751
    7.5000  -22.5000  -45.0000 9954.7051   18.4680
   -7.5000  -15.0000  -45.000010842.3750   18.4020
    0.0000  -15.0000  -45.000011197.4707   18.3939
    7.5000  -15.0000  -45.000010599.3301   18.4745
   -7.5000   -7.5000  -45.000011454.1152   18.4015
    0.0000   -7.5000  -45.000011815.0361   18.3998
    7.5000   -7.5000  -45.000011190.0352   18.4839
   -7.5000    0.0000  -45.000012011.7373   18.3844
    0.0000    0.0000  -45.000012399.0342   18.3888
    7.5000    0.0000  -45.000011751.9336   18.4860
   -7.5000    7.5000  -45.000011657.8193   18.3661
    0.0000    7.5000  -45.000012048.7549   18.3708
    7.5000    7.5000  -45.000011405.7012   18.4794
   -7.5000   15.0000  -45.000011174.9229   18.3629
    0.0000   15.0000  -45.000011524.4463   18.3629
    7.5000   15.0000  -45.000010884.7285   18.4708
   -7.5000   22.5000  -45.000010706.0625   18.3791
    0.0000   22.5000  -45.000011027.6689   18.3725
    7.5000   22.5000  -45.000010386.7148   18.4655
   -7.5000   30.0000  -45.000010041.8691   18.1568
    0.0000   30.0000  -45.000010337.6104   18.1488
    7.5000   30.0000  -45.0000 9703.6475   18.2283
   -7.5000   37.5000  -45.0000 9549.5342   18.1563
    0.0000   37.5000  -45.0000 9827.1699   18.1546
    7.5000   37.5000  -45.0000 9212.3438   18.2376
   -7.5000   45.0000  -45.0000 8730.4082   17.6788
    0.0000   45.0000  -45.0000 8988.9873   17.6830
    7.5000   45.0000  -45.0000 8393.2412   17.7765
   -7.5000  -45.0000  -37.5000 8410.4521   18.3326
    0.0000  -45.0000  -37.5000 8686.5186   18.3260
    7.5000  -45.0000  -37.5000 8246.0371   18.4100
   -7.5000  -37.5000  -37.5000 8992.3477   18.3230
    0.0000  -37.5000  -37.5000 9293.6865   18.3112
    7.5000  -37.5000  -37.5000 8823.1035   18.4009
   -7.5000  -30.0000  -37.5000 9926.2188   18.3302
    0.0000  -30.0000  -37.500010251.4941   18.3168
    7.5000  -30.0000  -37.5000 9717.2900   18.4075
   -7.5000  -22.5000  -37.500010791.0156   18.3451
    0.0000  -22.5000  -37.500011128.5420   18.3345
    7.5000  -22.5000  -37.500010535.3809   18.4181
   -7.5000  -15.0000  -37.500011483.7852   18.3528
    0.0000  -15.0000  -37.500011867.6230   18.3465
    7.5000  -15.0000  -37.500011206.9189   18.4237
   -7.5000   -7.5000  -37.500012134.2168   18.3433
    0.0000   -7.5000  -37.500012516.8994   18.3396
    7.5000   -7.5000  -37.500011826.0400   18.4181
   -7.5000    0.0000  -37.500012689.5127   18.3284
    0.0000    0.0000  -37.500013095.3799   18.3220
    7.5000    0.0000  -37.500012380.3896   18.4059
   -7.5000    7.5000  -37.500012295.8203   18.3230
    0.0000    7.5000  -37.500012692.8154   18.3112
    7.5000    7.5000  -37.500011998.5156   18.4009
   -7.5000   15.0000  -37.500011754.5488   18.3302
    0.0000   15.0000  -37.500012114.9834   18.3168
    7.5000   15.0000  -37.500011446.6914   18.4075
   -7.5000   22.5000  -37.500011239.8682   18.3426
    0.0000   22.5000  -37.500011570.8174   18.3320
    7.5000   22.5000  -37.500010891.0508   18.4156
   -7.5000   30.0000  -37.500010549.3691   18.1083
    0.0000   30.0000  -37.500010840.5234   18.1020
    7.5000   30.0000  -37.500010192.4922   18.1782
   -7.5000   37.5000  -37.500010027.9355   18.0988
    0.0000   37.5000  -37.500010299.6416   18.0952
    7.5000   37.5000  -37.5000 9648.8555   18.1726
   -7.5000   45.0000  -37.5000 9141.7002   17.6250
    0.0000   45.0000  -37.5000 9402.3154   17.6188
    7.5000   45.0000  -37.5000 8769.4492   17.6995
   -7.5000  -45.0000  -30.0000 9069.8848   19.0696
    0.0000  -45.0000  -30.0000 9356.9141   19.0501
    7.5000  -45.0000  -30.0000 8858.7100   19.1303
   -7.5000  -37.5000  -30.0000 9695.3174   19.0652
    0.0000  -37.5000  -30.000010004.0361   19.0368
    7.5000  -37.5000  -30.0000 9475.3330   19.1178
   -7.5000  -30.0000  -30.000010663.4648   19.0776
    0.0000  -30.0000  -30.000010995.7568   19.0480
    7.5000  -30.0000  -30.000010408.9756   19.1261
   -7.5000  -22.5000  -30.000011596.0049   19.0929
    0.0000  -22.5000  -30.000011960.0332   19.0705
    7.5000  -22.5000  -30.000011276.9678   19.1427
   -7.5000  -15.0000  -30.000012333.9199   19.0960
    0.0000  -15.0000  -30.000012739.9648   19.0813
    7.5000  -15.0000  -30.000012005.2666   19.1515
   -7.5000   -7.5000  -30.000013019.3232   19.0808
    0.0000   -7.5000  -30.000013447.6260   19.0678
    7.5000   -7.5000  -30.000012678.8486   19.1432
   -7.5000    0.0000  -30.000013621.4521   19.0652
    0.0000    0.0000  -30.000014070.4014   19.0458
    7.5000    0.0000  -30.000013257.2959   19.1260
   -7.5000    7.5000  -30.000013183.2715   19.0652
    0.0000    7.5000  -30.000013617.7236   19.0368
    7.5000    7.5000  -30.000012855.0977   19.1178
   -7.5000   15.0000  -30.000012552.6377   19.0776
    0.0000   15.0000  -30.000012953.4756   19.0480
    7.5000   15.0000  -30.000012219.9824   19.1261
   -7.5000   22.5000  -30.000011967.2988   19.0883
    0.0000   22.5000  -30.000012325.5254   19.0659
    7.5000   22.5000  -30.000011596.1221   19.1381
   -7.5000   30.0000  -30.000011269.2363   18.8433
    0.0000   30.0000  -30.000011580.4424   18.8288
    7.5000   30.0000  -30.000010866.5020   18.8981
   -7.5000   37.5000  -30.000010672.1914   18.8283
    0.0000   37.5000  -30.000010968.5068   18.8155
    7.5000   37.5000  -30.000010265.5332   18.8899
   -7.5000   45.0000  -30.0000 9674.9062   18.3470
    0.0000   45.0000  -30.0000 9957.1367   18.3283
    7.5000   45.0000  -30.0000 9309.4248   18.4055
   -7.5000  -45.0000  -22.5000 9725.1201   19.7305
    0.0000  -45.0000  -22.500010035.7256   19.7101
    7.5000  -45.0000  -22.5000 9497.0000   19.8015
   -7.5000  -37.5000  -22.500010403.2529   19.7175
    0.0000  -37.5000  -22.500010730.5059   19.6911
    7.5000  -37.5000  -22.500010133.6621   19.7840
   -7.5000  -30.0000  -22.500011407.1895   19.7241
    0.0000  -30.0000  -22.500011774.5029   19.6933
    7.5000  -30.0000  -22.500011136.7891   19.7764
   -7.5000  -22.5000  -22.500012388.9043   19.7440
    0.0000  -22.5000  -22.500012785.6973   19.7144
    7.5000  -22.5000  -22.500012058.0879   19.7837
   -7.5000  -15.0000  -22.500013191.7344   19.7559
    0.0000  -15.0000  -22.500013626.0098   19.7307
    7.5000  -15.0000  -22.500012839.0059   19.7965
   -7.5000   -7.5000  -22.500013871.4561   19.7443
    0.0000   -7.5000  -22.500014352.6709   19.7240
    7.5000   -7.5000  -22.500013535.5078   19.8022
   -7.5000    0.0000  -22.500014519.8867   19.7259
    0.0000    0.0000  -22.500015040.6777   19.7056
    7.5000    0.0000  -22.500014161.4844   19.7971
   -7.5000    7.5000  -22.500014072.2344   19.7175
    0.0000    7.5000  -22.500014569.7676   19.6911
    7.5000    7.5000  -22.500013725.9727   19.7840
   -7.5000   15.0000  -22.500013384.5000   19.7241
    0.0000   15.0000  -22.500013864.3994   19.6933
    7.5000   15.0000  -22.500013053.7617   19.7764
   -7.5000   22.5000  -22.500012705.9199   19.7379
    0.0000   22.5000  -22.500013109.7539   19.7083
    7.5000   22.5000  -22.500012327.2188   19.7776
   -7.5000   30.0000  -22.500011945.6309   19.4975
    0.0000   30.0000  -22.500012324.9590   19.4726
    7.5000   30.0000  -22.500011545.3193   19.5375
   -7.5000   37.5000  -22.500011345.1924   19.4861
    0.0000   37.5000  -22.500011686.8379   19.4660
    7.5000   37.5000  -22.500010926.6787   19.5432
   -7.5000   45.0000  -22.500010275.6807   18.9970
    0.0000   45.0000  -22.500010582.6523   18.9775
    7.5000   45.0000  -22.5000 9901.2939   19.0655
   -7.5000  -45.0000  -15.000010343.5693   20.2323
    0.0000  -45.0000  -15.000010712.5918   20.2240
    7.5000  -45.0000  -15.000010128.3301   20.3323
   -7.5000  -37.5000  -15.000011050.3164   20.2044
    0.0000  -37.5000  -15.000011465.1172   20.1960
    7.5000  -37.5000  -15.000010813.9561   20.3109
   -7.5000  -30.0000  -15.000012133.7314   20.1982
    0.0000  -30.0000  -15.000012587.1729   20.1817
    7.5000  -30.0000  -15.000011864.1660   20.2838
   -7.5000  -22.5000  -15.000013180.9648   20.2217
    0.0000  -22.5000  -15.000013647.7598   20.1965
    7.5000  -22.5000  -15.000012824.4346   20.2761
   -7.5000  -15.0000  -15.000014008.9131   20.2481
    0.0000  -15.0000  -15.000014509.1953   20.2211
    7.5000  -15.0000  -15.000013640.4043   20.2915
   -7.5000   -7.5000  -15.000014640.7822   20.2477
    0.0000   -7.5000  -15.000015186.6729   20.2296
    7.5000   -7.5000  -15.000014350.5537   20.3160
   -7.5000    0.0000  -15.000015354.6582   20.2275
    0.0000    0.0000  -15.000015956.1836   20.2194
    7.5000    0.0000  -15.000015062.8281   20.3277
   -7.5000    7.5000  -15.000014953.1338   20.2044
    0.0000    7.5000  -15.000015524.6777   20.1960
    7.5000    7.5000  -15.000014607.4883   20.3109
   -7.5000   15.0000  -15.000014237.4688   20.1982
    0.0000   15.0000  -15.000014761.1074   20.1817
    7.5000   15.0000  -15.000013889.0938   20.2838
   -7.5000   22.5000  -15.000013447.6680   20.2146
    0.0000   22.5000  -15.000013911.1250   20.1893
    7.5000   22.5000  -15.000013064.7842   20.2689
   -7.5000   30.0000  -15.000012591.3516   19.9861
    0.0000   30.0000  -15.000013025.8232   19.9594
    7.5000   30.0000  -15.000012233.4443   20.0289
   -7.5000   37.5000  -15.000012004.2578   19.9857
    0.0000   37.5000  -15.000012402.0654   19.9678
    7.5000   37.5000  -15.000011622.5791   20.0531
   -7.5000   45.0000  -15.000010890.3105   19.4919
    0.0000   45.0000  -15.000011242.0078   19.4840
    7.5000   45.0000  -15.000010521.5762   19.5884
   -7.5000  -45.0000   -7.500010935.3857   20.4945
    0.0000  -45.0000   -7.500011328.4307   20.4990
    7.5000  -45.0000   -7.500010712.7607   20.6141
   -7.5000  -37.5000   -7.500011692.5117   20.4613
    0.0000  -37.5000   -7.500012128.8574   20.4687
    7.5000  -37.5000   -7.500011457.8730   20.5960
   -7.5000  -30.0000   -7.500012896.3154   20.4493
    0.0000  -30.0000   -7.500013354.9922   20.4484
    7.5000  -30.0000   -7.500012558.6064   20.5679
   -7.5000  -22.5000   -7.500014046.6016   20.4718
    0.0000  -22.5000   -7.500014549.2803   20.4583
    7.5000  -22.5000   -7.500013619.2012   20.5542
   -7.5000  -15.0000   -7.500014872.1523   20.5030
    0.0000  -15.0000   -7.500015454.8711   20.4846
    7.5000  -15.0000   -7.500014502.2871   20.5663
   -7.5000   -7.5000   -7.500015448.3711   20.5089
    0.0000   -7.5000   -7.500016059.3262   20.5005
    7.5000   -7.5000   -7.500015241.1689   20.5935
   -7.5000    0.0000   -7.500016188.6543   20.4897
    0.0000    0.0000   -7.500016849.7617   20.4944
    7.5000    0.0000   -7.500015981.2695   20.6095
   -7.5000    7.5000   -7.500015815.1895   20.4613
    0.0000    7.5000   -7.500016421.8145   20.4687
    7.5000    7.5000   -7.500015534.3281   20.5960
   -7.5000   15.0000   -7.500015064.5957   20.4493
    0.0000   15.0000   -7.500015653.8955   20.4484
    7.5000   15.0000   -7.500014820.1133   20.5679
   -7.5000   22.5000   -7.500014203.8359   20.4624
    0.0000   22.5000   -7.500014746.6523   20.4489
    7.5000   22.5000   -7.500013913.8564   20.5447
   -7.5000   30.0000   -7.500013338.8848   20.2371
    0.0000   30.0000   -7.500013822.0654   20.2190
    7.5000   30.0000   -7.500013014.6660   20.2996
   -7.5000   37.5000   -7.500012753.8584   20.2430
    0.0000   37.5000   -7.500013211.9980   20.2346
    7.5000   37.5000   -7.500012407.1846   20.3264
   -7.5000   45.0000   -7.500011604.7588   19.7482
    0.0000   45.0000   -7.500012009.5098   19.7528
    7.5000   45.0000   -7.500011251.9590   19.8637
   -7.5000  -45.0000    0.000011405.1289   20.5354
    0.0000  -45.0000    0.000011838.0967   20.5408
    7.5000  -45.0000    0.000011171.9326   20.6488
   -7.5000  -37.5000    0.000012183.4824   20.5107
    0.0000  -37.5000    0.000012633.2051   20.5166
    7.5000  -37.5000    0.000011923.2188   20.6374
   -7.5000  -30.0000    0.000013462.4912   20.5064
    0.0000  -30.0000    0.000013924.5166   20.5070
    7.5000  -30.0000    0.000013098.2871   20.6270
   -7.5000  -22.5000    0.000014840.0703   20.5260
    0.0000  -22.5000    0.000015370.8047   20.5194
    7.5000  -22.5000    0.000014280.9111   20.6226
   -7.5000  -15.0000    0.000015863.7617   20.5483
    0.0000  -15.0000    0.000016517.2793   20.5400
    7.5000  -15.0000    0.000015397.4814   20.6293
   -7.5000   -7.5000    0.000016393.8047   20.5486
    0.0000   -7.5000    0.000017028.9863   20.5473
    7.5000   -7.5000    0.000016223.4678   20.6406
   -7.5000    0.0000    0.000017012.6250   20.5308
    0.0000    0.0000    0.000017675.9785   20.5363
    7.5000    0.0000    0.000016967.3457   20.6443
   -7.5000    7.5000    0.000016552.0137   20.5107
    0.0000    7.5000    0.000017224.4902   20.5166
    7.5000    7.5000    0.000016476.6289   20.6374
   -7.5000   15.0000    0.000015856.5156   20.5064
    0.0000   15.0000    0.000016528.5625   20.5070
    7.5000   15.0000    0.000015709.0195   20.6270
   -7.5000   22.5000    0.000014983.0166   20.5166
    0.0000   22.5000    0.000015598.6719   20.5100
    7.5000   22.5000    0.000014722.8125   20.6131
   -7.5000   30.0000    0.000014125.7842   20.2824
    0.0000   30.0000    0.000014625.2217   20.2741
    7.5000   30.0000    0.000013726.6250   20.3623
   -7.5000   37.5000    0.000013489.9697   20.2827
    0.0000   37.5000    0.000013959.6992   20.2814
    7.5000   37.5000    0.000013034.9102   20.3735
   -7.5000   45.0000    0.000012254.1133   19.7893
    0.0000   45.0000    0.000012653.5645   19.7946
    7.5000   45.0000    0.000011786.5869   19.8987
   -7.5000  -45.0000    7.500011038.2578   20.5123
    0.0000  -45.0000    7.500011416.4590   20.5051
    7.5000  -45.0000    7.500010817.6982   20.5990
   -7.5000  -37.5000    7.500011784.4824   20.5014
    0.0000  -37.5000    7.500012175.8164   20.4882
    7.5000  -37.5000    7.500011539.3369   20.5886
   -7.5000  -30.0000    7.500012978.1729   20.5092
    0.0000  -30.0000    7.500013416.2432   20.4943
    7.5000  -30.0000    7.500012690.6787   20.5958
   -7.5000  -22.5000    7.500014334.6035   20.5260
    0.0000  -22.5000    7.500014857.0586   20.5142
    7.5000  -22.5000    7.500013880.9717   20.6078
   -7.5000  -15.0000    7.500015480.0078   20.5349
    0.0000  -15.0000    7.500016053.0605   20.5280
    7.5000  -15.0000    7.500015059.3779   20.6143
   -7.5000   -7.5000    7.500016015.1807   20.5244
    0.0000   -7.5000    7.500016598.8457   20.5204
    7.5000   -7.5000    7.500015911.0068   20.6082
   -7.5000    0.0000    7.500016605.2168   20.5077
    0.0000    0.0000    7.500017221.4922   20.5006
    7.5000    0.0000    7.500016543.7246   20.5945
   -7.5000    7.5000    7.500016165.1348   20.5014
    0.0000    7.5000    7.500016780.8301   20.4882
    7.5000    7.5000    7.500015983.4932   20.5886
   -7.5000   15.0000    7.500015531.5576   20.5092
    0.0000   15.0000    7.500016127.7139   20.4943
    7.5000   15.0000    7.500015221.6543   20.5958
   -7.5000   22.5000    7.500014627.1963   20.5165
    0.0000   22.5000    7.500015151.3643   20.5047
    7.5000   22.5000    7.500014234.7490   20.5983
   -7.5000   30.0000    7.500013668.3232   20.2692
    0.0000   30.0000    7.500014096.8330   20.2623
    7.5000   30.0000    7.500013198.0732   20.3476
   -7.5000   37.5000    7.500013036.3428   20.2588
    0.0000   37.5000    7.500013437.5186   20.2548
    7.5000   37.5000    7.500012555.8652   20.3415
   -7.5000   45.0000    7.500011859.3799   19.7671
    0.0000   45.0000    7.500012171.6074   19.7602
    7.5000   45.0000    7.500011374.3340   19.8507
   -7.5000  -45.0000   15.000010492.8496   20.5176
    0.0000  -45.0000   15.000010835.5156   20.4967
    7.5000  -45.0000   15.000010287.4902   20.5833
   -7.5000  -37.5000   15.000011204.6133   20.5123
    0.0000  -37.5000   15.000011541.6553   20.4818
    7.5000  -37.5000   15.000010968.1680   20.5694
   -7.5000  -30.0000   15.000012360.1104   20.5254
    0.0000  -30.0000   15.000012745.3057   20.4936
    7.5000  -30.0000   15.000012073.8555   20.5780
   -7.5000  -22.5000   15.000013570.0703   20.5421
    0.0000  -22.5000   15.000014017.9609   20.5181
    7.5000  -22.5000   15.000013247.6777   20.5961
   -7.5000  -15.0000   15.000014473.2559   20.5459
    0.0000  -15.0000   15.000014951.1797   20.5302
    7.5000  -15.0000   15.000014294.3506   20.6060
   -7.5000   -7.5000   15.000015163.6201   20.5298
    0.0000   -7.5000   15.000015655.0371   20.5159
    7.5000   -7.5000   15.000014999.5957   20.5973
   -7.5000    0.0000   15.000015999.1611   20.5129
    0.0000    0.0000   15.000016533.4531   20.4921
    7.5000    0.0000   15.000015674.5576   20.5787
   -7.5000    7.5000   15.000015644.8643   20.5123
    0.0000    7.5000   15.000016151.7598   20.4818
    7.5000    7.5000   15.000015232.3662   20.5694
   -7.5000   15.0000   15.000014986.3818   20.5254
    0.0000   15.0000   15.000015446.0381   20.4936
    7.5000   15.0000   15.000014524.7637   20.5780
   -7.5000   22.5000   15.000013999.6787   20.5326
    0.0000   22.5000   15.000014419.6367   20.5086
    7.5000   22.5000   15.000013552.4199   20.5866
   -7.5000   30.0000   15.000012978.8594   20.2800
    0.0000   30.0000   15.000013330.8447   20.2645
    7.5000   30.0000   15.000012532.8027   20.3393
   -7.5000   37.5000   15.000012373.0986   20.2642
    0.0000   37.5000   15.000012699.8311   20.2504
    7.5000   37.5000   15.000011941.9268   20.3307
   -7.5000   45.0000   15.000011189.0039   19.7721
    0.0000   45.0000   15.000011485.6016   19.7520
    7.5000   45.0000   15.000010817.0918   19.8355
   -7.5000  -45.0000   22.5000 9864.9785   20.5692
    0.0000  -45.0000   22.500010175.2627   20.5480
    7.5000  -45.0000   22.5000 9694.1689   20.6440
   -7.5000  -37.5000   22.500010526.5312   20.5548
    0.0000  -37.5000   22.500010836.4043   20.5275
    7.5000  -37.5000   22.500010321.1699   20.6250
   -7.5000  -30.0000   22.500011642.6523   20.5615
    0.0000  -30.0000   22.500012009.3594   20.5295
    7.5000  -30.0000   22.500011376.7617   20.6168
   -7.5000  -22.5000   22.500012708.5371   20.5829
    0.0000  -22.5000   22.500013108.9570   20.5522
    7.5000  -22.5000   22.500012430.5127   20.6250
   -7.5000  -15.0000   22.500013479.1875   20.5961
    0.0000  -15.0000   22.500013887.0195   20.5699
    7.5000  -15.0000   22.500013309.4902   20.6391
   -7.5000   -7.5000   22.500014168.3887   20.5842
    0.0000   -7.5000   22.500014589.5869   20.5631
    7.5000   -7.5000   22.500013963.5928   20.6452
   -7.5000    0.0000   22.500015006.1074   20.5644
    0.0000    0.0000   22.500015473.9570   20.5433
    7.5000    0.0000   22.500014651.4072   20.6393
   -7.5000    7.5000   22.500014745.2959   20.5548
    0.0000    7.5000   22.500015180.3555   20.5275
    7.5000    7.5000   22.500014346.9609   20.6250
   -7.5000   15.0000   22.500014097.0332   20.5615
    0.0000   15.0000   22.500014529.6699   20.5295
    7.5000   15.0000   22.500013688.9072   20.6168
   -7.5000   22.5000   22.500013189.6123   20.5734
    0.0000   22.5000   22.500013600.1660   20.5427
    7.5000   22.5000   22.500012804.3438   20.6155
   -7.5000   30.0000   22.500012172.4141   20.3296
    0.0000   30.0000   22.500012531.9199   20.3037
    7.5000   30.0000   22.500011798.9141   20.3719
   -7.5000   37.5000   22.500011581.7803   20.3178
    0.0000   37.5000   22.500011918.6377   20.2970
    7.5000   37.5000   22.500011236.3613   20.3780
   -7.5000   45.0000   22.500010440.9346   19.8217
    0.0000   45.0000   22.500010702.9707   19.8014
    7.5000   45.0000   22.500010144.5508   19.8939
   -7.5000  -45.0000   30.0000 9201.6699   20.7954
    0.0000  -45.0000   30.0000 9461.3809   20.7872
    7.5000  -45.0000   30.0000 9004.9150   20.9006
   -7.5000  -37.5000   30.0000 9818.4180   20.7654
    0.0000  -37.5000   30.000010121.6641   20.7571
    7.5000  -37.5000   30.0000 9603.3037   20.8774
   -7.5000  -30.0000   30.000010845.3105   20.7585
    0.0000  -30.0000   30.000011191.8945   20.7417
    7.5000  -30.0000   30.000010584.6348   20.8488
   -7.5000  -22.5000   30.000011764.6299   20.7837
    0.0000  -22.5000   30.000012112.3887   20.7578
    7.5000  -22.5000   30.000011531.7373   20.8415
   -7.5000  -15.0000   30.000012462.9131   20.8122
    0.0000  -15.0000   30.000012811.4600   20.7845
    7.5000  -15.0000   30.000012285.4824   20.8586
   -7.5000   -7.5000   30.000013126.3574   20.8121
    0.0000   -7.5000   30.000013505.6328   20.7936
    7.5000   -7.5000   30.000012904.9229   20.8843
   -7.5000    0.0000   30.000013823.9180   20.7905
    0.0000    0.0000   30.000014239.1064   20.7824
    7.5000    0.0000   30.000013562.5156   20.8958
   -7.5000    7.5000   30.000013537.1846   20.7654
    0.0000    7.5000   30.000013923.9014   20.7571
    7.5000    7.5000   30.000013269.5996   20.8774
   -7.5000   15.0000   30.000012996.3184   20.7585
    0.0000   15.0000   30.000013378.2881   20.7417
    7.5000   15.0000   30.000012686.2305   20.8488
   -7.5000   22.5000   30.000012248.2373   20.7741
    0.0000   22.5000   30.000012612.0781   20.7483
    7.5000   22.5000   30.000011939.3359   20.8319
   -7.5000   30.0000   30.000011297.5654   20.5429
    0.0000   30.0000   30.000011630.2959   20.5155
    7.5000   30.0000   30.000011016.0068   20.5886
   -7.5000   37.5000   30.000010721.3037   20.5427
    0.0000   37.5000   30.000011029.2393   20.5245
    7.5000   37.5000   30.000010456.5918   20.6140
   -7.5000   45.0000   30.0000 9655.0596   20.0396
    0.0000   45.0000   30.0000 9914.8154   20.0318
    7.5000   45.0000   30.0000 9407.1250   20.1412
   -7.5000  -45.0000   37.5000 8840.6104   21.2131
    0.0000  -45.0000   37.5000 9101.3779   21.2175
    7.5000  -45.0000   37.5000 8663.5635   21.3426
   -7.5000  -37.5000   37.5000 9461.2520   21.1778
    0.0000  -37.5000   37.5000 9757.8945   21.1852
    7.5000  -37.5000   37.5000 9271.3125   21.3232
   -7.5000  -30.0000   37.500010417.5742   21.1657
    0.0000  -30.0000   37.500010763.4209   21.1644
    7.5000  -30.0000   37.500010205.5820   21.2938
   -7.5000  -22.5000   37.500011268.9053   21.1906
    0.0000  -22.5000   37.500011615.1045   21.1758
    7.5000  -22.5000   37.500011031.1748   21.2799
   -7.5000  -15.0000   37.500011952.9697   21.2241
    0.0000  -15.0000   37.500012302.8301   21.2040
    7.5000  -15.0000   37.500011733.8662   21.2930
   -7.5000   -7.5000   37.500012592.9639   21.2295
    0.0000   -7.5000   37.500012970.0713   21.2199
    7.5000   -7.5000   37.500012353.8887   21.3213
   -7.5000    0.0000   37.500013212.2793   21.2081
    0.0000    0.0000   37.500013610.6982   21.2125
    7.5000    0.0000   37.500012969.6221   21.3376
   -7.5000    7.5000   37.500012892.6465   21.1778
    0.0000    7.5000   37.500013278.3398   21.1852
    7.5000    7.5000   37.500012679.2881   21.3232
   -7.5000   15.0000   37.500012405.6533   21.1657
    0.0000   15.0000   37.500012778.4102   21.1644
    7.5000   15.0000   37.500012148.2988   21.2938
   -7.5000   22.5000   37.500011733.8076   21.1809
    0.0000   22.5000   37.500012096.9521   21.1660
    7.5000   22.5000   37.500011464.4072   21.2701
   -7.5000   30.0000   37.500010840.8848   20.9494
    0.0000   30.0000   37.500011170.9287   20.9295
    7.5000   30.0000   37.500010588.2393   21.0174
   -7.5000   37.5000   37.500010261.8916   20.9547
    0.0000   37.5000   37.500010581.6602   20.9453
    7.5000   37.5000   37.500010055.0039   21.0454
   -7.5000   45.0000   37.5000 9266.8525   20.4421
    0.0000   45.0000   37.5000 9553.6885   20.4464
    7.5000   45.0000   37.5000 9053.0254   20.5670
   -7.5000  -45.0000   45.0000 8130.0791   21.6644
    0.0000  -45.0000   45.0000 8372.9844   21.6714
    7.5000  -45.0000   45.0000 7967.2285   21.7877
   -7.5000  -37.5000   45.0000 8683.0723   21.6332
    0.0000  -37.5000   45.0000 8981.7988   21.6408
    7.5000  -37.5000   45.0000 8506.0488   21.7706
   -7.5000  -30.0000   45.0000 9542.5195   21.6247
    0.0000  -30.0000   45.0000 9891.8564   21.6269
    7.5000  -30.0000   45.0000 9350.1416   21.7559
   -7.5000  -22.5000   45.000010305.9678   21.6469
    0.0000  -22.5000   45.000010652.9395   21.6412
    7.5000  -22.5000   45.000010100.0566   21.7521
   -7.5000  -15.0000   45.000010958.2129   21.6751
    0.0000  -15.0000   45.000011315.4277   21.6673
    7.5000  -15.0000   45.000010751.6748   21.7633
   -7.5000   -7.5000   45.000011568.5518   21.6789
    0.0000   -7.5000   45.000011948.7822   21.6785
    7.5000   -7.5000   45.000011337.7354   21.7790
   -7.5000    0.0000   45.000012132.2725   21.6592
    0.0000    0.0000   45.000012504.9756   21.6663
    7.5000    0.0000   45.000011888.6445   21.7826
   -7.5000    7.5000   45.000011817.9238   21.6332
    0.0000    7.5000   45.000012173.8584   21.6408
    7.5000    7.5000   45.000011595.4082   21.7706
   -7.5000   15.0000   45.000011381.7471   21.6247
    0.0000   15.0000   45.000011727.6152   21.6269
    7.5000   15.0000   45.000011166.6279   21.7559
   -7.5000   22.5000   45.000010763.6348   21.6369
    0.0000   22.5000   45.000011115.0527   21.6312
    7.5000   22.5000   45.000010539.3398   21.7420
   -7.5000   30.0000   45.0000 9920.5254   21.3927
    0.0000   30.0000   45.000010236.0703   21.3850
    7.5000   30.0000   45.0000 9721.1924   21.4797
   -7.5000   37.5000   45.0000 9405.1611   21.3964
    0.0000   37.5000   45.0000 9694.6562   21.3961
    7.5000   37.5000   45.0000 9217.5820   21.4952
   -7.5000   45.0000   45.0000 8512.8369   20.8864
    0.0000   45.0000   45.0000 8784.1719   20.8933
    7.5000   45.0000   45.0000 8334.0205   21.0054

---------------------------------------------------------------------
imgreg_4dfp /opt/freesurfer/average/711-2C_as_mni_average_305 /opt/freesurfer/average/711-2B_as_mni_average_305_mask talsrcimg_g11 none talsrcimg_to_711-2C_as_mni_average_305_t4 4355
---------------------------------------------------------------------

freesurfer imgreg_4dfp.c
/opt/freesurfer/average/711-2C_as_mni_average_305.4dfp.img
       256       256       256         1
  1.000000  1.000000  1.000000
orientation T byte_order littleendian
Reading image: /opt/freesurfer/average/711-2C_as_mni_average_305.4dfp.img
dimensions:      256       256       256
mmppix:       1.0000   -1.0000   -1.0000
center:     128.0000 -129.0000 -129.0000
/opt/freesurfer/average/711-2B_as_mni_average_305_mask.4dfp.img
       256       256       256         1
  1.000000  1.000000  1.000000
orientation T byte_order littleendian
Reading mask: /opt/freesurfer/average/711-2B_as_mni_average_305_mask.4dfp.img (2306576 pixels)
talsrcimg_g11.4dfp.img
       256       256       256         1
  1.000000  1.000000  1.000000
orientation T byte_order littleendian
Reading image: talsrcimg_g11.4dfp.img
dimensions:      256       256       256
mmppix:       1.0000   -1.0000   -1.0000
center:     128.0000 -129.0000 -129.0000
rotation matrix determinant  1.000000
image alignment mode   4355 decimal     1103 hex
   -7.5000  -45.0000  -45.0000 2121.4395   20.9597
    0.0000  -45.0000  -45.0000 2121.3276   21.0861
    7.5000  -45.0000  -45.0000 2092.2437   21.4648
   -7.5000  -37.5000  -45.0000 2233.5933   19.0686
    0.0000  -37.5000  -45.0000 2233.8594   19.2089
    7.5000  -37.5000  -45.0000 2201.4895   19.5322
   -7.5000  -30.0000  -45.0000 2320.1968   17.7116
    0.0000  -30.0000  -45.0000 2318.8452   17.8344
    7.5000  -30.0000  -45.0000 2288.9309   18.1291
   -7.5000  -22.5000  -45.0000 2378.0183   16.8077
    0.0000  -22.5000  -45.0000 2371.5840   16.8921
    7.5000  -22.5000  -45.0000 2340.3066   17.1916
   -7.5000  -15.0000  -45.0000 2404.6536   16.2643
    0.0000  -15.0000  -45.0000 2400.9839   16.3393
    7.5000  -15.0000  -45.0000 2368.9500   16.6573
   -7.5000   -7.5000  -45.0000 2415.7068   16.0662
    0.0000   -7.5000  -45.0000 2409.7991   16.1215
    7.5000   -7.5000  -45.0000 2379.5664   16.4849
   -7.5000    0.0000  -45.0000 2406.3860   16.1434
    0.0000    0.0000  -45.0000 2398.0554   16.1932
    7.5000    0.0000  -45.0000 2370.3967   16.5646
   -7.5000    7.5000  -45.0000 2384.9719   16.5236
    0.0000    7.5000  -45.0000 2377.1990   16.5575
    7.5000    7.5000  -45.0000 2345.4031   17.0091
   -7.5000   15.0000  -45.0000 2334.2683   17.2010
    0.0000   15.0000  -45.0000 2331.5984   17.2463
    7.5000   15.0000  -45.0000 2293.7017   17.6925
   -7.5000   22.5000  -45.0000 2263.6282   18.2187
    0.0000   22.5000  -45.0000 2262.2629   18.2823
    7.5000   22.5000  -45.0000 2228.4353   18.7129
   -7.5000   30.0000  -45.0000 2172.2268   19.6232
    0.0000   30.0000  -45.0000 2168.4880   19.7332
    7.5000   30.0000  -45.0000 2135.8279   20.1473
   -7.5000   37.5000  -45.0000 2064.2629   21.6407
    0.0000   37.5000  -45.0000 2060.4233   21.6885
    7.5000   37.5000  -45.0000 2030.7051   22.1497
   -7.5000   45.0000  -45.0000 1947.3091   24.2745
    0.0000   45.0000  -45.0000 1944.5128   24.3316
    7.5000   45.0000  -45.0000 1914.9689   24.8104
   -7.5000  -45.0000  -37.5000 2198.9700   19.6869
    0.0000  -45.0000  -37.5000 2193.1089   19.7760
    7.5000  -45.0000  -37.5000 2162.3071   20.0738
   -7.5000  -37.5000  -37.5000 2311.5164   17.8362
    0.0000  -37.5000  -37.5000 2307.3574   17.9159
    7.5000  -37.5000  -37.5000 2277.6797   18.2219
   -7.5000  -30.0000  -37.5000 2406.3928   16.5222
    0.0000  -30.0000  -37.5000 2402.0063   16.5891
    7.5000  -30.0000  -37.5000 2371.3318   16.8635
   -7.5000  -22.5000  -37.5000 2472.2493   15.6939
    0.0000  -22.5000  -37.5000 2464.9109   15.7426
    7.5000  -22.5000  -37.5000 2432.1582   15.9936
   -7.5000  -15.0000  -37.5000 2499.9021   15.1660
    0.0000  -15.0000  -37.5000 2497.3232   15.2253
    7.5000  -15.0000  -37.5000 2460.8193   15.5144
   -7.5000   -7.5000  -37.5000 2516.7964   14.9233
    0.0000   -7.5000  -37.5000 2510.8806   14.9763
    7.5000   -7.5000  -37.5000 2474.3677   15.3018
   -7.5000    0.0000  -37.5000 2507.2456   14.9592
    0.0000    0.0000  -37.5000 2499.2100   15.0103
    7.5000    0.0000  -37.5000 2465.0325   15.3536
   -7.5000    7.5000  -37.5000 2480.6694   15.3055
    0.0000    7.5000  -37.5000 2473.2959   15.3215
    7.5000    7.5000  -37.5000 2440.5657   15.7401
   -7.5000   15.0000  -37.5000 2429.7236   15.9396
    0.0000   15.0000  -37.5000 2425.2012   15.9639
    7.5000   15.0000  -37.5000 2389.8362   16.3971
   -7.5000   22.5000  -37.5000 2355.2515   16.9070
    0.0000   22.5000  -37.5000 2350.8723   16.9299
    7.5000   22.5000  -37.5000 2313.1279   17.3703
   -7.5000   30.0000  -37.5000 2256.1248   18.2133
    0.0000   30.0000  -37.5000 2250.5034   18.2907
    7.5000   30.0000  -37.5000 2217.9287   18.6998
   -7.5000   37.5000  -37.5000 2145.4915   20.0146
    0.0000   37.5000  -37.5000 2141.9490   20.0369
    7.5000   37.5000  -37.5000 2105.3049   20.4675
   -7.5000   45.0000  -37.5000 2020.6874   22.4451
    0.0000   45.0000  -37.5000 2018.7081   22.5133
    7.5000   45.0000  -37.5000 1980.5389   22.8613
   -7.5000  -45.0000  -30.0000 2308.0215   19.1537
    0.0000  -45.0000  -30.0000 2300.0520   19.2304
    7.5000  -45.0000  -30.0000 2263.2305   19.5442
   -7.5000  -37.5000  -30.0000 2431.2849   17.3501
    0.0000  -37.5000  -30.0000 2422.6487   17.3802
    7.5000  -37.5000  -30.0000 2386.1763   17.6922
   -7.5000  -30.0000  -30.0000 2530.4739   16.0050
    0.0000  -30.0000  -30.0000 2518.5481   16.0033
    7.5000  -30.0000  -30.0000 2481.2351   16.2820
   -7.5000  -22.5000  -30.0000 2608.6875   15.1474
    0.0000  -22.5000  -30.0000 2598.4805   15.1450
    7.5000  -22.5000  -30.0000 2554.5085   15.3901
   -7.5000  -15.0000  -30.0000 2642.6113   14.6261
    0.0000  -15.0000  -30.0000 2636.9001   14.6373
    7.5000  -15.0000  -30.0000 2595.4919   14.8972
   -7.5000   -7.5000  -30.0000 2667.8650   14.3471
    0.0000   -7.5000  -30.0000 2659.5798   14.3767
    7.5000   -7.5000  -30.0000 2620.4141   14.6727
   -7.5000    0.0000  -30.0000 2655.0298   14.4092
    0.0000    0.0000  -30.0000 2649.0625   14.4643
    7.5000    0.0000  -30.0000 2609.7939   14.7927
   -7.5000    7.5000  -30.0000 2625.5168   14.7611
    0.0000    7.5000  -30.0000 2619.2341   14.7644
    7.5000    7.5000  -30.0000 2583.4673   15.1404
   -7.5000   15.0000  -30.0000 2569.7500   15.3657
    0.0000   15.0000  -30.0000 2563.1431   15.3667
    7.5000   15.0000  -30.0000 2523.2573   15.7570
   -7.5000   22.5000  -30.0000 2489.9832   16.3076
    0.0000   22.5000  -30.0000 2487.8967   16.3339
    7.5000   22.5000  -30.0000 2444.2261   16.7153
   -7.5000   30.0000  -30.0000 2384.8167   17.5574
    0.0000   30.0000  -30.0000 2385.5278   17.5699
    7.5000   30.0000  -30.0000 2343.0295   17.9796
   -7.5000   37.5000  -30.0000 2260.7515   19.2247
    0.0000   37.5000  -30.0000 2262.6089   19.2506
    7.5000   37.5000  -30.0000 2222.2524   19.6604
   -7.5000   45.0000  -30.0000 2120.9541   21.5348
    0.0000   45.0000  -30.0000 2122.3352   21.5740
    7.5000   45.0000  -30.0000 2089.7810   22.0152
   -7.5000  -45.0000  -22.5000 2383.0847   18.5677
    0.0000  -45.0000  -22.5000 2374.2080   18.6296
    7.5000  -45.0000  -22.5000 2338.6624   18.9759
   -7.5000  -37.5000  -22.5000 2512.5742   16.7509
    0.0000  -37.5000  -22.5000 2502.9836   16.7862
    7.5000  -37.5000  -22.5000 2460.4167   17.1129
   -7.5000  -30.0000  -22.5000 2617.9536   15.3869
    0.0000  -30.0000  -22.5000 2606.1143   15.4090
    7.5000  -30.0000  -22.5000 2561.6416   15.7096
   -7.5000  -22.5000  -22.5000 2706.5464   14.4997
    0.0000  -22.5000  -22.5000 2695.6965   14.4818
    7.5000  -22.5000  -22.5000 2651.8625   14.7743
   -7.5000  -15.0000  -22.5000 2756.0818   13.9366
    0.0000  -15.0000  -22.5000 2747.3113   13.9273
    7.5000  -15.0000  -22.5000 2702.0049   14.2070
   -7.5000   -7.5000  -22.5000 2783.0522   13.6392
    0.0000   -7.5000  -22.5000 2773.4595   13.6653
    7.5000   -7.5000  -22.5000 2730.3789   13.9836
   -7.5000    0.0000  -22.5000 2776.1802   13.7433
    0.0000    0.0000  -22.5000 2769.5242   13.7770
    7.5000    0.0000  -22.5000 2725.7488   14.0799
   -7.5000    7.5000  -22.5000 2743.2292   14.1280
    0.0000    7.5000  -22.5000 2739.4067   14.1338
    7.5000    7.5000  -22.5000 2696.1521   14.4616
   -7.5000   15.0000  -22.5000 2685.5327   14.7363
    0.0000   15.0000  -22.5000 2681.1824   14.7386
    7.5000   15.0000  -22.5000 2634.6145   15.0952
   -7.5000   22.5000  -22.5000 2598.3792   15.6264
    0.0000   22.5000  -22.5000 2597.4167   15.6341
    7.5000   22.5000  -22.5000 2550.5662   16.0193
   -7.5000   30.0000  -22.5000 2484.0781   16.8358
    0.0000   30.0000  -22.5000 2486.1089   16.8014
    7.5000   30.0000  -22.5000 2443.2319   17.2421
   -7.5000   37.5000  -22.5000 2355.8352   18.4622
    0.0000   37.5000  -22.5000 2354.1082   18.4508
    7.5000   37.5000  -22.5000 2317.7615   18.8798
   -7.5000   45.0000  -22.5000 2201.4912   20.6645
    0.0000   45.0000  -22.5000 2199.5391   20.6633
    7.5000   45.0000  -22.5000 2170.8547   21.1597
   -7.5000  -45.0000  -15.0000 2415.3015   18.0178
    0.0000  -45.0000  -15.0000 2410.3279   18.0926
    7.5000  -45.0000  -15.0000 2376.2563   18.4770
   -7.5000  -37.5000  -15.0000 2551.6333   16.2178
    0.0000  -37.5000  -15.0000 2547.8772   16.2763
    7.5000  -37.5000  -15.0000 2502.0017   16.6040
   -7.5000  -30.0000  -15.0000 2666.4829   14.8261
    0.0000  -30.0000  -15.0000 2661.1597   14.8779
    7.5000  -30.0000  -15.0000 2612.2820   15.2027
   -7.5000  -22.5000  -15.0000 2768.2087   13.9027
    0.0000  -22.5000  -15.0000 2760.8347   13.9085
    7.5000  -22.5000  -15.0000 2709.1572   14.2165
   -7.5000  -15.0000  -15.0000 2832.7205   13.2850
    0.0000  -15.0000  -15.0000 2821.4697   13.2967
    7.5000  -15.0000  -15.0000 2767.6206   13.5910
   -7.5000   -7.5000  -15.0000 2859.7476   12.9459
    0.0000   -7.5000  -15.0000 2850.4180   12.9944
    7.5000   -7.5000  -15.0000 2800.6528   13.3396
   -7.5000    0.0000  -15.0000 2860.6323   13.0553
    0.0000    0.0000  -15.0000 2856.1536   13.0803
    7.5000    0.0000  -15.0000 2803.7090   13.4252
   -7.5000    7.5000  -15.0000 2832.7654   13.4840
    0.0000    7.5000  -15.0000 2829.4338   13.4857
    7.5000    7.5000  -15.0000 2773.4138   13.8270
   -7.5000   15.0000  -15.0000 2763.7412   14.1103
    0.0000   15.0000  -15.0000 2761.3433   14.0818
    7.5000   15.0000  -15.0000 2710.7300   14.4740
   -7.5000   22.5000  -15.0000 2669.8938   14.9696
    0.0000   22.5000  -15.0000 2666.3604   14.9342
    7.5000   22.5000  -15.0000 2622.0886   15.3929
   -7.5000   30.0000  -15.0000 2548.6477   16.1302
    0.0000   30.0000  -15.0000 2549.5898   16.1150
    7.5000   30.0000  -15.0000 2509.6365   16.5833
   -7.5000   37.5000  -15.0000 2419.1230   17.7625
    0.0000   37.5000  -15.0000 2416.4194   17.7375
    7.5000   37.5000  -15.0000 2378.5024   18.2367
   -7.5000   45.0000  -15.0000 2258.7415   19.9157
    0.0000   45.0000  -15.0000 2254.4280   19.9177
    7.5000   45.0000  -15.0000 2223.5645   20.4425
   -7.5000  -45.0000   -7.5000 2425.9788   17.5769
    0.0000  -45.0000   -7.5000 2421.4326   17.6434
    7.5000  -45.0000   -7.5000 2381.7559   18.0593
   -7.5000  -37.5000   -7.5000 2565.2598   15.7644
    0.0000  -37.5000   -7.5000 2563.2444   15.8234
    7.5000  -37.5000   -7.5000 2514.1104   16.2076
   -7.5000  -30.0000   -7.5000 2690.0923   14.4187
    0.0000  -30.0000   -7.5000 2681.3052   14.4336
    7.5000  -30.0000   -7.5000 2633.2107   14.8151
   -7.5000  -22.5000   -7.5000 2798.1184   13.4941
    0.0000  -22.5000   -7.5000 2792.1880   13.4936
    7.5000  -22.5000   -7.5000 2740.9949   13.8343
   -7.5000  -15.0000   -7.5000 2879.0947   12.7934
    0.0000  -15.0000   -7.5000 2869.4741   12.8225
    7.5000  -15.0000   -7.5000 2810.1182   13.1775
   -7.5000   -7.5000   -7.5000 2911.2488   12.3290
    0.0000   -7.5000   -7.5000 2902.7632   12.3962
    7.5000   -7.5000   -7.5000 2846.2830   12.8619
   -7.5000    0.0000   -7.5000 2911.9553   12.4014
    0.0000    0.0000   -7.5000 2913.7781   12.4077
    7.5000    0.0000   -7.5000 2858.4570   12.9128
   -7.5000    7.5000   -7.5000 2882.8330   12.8584
    0.0000    7.5000   -7.5000 2883.6521   12.8313
    7.5000    7.5000   -7.5000 2825.4724   13.3142
   -7.5000   15.0000   -7.5000 2807.0122   13.5254
    0.0000   15.0000   -7.5000 2805.1372   13.5042
    7.5000   15.0000   -7.5000 2765.0627   14.0036
   -7.5000   22.5000   -7.5000 2709.6399   14.3746
    0.0000   22.5000   -7.5000 2709.2605   14.3659
    7.5000   22.5000   -7.5000 2672.2195   14.8988
   -7.5000   30.0000   -7.5000 2587.1741   15.5436
    0.0000   30.0000   -7.5000 2584.3318   15.5544
    7.5000   30.0000   -7.5000 2552.7715   16.0972
   -7.5000   37.5000   -7.5000 2450.4011   17.1649
    0.0000   37.5000   -7.5000 2449.8650   17.2001
    7.5000   37.5000   -7.5000 2417.0017   17.7195
   -7.5000   45.0000   -7.5000 2288.4314   19.2722
    0.0000   45.0000   -7.5000 2289.2502   19.3368
    7.5000   45.0000   -7.5000 2259.7554   19.8698
   -7.5000  -45.0000    0.0000 2416.7095   17.3814
    0.0000  -45.0000    0.0000 2413.6665   17.3743
    7.5000  -45.0000    0.0000 2378.2627   17.9017
   -7.5000  -37.5000    0.0000 2557.6460   15.5628
    0.0000  -37.5000    0.0000 2552.4270   15.5669
    7.5000  -37.5000    0.0000 2510.2336   16.0118
   -7.5000  -30.0000    0.0000 2688.8201   14.2286
    0.0000  -30.0000    0.0000 2682.3713   14.1985
    7.5000  -30.0000    0.0000 2635.3599   14.6425
   -7.5000  -22.5000    0.0000 2807.5168   13.3105
    0.0000  -22.5000    0.0000 2801.7495   13.2519
    7.5000  -22.5000    0.0000 2752.2397   13.6856
   -7.5000  -15.0000    0.0000 2902.1438   12.6467
    0.0000  -15.0000    0.0000 2899.8079   12.6485
    7.5000  -15.0000    0.0000 2833.1318   13.0388
   -7.5000   -7.5000    0.0000 2944.3542   12.0308
    0.0000   -7.5000    0.0000 2941.0964   12.0794
    7.5000   -7.5000    0.0000 2879.1265   12.6721
   -7.5000    0.0000    0.0000 2942.5833   11.9915
    0.0000    0.0000    0.0000 2945.0935   11.9768
    7.5000    0.0000    0.0000 2892.0332   12.6259
   -7.5000    7.5000    0.0000 2899.6365   12.4605
    0.0000    7.5000    0.0000 2904.3840   12.4253
    7.5000    7.5000    0.0000 2857.9778   13.0500
   -7.5000   15.0000    0.0000 2822.7268   13.1826
    0.0000   15.0000    0.0000 2832.2104   13.1509
    7.5000   15.0000    0.0000 2788.9126   13.7272
   -7.5000   22.5000    0.0000 2726.3701   14.0758
    0.0000   22.5000    0.0000 2732.4026   14.0945
    7.5000   22.5000    0.0000 2693.3462   14.5845
   -7.5000   30.0000    0.0000 2603.4563   15.2682
    0.0000   30.0000    0.0000 2604.5347   15.2965
    7.5000   30.0000    0.0000 2573.0730   15.7555
   -7.5000   37.5000    0.0000 2465.4568   16.8933
    0.0000   37.5000    0.0000 2467.6404   16.8962
    7.5000   37.5000    0.0000 2431.6206   17.3375
   -7.5000   45.0000    0.0000 2299.3284   18.9648
    0.0000   45.0000    0.0000 2304.1638   18.9695
    7.5000   45.0000    0.0000 2273.0903   19.4088
   -7.5000  -45.0000    7.5000 2404.1489   17.4291
    0.0000  -45.0000    7.5000 2400.4614   17.3721
    7.5000  -45.0000    7.5000 2372.0974   17.9792
   -7.5000  -37.5000    7.5000 2545.7832   15.5929
    0.0000  -37.5000    7.5000 2541.1921   15.5220
    7.5000  -37.5000    7.5000 2504.3445   16.0745
   -7.5000  -30.0000    7.5000 2675.7256   14.2009
    0.0000  -30.0000    7.5000 2672.6279   14.1232
    7.5000  -30.0000    7.5000 2633.5601   14.6833
   -7.5000  -22.5000    7.5000 2792.8521   13.2630
    0.0000  -22.5000    7.5000 2792.8789   13.1718
    7.5000  -22.5000    7.5000 2748.9067   13.7224
   -7.5000  -15.0000    7.5000 2892.5750   12.6263
    0.0000  -15.0000    7.5000 2895.3215   12.5803
    7.5000  -15.0000    7.5000 2836.9346   13.0955
   -7.5000   -7.5000    7.5000 2948.2542   12.0880
    0.0000   -7.5000    7.5000 2944.3098   12.0443
    7.5000   -7.5000    7.5000 2888.9238   12.6630
   -7.5000    0.0000    7.5000 2949.9070   11.9498
    0.0000    0.0000    7.5000 2953.9014   11.8955
    7.5000    0.0000    7.5000 2901.1653   12.5739
   -7.5000    7.5000    7.5000 2908.6846   12.3657
    0.0000    7.5000    7.5000 2913.2664   12.3102
    7.5000    7.5000    7.5000 2862.9287   12.9148
   -7.5000   15.0000    7.5000 2832.6191   13.0597
    0.0000   15.0000    7.5000 2838.4075   13.0102
    7.5000   15.0000    7.5000 2791.6611   13.5105
   -7.5000   22.5000    7.5000 2729.4385   13.9967
    0.0000   22.5000    7.5000 2732.4524   13.9685
    7.5000   22.5000    7.5000 2696.5439   14.4147
   -7.5000   30.0000    7.5000 2604.4607   15.2360
    0.0000   30.0000    7.5000 2605.0042   15.1999
    7.5000   30.0000    7.5000 2572.9612   15.6120
   -7.5000   37.5000    7.5000 2466.5200   16.8568
    0.0000   37.5000    7.5000 2470.8818   16.8237
    7.5000   37.5000    7.5000 2430.5496   17.2260
   -7.5000   45.0000    7.5000 2301.0435   18.9382
    0.0000   45.0000    7.5000 2303.5415   18.9187
    7.5000   45.0000    7.5000 2272.5281   19.3325
   -7.5000  -45.0000   15.0000 2384.5876   17.6283
    0.0000  -45.0000   15.0000 2377.8665   17.4723
    7.5000  -45.0000   15.0000 2353.4529   18.2012
   -7.5000  -37.5000   15.0000 2518.8892   15.7937
    0.0000  -37.5000   15.0000 2513.6484   15.6287
    7.5000  -37.5000   15.0000 2484.5791   16.3084
   -7.5000  -30.0000   15.0000 2644.9597   14.4269
    0.0000  -30.0000   15.0000 2641.9072   14.2730
    7.5000  -30.0000   15.0000 2607.6050   14.9476
   -7.5000  -22.5000   15.0000 2759.0298   13.5075
    0.0000  -22.5000   15.0000 2761.8596   13.3713
    7.5000  -22.5000   15.0000 2722.7244   13.9994
   -7.5000  -15.0000   15.0000 2856.1375   12.8312
    0.0000  -15.0000   15.0000 2861.1196   12.7287
    7.5000  -15.0000   15.0000 2810.2971   13.3393
   -7.5000   -7.5000   15.0000 2910.2925   12.2706
    0.0000   -7.5000   15.0000 2908.8044   12.1925
    7.5000   -7.5000   15.0000 2859.9854   12.8721
   -7.5000    0.0000   15.0000 2932.9954   12.2460
    0.0000    0.0000   15.0000 2935.1384   12.1637
    7.5000    0.0000   15.0000 2878.5713   12.7175
   -7.5000    7.5000   15.0000 2899.5261   12.6440
    0.0000    7.5000   15.0000 2903.0552   12.5942
    7.5000    7.5000   15.0000 2844.6677   13.0083
   -7.5000   15.0000   15.0000 2822.1323   13.2761
    0.0000   15.0000   15.0000 2826.7683   13.2217
    7.5000   15.0000   15.0000 2773.5076   13.6261
   -7.5000   22.5000   15.0000 2710.0391   14.1727
    0.0000   22.5000   15.0000 2712.1560   14.1292
    7.5000   22.5000   15.0000 2673.7622   14.5241
   -7.5000   30.0000   15.0000 2586.3264   15.3944
    0.0000   30.0000   15.0000 2585.5017   15.3559
    7.5000   30.0000   15.0000 2554.8215   15.7427
   -7.5000   37.5000   15.0000 2447.3281   16.9813
    0.0000   37.5000   15.0000 2448.0505   16.9482
    7.5000   37.5000   15.0000 2419.2659   17.3370
   -7.5000   45.0000   15.0000 2281.7041   19.0444
    0.0000   45.0000   15.0000 2286.4644   19.0248
    7.5000   45.0000   15.0000 2261.1169   19.4389
   -7.5000  -45.0000   22.5000 2355.2261   18.0325
    0.0000  -45.0000   22.5000 2352.0042   17.8541
    7.5000  -45.0000   22.5000 2328.4348   18.6509
   -7.5000  -37.5000   22.5000 2487.1794   16.1947
    0.0000  -37.5000   22.5000 2482.7542   16.0127
    7.5000  -37.5000   22.5000 2454.5596   16.7842
   -7.5000  -30.0000   22.5000 2611.4478   14.8832
    0.0000  -30.0000   22.5000 2609.9893   14.7214
    7.5000  -30.0000   22.5000 2575.3843   15.3991
   -7.5000  -22.5000   22.5000 2722.5515   13.9821
    0.0000  -22.5000   22.5000 2723.6252   13.8374
    7.5000  -22.5000   22.5000 2681.3828   14.4338
   -7.5000  -15.0000   22.5000 2805.8137   13.2348
    0.0000  -15.0000   22.5000 2808.3364   13.1108
    7.5000  -15.0000   22.5000 2763.2712   13.7877
   -7.5000   -7.5000   22.5000 2858.9375   12.6893
    0.0000   -7.5000   22.5000 2855.2014   12.5820
    7.5000   -7.5000   22.5000 2814.3301   13.2187
   -7.5000    0.0000   22.5000 2892.2793   12.7012
    0.0000    0.0000   22.5000 2897.1428   12.6261
    7.5000    0.0000   22.5000 2840.2170   13.0589
   -7.5000    7.5000   22.5000 2862.3708   13.0896
    0.0000    7.5000   22.5000 2864.1782   13.0135
    7.5000    7.5000   22.5000 2810.9429   13.3801
   -7.5000   15.0000   22.5000 2784.9873   13.7033
    0.0000   15.0000   22.5000 2790.8987   13.6321
    7.5000   15.0000   22.5000 2732.0916   13.9928
   -7.5000   22.5000   22.5000 2675.2258   14.5851
    0.0000   22.5000   22.5000 2679.9104   14.5446
    7.5000   22.5000   22.5000 2632.2153   14.8921
   -7.5000   30.0000   22.5000 2549.1660   15.7900
    0.0000   30.0000   22.5000 2551.2087   15.7386
    7.5000   30.0000   22.5000 2516.8635   16.0950
   -7.5000   37.5000   22.5000 2409.6333   17.3558
    0.0000   37.5000   22.5000 2414.0320   17.3228
    7.5000   37.5000   22.5000 2387.1279   17.7024
   -7.5000   45.0000   22.5000 2248.3850   19.4405
    0.0000   45.0000   22.5000 2248.6262   19.3955
    7.5000   45.0000   22.5000 2233.1965   19.7916
   -7.5000  -45.0000   30.0000 2320.2087   18.7743
    0.0000  -45.0000   30.0000 2314.8372   18.5627
    7.5000  -45.0000   30.0000 2286.4285   19.3872
   -7.5000  -37.5000   30.0000 2448.7637   16.9368
    0.0000  -37.5000   30.0000 2445.5195   16.7608
    7.5000  -37.5000   30.0000 2411.8879   17.4679
   -7.5000  -30.0000   30.0000 2563.5513   15.6014
    0.0000  -30.0000   30.0000 2561.7046   15.4669
    7.5000  -30.0000   30.0000 2523.9575   16.1100
   -7.5000  -22.5000   30.0000 2668.5198   14.6107
    0.0000  -22.5000   30.0000 2667.8035   14.4627
    7.5000  -22.5000   30.0000 2626.1377   15.1284
   -7.5000  -15.0000   30.0000 2743.1365   13.7918
    0.0000  -15.0000   30.0000 2740.1509   13.6499
    7.5000  -15.0000   30.0000 2702.3914   14.3558
   -7.5000   -7.5000   30.0000 2792.7244   13.3657
    0.0000   -7.5000   30.0000 2788.7935   13.2684
    7.5000   -7.5000   30.0000 2748.6348   13.8054
   -7.5000    0.0000   30.0000 2811.0149   13.3548
    0.0000    0.0000   30.0000 2811.5950   13.2816
    7.5000    0.0000   30.0000 2769.4199   13.7268
   -7.5000    7.5000   30.0000 2778.3975   13.6732
    0.0000    7.5000   30.0000 2779.3311   13.5908
    7.5000    7.5000   30.0000 2744.8435   13.9968
   -7.5000   15.0000   30.0000 2710.6257   14.2829
    0.0000   15.0000   30.0000 2717.7837   14.1834
    7.5000   15.0000   30.0000 2667.6448   14.5766
   -7.5000   22.5000   30.0000 2621.0652   15.1771
    0.0000   22.5000   30.0000 2624.0977   15.1047
    7.5000   22.5000   30.0000 2571.0564   15.4678
   -7.5000   30.0000   30.0000 2497.1445   16.4207
    0.0000   30.0000   30.0000 2504.5012   16.3688
    7.5000   30.0000   30.0000 2465.3064   16.7123
   -7.5000   37.5000   30.0000 2358.6350   17.9926
    0.0000   37.5000   30.0000 2361.0251   17.9704
    7.5000   37.5000   30.0000 2341.2905   18.3143
   -7.5000   45.0000   30.0000 2197.7498   20.0418
    0.0000   45.0000   30.0000 2198.1157   20.0187
    7.5000   45.0000   30.0000 2184.0376   20.3904
   -7.5000  -45.0000   37.5000 2266.7251   19.8037
    0.0000  -45.0000   37.5000 2266.1853   19.6397
    7.5000  -45.0000   37.5000 2238.5342   20.3779
   -7.5000  -37.5000   37.5000 2397.7366   17.9151
    0.0000  -37.5000   37.5000 2396.4453   17.7927
    7.5000  -37.5000   37.5000 2366.0684   18.4518
   -7.5000  -30.0000   37.5000 2508.9026   16.4682
    0.0000  -30.0000   37.5000 2509.7483   16.3651
    7.5000  -30.0000   37.5000 2470.5811   17.0002
   -7.5000  -22.5000   37.5000 2605.8308   15.3883
    0.0000  -22.5000   37.5000 2611.6113   15.2831
    7.5000  -22.5000   37.5000 2565.3882   15.9265
   -7.5000  -15.0000   37.5000 2672.3708   14.5908
    0.0000  -15.0000   37.5000 2672.4900   14.5105
    7.5000  -15.0000   37.5000 2633.8259   15.1190
   -7.5000   -7.5000   37.5000 2712.9678   14.2206
    0.0000   -7.5000   37.5000 2714.1252   14.1371
    7.5000   -7.5000   37.5000 2675.1221   14.6441
   -7.5000    0.0000   37.5000 2717.9692   14.1555
    0.0000    0.0000   37.5000 2721.2910   14.1011
    7.5000    0.0000   37.5000 2684.3799   14.5388
   -7.5000    7.5000   37.5000 2686.8469   14.3897
    0.0000    7.5000   37.5000 2693.2534   14.3396
    7.5000    7.5000   37.5000 2661.4465   14.7564
   -7.5000   15.0000   37.5000 2623.9878   15.0352
    0.0000   15.0000   37.5000 2631.3940   14.9515
    7.5000   15.0000   37.5000 2589.7405   15.3712
   -7.5000   22.5000   37.5000 2541.7048   15.9706
    0.0000   22.5000   37.5000 2548.2603   15.8637
    7.5000   22.5000   37.5000 2501.2673   16.2618
   -7.5000   30.0000   37.5000 2431.8645   17.1960
    0.0000   30.0000   37.5000 2435.1196   17.1498
    7.5000   30.0000   37.5000 2399.1924   17.5321
   -7.5000   37.5000   37.5000 2294.1179   18.7822
    0.0000   37.5000   37.5000 2295.5149   18.7887
    7.5000   37.5000   37.5000 2277.4973   19.1831
   -7.5000   45.0000   37.5000 2145.5750   20.8534
    0.0000   45.0000   37.5000 2146.2236   20.8699
    7.5000   45.0000   37.5000 2127.3882   21.3145
   -7.5000  -45.0000   45.0000 2207.2581   20.9740
    0.0000  -45.0000   45.0000 2208.5684   20.8779
    7.5000  -45.0000   45.0000 2186.3250   21.5690
   -7.5000  -37.5000   45.0000 2331.3489   18.9351
    0.0000  -37.5000   45.0000 2336.5203   18.8999
    7.5000  -37.5000   45.0000 2302.2583   19.5297
   -7.5000  -30.0000   45.0000 2436.9785   17.4571
    0.0000  -30.0000   45.0000 2449.5684   17.4299
    7.5000  -30.0000   45.0000 2402.2212   18.0133
   -7.5000  -22.5000   45.0000 2526.8401   16.3981
    0.0000  -22.5000   45.0000 2536.1084   16.3261
    7.5000  -22.5000   45.0000 2491.5364   16.9053
   -7.5000  -15.0000   45.0000 2590.9143   15.6342
    0.0000  -15.0000   45.0000 2593.6682   15.5869
    7.5000  -15.0000   45.0000 2555.9219   16.0906
   -7.5000   -7.5000   45.0000 2621.8188   15.2496
    0.0000   -7.5000   45.0000 2631.7092   15.1966
    7.5000   -7.5000   45.0000 2589.0896   15.6585
   -7.5000    0.0000   45.0000 2620.6599   15.1138
    0.0000    0.0000   45.0000 2627.7207   15.0802
    7.5000    0.0000   45.0000 2591.4358   15.4797
   -7.5000    7.5000   45.0000 2590.7600   15.3285
    0.0000    7.5000   45.0000 2600.6880   15.2797
    7.5000    7.5000   45.0000 2570.0095   15.6816
   -7.5000   15.0000   45.0000 2536.6987   15.9922
    0.0000   15.0000   45.0000 2542.6816   15.9109
    7.5000   15.0000   45.0000 2509.8113   16.3121
   -7.5000   22.5000   45.0000 2457.5115   16.9079
    0.0000   22.5000   45.0000 2467.6587   16.8287
    7.5000   22.5000   45.0000 2423.7002   17.2170
   -7.5000   30.0000   45.0000 2348.4099   18.1331
    0.0000   30.0000   45.0000 2353.2888   18.0984
    7.5000   30.0000   45.0000 2321.7578   18.4790
   -7.5000   37.5000   45.0000 2220.2561   19.7733
    0.0000   37.5000   45.0000 2216.9004   19.7783
    7.5000   37.5000   45.0000 2204.9736   20.1479
   -7.5000   45.0000   45.0000 2083.4897   21.9255
    0.0000   45.0000   45.0000 2081.5371   21.9653
    7.5000   45.0000   45.0000 2070.3931   22.3698

---------------------------------------------------------------------
imgreg_4dfp /opt/freesurfer/average/711-2C_as_mni_average_305 /opt/freesurfer/average/711-2B_as_mni_average_305_mask talsrcimg_g11 none talsrcimg_to_711-2C_as_mni_average_305_t4 1283
---------------------------------------------------------------------

freesurfer imgreg_4dfp.c
/opt/freesurfer/average/711-2C_as_mni_average_305.4dfp.img
       256       256       256         1
  1.000000  1.000000  1.000000
orientation T byte_order littleendian
Reading image: /opt/freesurfer/average/711-2C_as_mni_average_305.4dfp.img
dimensions:      256       256       256
mmppix:       1.0000   -1.0000   -1.0000
center:     128.0000 -129.0000 -129.0000
/opt/freesurfer/average/711-2B_as_mni_average_305_mask.4dfp.img
       256       256       256         1
  1.000000  1.000000  1.000000
orientation T byte_order littleendian
Reading mask: /opt/freesurfer/average/711-2B_as_mni_average_305_mask.4dfp.img (2306576 pixels)
talsrcimg_g11.4dfp.img
       256       256       256         1
  1.000000  1.000000  1.000000
orientation T byte_order littleendian
Reading image: talsrcimg_g11.4dfp.img
dimensions:      256       256       256
mmppix:       1.0000   -1.0000   -1.0000
center:     128.0000 -129.0000 -129.0000
rotation matrix determinant  1.000000
fimgreg.f
image alignment mode   1283 decimal      503 hex
parameters
    0.0000    0.0000    7.5000    0.0000    0.0000    0.0000
eta,q 0.92763 11.97553
niter,ni,del,rscale     5    3   12.0000    1.2000
parameter  2  0.910182 ->  0.500000 qaram    1.1500
parameter  4  0.731720 ->  0.500000 qaram    1.1500
parameters
   -1.8656   -3.4500    6.7772   -3.4500   -1.2308    1.7798
eta,q 0.93637 11.91338
  0.0767  0.0694  0.0724  0.0670  0.0686  0.0712
  0.0727  0.0678  0.0696  0.0652  0.0662  0.0684
  0.0718  0.0693  0.0685  0.0660  0.0641  0.0658
  0.0747  0.0717  0.0677  0.0680  0.0652  0.0640
  0.0759  0.0749  0.0688  0.0705  0.0677  0.0636
  0.0789  0.0777  0.0716  0.0732  0.0693  0.0646
  0.0842  0.0811  0.0755  0.0756  0.0713  0.0661
niter,ni,del,rscale     6    3   12.0000    1.2000
parameters
   -1.4785   -2.1783    5.6720   -4.5845   -1.2479    2.3927
eta,q 0.93642 11.84254
  0.0726  0.0782  0.0693  0.0694  0.0685  0.0691
  0.0715  0.0720  0.0667  0.0662  0.0664  0.0663
  0.0660  0.0670  0.0651  0.0632  0.0643  0.0640
  0.0636  0.0640  0.0643  0.0646  0.0634  0.0634
  0.0667  0.0650  0.0660  0.0676  0.0650  0.0644
  0.0683  0.0672  0.0707  0.0696  0.0669  0.0655
  0.0716  0.0707  0.0750  0.0715  0.0679  0.0667
niter,ni,del,rscale     5    3   12.0000    1.2000
parameters
   -1.4186   -2.2119    5.0521   -5.1829   -1.2686    2.5432
eta,q 0.93653 11.86364
  0.0726  0.0726  0.0700  0.0696  0.0681  0.0682
  0.0700  0.0691  0.0670  0.0678  0.0659  0.0654
  0.0645  0.0652  0.0648  0.0643  0.0640  0.0635
  0.0636  0.0636  0.0636  0.0638  0.0634  0.0634
  0.0662  0.0657  0.0641  0.0669  0.0646  0.0645
  0.0682  0.0688  0.0691  0.0694  0.0664  0.0656
  0.0727  0.0728  0.0744  0.0708  0.0677  0.0671
niter,ni,del,rscale     4    3   12.0000    1.2000
parameters
   -1.4923   -2.3093    4.6848   -5.6251   -1.3310    2.4887
eta,q 0.93662 11.89793
  0.0720  0.0719  0.0704  0.0692  0.0679  0.0678
  0.0691  0.0686  0.0672  0.0682  0.0656  0.0652
  0.0637  0.0652  0.0649  0.0653  0.0638  0.0634
  0.0635  0.0634  0.0634  0.0635  0.0634  0.0634
  0.0659  0.0656  0.0634  0.0661  0.0645  0.0646
  0.0680  0.0687  0.0678  0.0690  0.0661  0.0658
  0.0727  0.0724  0.0739  0.0705  0.0676  0.0673
niter,ni,del,rscale     3    3   12.0000    1.2000
parameters
   -1.5666   -2.3135    4.4645   -5.9849   -1.4183    2.3913
eta,q 0.93658 11.92572
  0.0717  0.0718  0.0707  0.0688  0.0678  0.0678
  0.0689  0.0685  0.0675  0.0683  0.0655  0.0653
  0.0636  0.0655  0.0652  0.0658  0.0638  0.0636
  0.0634  0.0633  0.0633  0.0634  0.0635  0.0635
  0.0658  0.0655  0.0633  0.0655  0.0644  0.0646
  0.0678  0.0685  0.0671  0.0686  0.0660  0.0660
  0.0724  0.0718  0.0736  0.0704  0.0677  0.0674
niter,ni,del,rscale     2    3   12.0000    1.2000
parameters
   -1.6296   -2.2730    4.3252   -6.3114   -1.4982    2.2967
eta,q 0.93641 11.94815
  0.0715  0.0718  0.0708  0.0685  0.0679  0.0679
  0.0690  0.0683  0.0676  0.0683  0.0655  0.0655
  0.0637  0.0656  0.0654  0.0662  0.0639  0.0638
  0.0634  0.0634  0.0634  0.0634  0.0636  0.0636
  0.0658  0.0655  0.0632  0.0651  0.0644  0.0648
  0.0677  0.0684  0.0667  0.0682  0.0660  0.0662
  0.0722  0.0715  0.0734  0.0704  0.0677  0.0675
niter,ni,del,rscale     1    3   12.0000    1.2000
parameters
   -1.6610   -2.1945    4.2090   -6.6017   -1.5874    2.1853
eta,q 0.93617 11.96508
  0.0714  0.0716  0.0708  0.0682  0.0679  0.0680
  0.0692  0.0682  0.0678  0.0683  0.0654  0.0657
  0.0640  0.0658  0.0656  0.0665  0.0641  0.0641
  0.0636  0.0636  0.0635  0.0636  0.0639  0.0639
  0.0659  0.0655  0.0633  0.0647  0.0645  0.0649
  0.0677  0.0683  0.0666  0.0679  0.0659  0.0664
  0.0720  0.0712  0.0734  0.0703  0.0677  0.0677
registration optimization eta report
parameter search radius
    6.0000    6.9000    6.0000    6.9000    6.0000    6.0000
100000*second partial in parameter space
       22.       15.       24.       10.       11.       11.
  0.0714  0.0716  0.0708  0.0682  0.0679  0.0680
  0.0692  0.0682  0.0678  0.0683  0.0654  0.0657
  0.0640  0.0658  0.0656  0.0665  0.0641  0.0641
  0.0636  0.0636  0.0635  0.0636  0.0639  0.0639
  0.0659  0.0655  0.0633  0.0647  0.0645  0.0649
  0.0677  0.0683  0.0666  0.0679  0.0659  0.0664
  0.0720  0.0712  0.0734  0.0703  0.0677  0.0677
   -1.6610   -2.1945    4.2090   -6.6017   -1.5874    2.1853
eta,q 0.93617 11.96508

---------------------------------------------------------------------
imgreg_4dfp /opt/freesurfer/average/711-2C_as_mni_average_305 /opt/freesurfer/average/711-2B_as_mni_average_305_mask talsrcimg_g11 none talsrcimg_to_711-2C_as_mni_average_305_t4 3335
---------------------------------------------------------------------

freesurfer imgreg_4dfp.c
/opt/freesurfer/average/711-2C_as_mni_average_305.4dfp.img
       256       256       256         1
  1.000000  1.000000  1.000000
orientation T byte_order littleendian
Reading image: /opt/freesurfer/average/711-2C_as_mni_average_305.4dfp.img
dimensions:      256       256       256
mmppix:       1.0000   -1.0000   -1.0000
center:     128.0000 -129.0000 -129.0000
/opt/freesurfer/average/711-2B_as_mni_average_305_mask.4dfp.img
       256       256       256         1
  1.000000  1.000000  1.000000
orientation T byte_order littleendian
Reading mask: /opt/freesurfer/average/711-2B_as_mni_average_305_mask.4dfp.img (2306576 pixels)
talsrcimg_g11.4dfp.img
       256       256       256         1
  1.000000  1.000000  1.000000
orientation T byte_order littleendian
Reading image: talsrcimg_g11.4dfp.img
dimensions:      256       256       256
mmppix:       1.0000   -1.0000   -1.0000
center:     128.0000 -129.0000 -129.0000
fimgreg.f
image alignment mode   3335 decimal      D07 hex
parameters
   -1.6610   -2.1945    4.2090   -0.1111   -0.7474   -0.7012
   -4.1061    2.3115    3.8116   11.5932   -2.7703  -11.4923
eta,q 0.93406 11.85695
niter,ni,del,rscale     5    3    5.0000    1.2000
parameter  1  0.711854 ->  0.500000 qaram    1.1500
parameter  4 -5.470662 ->  0.500000 qaram    1.1500
parameter  5 -9.555887 ->  0.500000 qaram    1.1500
parameter  6  2.316084 ->  0.500000 qaram    1.1500
parameter  7 -0.614105 -> -0.500000 qaram    1.1500
parameter 10  0.656694 ->  0.500000 qaram    1.1500
parameter 12  1.084390 ->  0.500000 qaram    1.1500
parameters
   -3.0410   -1.6641    4.1356   -4.2511   -4.8874   -4.8412
    0.0339    3.5268    2.2134    7.4532   -2.7957  -15.6323
eta,q 0.95352 11.62416
  0.0657  0.0663  0.0657  0.0547  0.0479  0.0466  0.0500  0.0520  0.0489  0.0478  0.0483  0.0463
  0.0654  0.0660  0.0656  0.0587  0.0521  0.0480  0.0494  0.0503  0.0485  0.0473  0.0478  0.0464
  0.0655  0.0657  0.0655  0.0627  0.0562  0.0504  0.0490  0.0490  0.0484  0.0475  0.0474  0.0467
  0.0659  0.0654  0.0653  0.0653  0.0599  0.0532  0.0487  0.0484  0.0484  0.0483  0.0473  0.0473
  0.0665  0.0653  0.0652  0.0682  0.0638  0.0560  0.0485  0.0485  0.0486  0.0495  0.0474  0.0479
  0.0672  0.0654  0.0654  0.0718  0.0676  0.0592  0.0484  0.0490  0.0491  0.0512  0.0478  0.0488
  0.0679  0.0659  0.0659  0.0744  0.0709  0.0631  0.0485  0.0502  0.0498  0.0531  0.0483  0.0498
niter,ni,del,rscale     7    3    5.0000    1.2000
parameter  3 -0.756713 -> -0.500000 qaram    1.1500
parameter  4  2.279190 ->  0.500000 qaram    1.3225
parameter  5  2.370187 ->  0.500000 qaram    1.3225
parameter 12  0.725888 ->  0.500000 qaram    1.3225
parameters
   -3.0023   -2.4687    5.5156   -9.0121   -9.6484   -7.6954
   -1.3103    3.8949    1.9369    8.2253   -2.0496  -20.3933
eta,q 0.96940 11.59446
  0.0488  0.0469  0.0498  0.0368  0.0290  0.0322  0.0343  0.0363  0.0333  0.0353  0.0323  0.0308
  0.0476  0.0464  0.0484  0.0377  0.0306  0.0318  0.0324  0.0340  0.0322  0.0333  0.0318  0.0306
  0.0468  0.0463  0.0472  0.0407  0.0338  0.0315  0.0315  0.0323  0.0315  0.0319  0.0314  0.0308
  0.0465  0.0465  0.0463  0.0455  0.0384  0.0313  0.0315  0.0314  0.0313  0.0313  0.0313  0.0313
  0.0467  0.0469  0.0457  0.0505  0.0432  0.0322  0.0326  0.0315  0.0316  0.0315  0.0313  0.0319
  0.0474  0.0475  0.0455  0.0545  0.0480  0.0353  0.0343  0.0330  0.0324  0.0325  0.0315  0.0327
  0.0488  0.0482  0.0456  0.0592  0.0528  0.0402  0.0364  0.0358  0.0336  0.0340  0.0320  0.0338
niter,ni,del,rscale     7    3    5.0000    1.2000
parameter  2 -0.597280 -> -0.500000 qaram    1.1500
parameter  5  0.973268 ->  0.500000 qaram    1.5209
parameter 10 -0.510972 -> -0.500000 qaram    1.3225
parameter 12  0.992781 ->  0.500000 qaram    1.5209
parameters
   -3.1102   -1.0887    5.1716  -13.2826  -15.1236   -7.9743
   -1.0932    4.0793    2.6256   12.9863   -1.2353  -25.8685
eta,q 0.97618 11.34652
  0.0352  0.0358  0.0310  0.0310  0.0252  0.0272  0.0283  0.0287  0.0275  0.0312  0.0255  0.0239
  0.0324  0.0336  0.0302  0.0299  0.0255  0.0265  0.0270  0.0271  0.0266  0.0289  0.0253  0.0238
  0.0308  0.0318  0.0298  0.0292  0.0267  0.0260  0.0261  0.0261  0.0260  0.0270  0.0250  0.0241
  0.0306  0.0306  0.0297  0.0297  0.0293  0.0257  0.0257  0.0257  0.0257  0.0257  0.0249  0.0249
  0.0315  0.0299  0.0300  0.0333  0.0338  0.0255  0.0260  0.0258  0.0258  0.0250  0.0249  0.0259
  0.0332  0.0297  0.0308  0.0389  0.0386  0.0261  0.0268  0.0266  0.0262  0.0250  0.0250  0.0270
  0.0356  0.0301  0.0318  0.0437  0.0436  0.0280  0.0281  0.0286  0.0270  0.0257  0.0254  0.0281
niter,ni,del,rscale     7    3    5.0000    1.2000
parameter  2 -0.884672 -> -0.500000 qaram    1.3225
parameter  5  0.530534 ->  0.500000 qaram    1.7490
parameter 12  0.542244 ->  0.500000 qaram    1.7490
parameters
   -3.2717    0.4983    4.9478  -13.9219  -21.4200   -7.2584
   -1.3788    3.4527    2.5869   15.7739   -1.7523  -32.1649
eta,q 0.98113 11.10536
  0.0271  0.0318  0.0233  0.0257  0.0216  0.0232  0.0230  0.0234  0.0223  0.0277  0.0205  0.0199
  0.0252  0.0287  0.0224  0.0242  0.0206  0.0220  0.0216  0.0217  0.0212  0.0245  0.0202  0.0190
  0.0241  0.0260  0.0219  0.0228  0.0206  0.0212  0.0206  0.0207  0.0206  0.0220  0.0199  0.0190
  0.0238  0.0238  0.0218  0.0218  0.0219  0.0205  0.0204  0.0204  0.0204  0.0204  0.0198  0.0198
  0.0243  0.0224  0.0221  0.0214  0.0252  0.0202  0.0208  0.0208  0.0206  0.0198  0.0199  0.0214
  0.0257  0.0217  0.0228  0.0238  0.0313  0.0209  0.0219  0.0223  0.0213  0.0205  0.0202  0.0231
  0.0280  0.0217  0.0238  0.0288  0.0369  0.0229  0.0234  0.0250  0.0223  0.0225  0.0208  0.0247
niter,ni,del,rscale     7    3    5.0000    1.2000
parameters
   -3.2141    1.5509    4.8047  -13.8284  -22.9854   -6.8254
   -1.3461    3.1243    2.6965   17.4611   -2.8597  -32.3910
eta,q 0.98179 11.11235
  0.0232  0.0270  0.0203  0.0226  0.0245  0.0219  0.0217  0.0221  0.0204  0.0260  0.0189  0.0228
  0.0209  0.0234  0.0191  0.0208  0.0215  0.0205  0.0200  0.0201  0.0193  0.0224  0.0185  0.0203
  0.0195  0.0206  0.0184  0.0194  0.0193  0.0193  0.0188  0.0189  0.0186  0.0198  0.0183  0.0185
  0.0189  0.0189  0.0183  0.0183  0.0183  0.0185  0.0184  0.0184  0.0184  0.0184  0.0182  0.0182
  0.0193  0.0183  0.0187  0.0178  0.0194  0.0183  0.0188  0.0188  0.0186  0.0184  0.0184  0.0191
  0.0206  0.0190  0.0195  0.0193  0.0232  0.0195  0.0199  0.0204  0.0193  0.0197  0.0188  0.0208
  0.0230  0.0206  0.0207  0.0238  0.0305  0.0218  0.0216  0.0232  0.0203  0.0221  0.0195  0.0228
niter,ni,del,rscale     6    3    5.0000    1.2000
parameters
   -3.1973    1.6605    4.9208  -13.6436  -23.1435   -6.3240
   -1.4628    3.1368    2.6224   17.7025   -3.2464  -32.3418
eta,q 0.98193 11.13891
  0.0226  0.0235  0.0205  0.0227  0.0256  0.0216  0.0213  0.0225  0.0201  0.0241  0.0189  0.0228
  0.0203  0.0206  0.0193  0.0209  0.0224  0.0202  0.0196  0.0201  0.0189  0.0209  0.0185  0.0203
  0.0188  0.0188  0.0185  0.0194  0.0198  0.0191  0.0184  0.0187  0.0183  0.0188  0.0182  0.0185
  0.0182  0.0182  0.0182  0.0182  0.0182  0.0182  0.0181  0.0181  0.0181  0.0181  0.0181  0.0181
  0.0187  0.0188  0.0184  0.0177  0.0184  0.0179  0.0185  0.0184  0.0184  0.0187  0.0182  0.0188
  0.0201  0.0204  0.0191  0.0192  0.0211  0.0190  0.0197  0.0200  0.0191  0.0204  0.0185  0.0205
  0.0226  0.0226  0.0201  0.0238  0.0276  0.0216  0.0215  0.0226  0.0201  0.0236  0.0191  0.0225
niter,ni,del,rscale     5    3    5.0000    1.2000
parameters
   -3.1828    1.6916    5.0001  -13.6928  -23.1873   -6.2373
   -1.4776    3.1833    2.6106   17.7290   -3.2878  -32.2807
eta,q 0.98192 11.13803
  0.0225  0.0231  0.0203  0.0226  0.0256  0.0215  0.0214  0.0226  0.0201  0.0239  0.0189  0.0228
  0.0202  0.0203  0.0191  0.0208  0.0224  0.0201  0.0197  0.0201  0.0190  0.0207  0.0185  0.0203
  0.0187  0.0185  0.0183  0.0193  0.0198  0.0190  0.0185  0.0187  0.0183  0.0187  0.0182  0.0185
  0.0181  0.0181  0.0181  0.0181  0.0181  0.0181  0.0181  0.0181  0.0181  0.0181  0.0181  0.0181
  0.0185  0.0188  0.0183  0.0176  0.0182  0.0179  0.0185  0.0184  0.0184  0.0188  0.0181  0.0188
  0.0200  0.0204  0.0190  0.0194  0.0209  0.0192  0.0196  0.0199  0.0190  0.0206  0.0185  0.0205
  0.0225  0.0227  0.0201  0.0243  0.0273  0.0221  0.0214  0.0226  0.0201  0.0238  0.0190  0.0224
niter,ni,del,rscale     4    3    5.0000    1.2000
parameters
   -3.1788    1.6985    5.0341  -13.7024  -23.1879   -6.2127
   -1.4679    3.1883    2.6070   17.7308   -3.2666  -32.2371
eta,q 0.98192 11.13823
  0.0225  0.0230  0.0203  0.0226  0.0256  0.0214  0.0214  0.0225  0.0201  0.0238  0.0190  0.0228
  0.0202  0.0202  0.0191  0.0208  0.0224  0.0200  0.0197  0.0201  0.0190  0.0207  0.0185  0.0203
  0.0187  0.0185  0.0183  0.0193  0.0198  0.0190  0.0185  0.0187  0.0183  0.0187  0.0182  0.0185
  0.0181  0.0181  0.0181  0.0181  0.0181  0.0181  0.0181  0.0181  0.0181  0.0181  0.0181  0.0181
  0.0185  0.0188  0.0183  0.0176  0.0182  0.0179  0.0185  0.0185  0.0184  0.0188  0.0181  0.0188
  0.0200  0.0204  0.0190  0.0193  0.0208  0.0193  0.0196  0.0200  0.0190  0.0206  0.0185  0.0205
  0.0226  0.0227  0.0201  0.0242  0.0272  0.0222  0.0214  0.0226  0.0201  0.0239  0.0190  0.0224
niter,ni,del,rscale     3    3    5.0000    1.2000
parameters
   -3.1786    1.7017    5.0453  -13.7057  -23.1846   -6.2034
   -1.4654    3.1865    2.6048   17.7267   -3.2646  -32.2154
eta,q 0.98192 11.13837
  0.0225  0.0230  0.0203  0.0226  0.0256  0.0214  0.0214  0.0225  0.0201  0.0238  0.0190  0.0227
  0.0202  0.0202  0.0190  0.0208  0.0224  0.0200  0.0197  0.0201  0.0190  0.0207  0.0185  0.0203
  0.0186  0.0185  0.0183  0.0193  0.0198  0.0190  0.0185  0.0186  0.0183  0.0187  0.0182  0.0185
  0.0181  0.0181  0.0181  0.0181  0.0181  0.0181  0.0181  0.0181  0.0181  0.0181  0.0181  0.0181
  0.0185  0.0188  0.0183  0.0176  0.0182  0.0179  0.0185  0.0185  0.0184  0.0188  0.0181  0.0188
  0.0201  0.0204  0.0191  0.0193  0.0208  0.0193  0.0196  0.0200  0.0190  0.0206  0.0185  0.0205
  0.0226  0.0227  0.0202  0.0242  0.0272  0.0223  0.0214  0.0226  0.0201  0.0239  0.0190  0.0225
registration optimization eta report
parameter search radius
    2.7600    3.1740    2.7600    9.5220   12.5928    8.2800
    8.2800    7.2000    7.2000    9.5220    7.2000   12.5928
100000*second partial in parameter space
       58.       47.       28.        6.        5.        6.
        5.        9.        4.        6.        2.        3.
  0.0225  0.0230  0.0203  0.0226  0.0256  0.0214  0.0214  0.0225  0.0201  0.0238  0.0190  0.0227
  0.0202  0.0202  0.0190  0.0208  0.0224  0.0200  0.0197  0.0201  0.0190  0.0207  0.0185  0.0203
  0.0186  0.0185  0.0183  0.0193  0.0198  0.0190  0.0185  0.0186  0.0183  0.0187  0.0182  0.0185
  0.0181  0.0181  0.0181  0.0181  0.0181  0.0181  0.0181  0.0181  0.0181  0.0181  0.0181  0.0181
  0.0185  0.0188  0.0183  0.0176  0.0182  0.0179  0.0185  0.0185  0.0184  0.0188  0.0181  0.0188
  0.0201  0.0204  0.0191  0.0193  0.0208  0.0193  0.0196  0.0200  0.0190  0.0206  0.0185  0.0205
  0.0226  0.0227  0.0202  0.0242  0.0272  0.0223  0.0214  0.0226  0.0201  0.0239  0.0190  0.0225
   -3.1786    1.7017    5.0453  -13.7057  -23.1846   -6.2034
   -1.4654    3.1865    2.6048   17.7267   -3.2646  -32.2154
eta,q 0.98192 11.13837

---------------------------------------------------------------------
imgreg_4dfp /opt/freesurfer/average/711-2C_as_mni_average_305 /opt/freesurfer/average/711-2B_as_mni_average_305_mask talsrcimg_g11 none talsrcimg_to_711-2C_as_mni_average_305_t4 2311
---------------------------------------------------------------------

freesurfer imgreg_4dfp.c
/opt/freesurfer/average/711-2C_as_mni_average_305.4dfp.img
       256       256       256         1
  1.000000  1.000000  1.000000
orientation T byte_order littleendian
Reading image: /opt/freesurfer/average/711-2C_as_mni_average_305.4dfp.img
dimensions:      256       256       256
mmppix:       1.0000   -1.0000   -1.0000
center:     128.0000 -129.0000 -129.0000
/opt/freesurfer/average/711-2B_as_mni_average_305_mask.4dfp.img
       256       256       256         1
  1.000000  1.000000  1.000000
orientation T byte_order littleendian
Reading mask: /opt/freesurfer/average/711-2B_as_mni_average_305_mask.4dfp.img (2306576 pixels)
talsrcimg_g11.4dfp.img
       256       256       256         1
  1.000000  1.000000  1.000000
orientation T byte_order littleendian
Reading image: talsrcimg_g11.4dfp.img
dimensions:      256       256       256
mmppix:       1.0000   -1.0000   -1.0000
center:     128.0000 -129.0000 -129.0000
fimgreg.f
image alignment mode   2311 decimal      907 hex
parameters
   -3.1786    1.7017    5.0453  -13.7057  -23.1846   -6.2034
   -1.4654    3.1865    2.6048   17.7267   -3.2646  -32.2154
eta,q 0.98192 11.13836
niter,ni,del,rscale     5    3    5.0000    0.8000
parameter  4 -0.517631 -> -0.500000 qaram    1.1500
parameters
   -3.1408    1.5900    4.9951  -10.9457  -21.4510   -5.6333
   -1.5092    3.2490    2.3693   17.9676   -3.7540  -31.6608
eta,q 0.98277 11.35971
  0.0197  0.0192  0.0188  0.0200  0.0195  0.0192  0.0186  0.0202  0.0182  0.0190  0.0178  0.0184
  0.0188  0.0185  0.0184  0.0193  0.0187  0.0185  0.0179  0.0186  0.0177  0.0181  0.0175  0.0177
  0.0183  0.0181  0.0181  0.0186  0.0181  0.0178  0.0174  0.0176  0.0173  0.0175  0.0173  0.0174
  0.0181  0.0181  0.0181  0.0181  0.0176  0.0174  0.0172  0.0172  0.0172  0.0172  0.0172  0.0172
  0.0182  0.0183  0.0182  0.0177  0.0174  0.0172  0.0174  0.0175  0.0174  0.0174  0.0174  0.0173
  0.0187  0.0188  0.0184  0.0176  0.0175  0.0176  0.0179  0.0185  0.0178  0.0179  0.0176  0.0175
  0.0196  0.0195  0.0189  0.0181  0.0180  0.0188  0.0186  0.0201  0.0185  0.0187  0.0181  0.0179
niter,ni,del,rscale     5    3    5.0000    0.8000
parameters
   -3.2335    1.7133    4.9136  -12.1047  -21.3256   -5.3503
   -1.3546    3.1409    2.5178   18.0289   -3.8034  -31.7712
eta,q 0.98277 11.34032
  0.0189  0.0189  0.0180  0.0188  0.0188  0.0190  0.0186  0.0197  0.0184  0.0189  0.0178  0.0181
  0.0179  0.0180  0.0176  0.0180  0.0181  0.0183  0.0179  0.0183  0.0178  0.0180  0.0175  0.0176
  0.0174  0.0175  0.0173  0.0175  0.0176  0.0178  0.0174  0.0175  0.0174  0.0174  0.0173  0.0173
  0.0172  0.0172  0.0172  0.0172  0.0173  0.0173  0.0172  0.0172  0.0172  0.0172  0.0172  0.0172
  0.0175  0.0173  0.0174  0.0177  0.0174  0.0172  0.0174  0.0176  0.0173  0.0174  0.0173  0.0174
  0.0182  0.0177  0.0177  0.0193  0.0179  0.0177  0.0178  0.0185  0.0177  0.0179  0.0175  0.0177
  0.0194  0.0184  0.0182  0.0220  0.0187  0.0190  0.0184  0.0199  0.0182  0.0188  0.0179  0.0182
niter,ni,del,rscale     4    3    5.0000    0.7000
parameters
   -3.1276    1.7237    4.9913  -12.1040  -21.3013   -5.0736
   -1.3484    3.1555    2.4848   18.1123   -4.0089  -31.6631
eta,q 0.98283 11.35018
  0.0188  0.0184  0.0180  0.0189  0.0183  0.0186  0.0182  0.0193  0.0180  0.0185  0.0176  0.0179
  0.0180  0.0177  0.0176  0.0182  0.0178  0.0181  0.0176  0.0181  0.0175  0.0178  0.0174  0.0175
  0.0175  0.0174  0.0173  0.0176  0.0174  0.0176  0.0173  0.0174  0.0173  0.0173  0.0172  0.0172
  0.0172  0.0172  0.0172  0.0172  0.0172  0.0172  0.0172  0.0172  0.0172  0.0172  0.0172  0.0172
  0.0173  0.0174  0.0173  0.0172  0.0173  0.0171  0.0173  0.0174  0.0173  0.0173  0.0173  0.0173
  0.0177  0.0177  0.0175  0.0179  0.0177  0.0176  0.0176  0.0181  0.0176  0.0177  0.0174  0.0175
  0.0184  0.0183  0.0178  0.0193  0.0184  0.0186  0.0182  0.0192  0.0180  0.0184  0.0177  0.0178
niter,ni,del,rscale     3    3    5.0000    0.6000
parameters
   -3.1101    1.7316    5.0562  -11.9486  -21.2586   -4.8181
   -1.3468    3.1535    2.4437   18.1786   -4.1392  -31.5462
eta,q 0.98289 11.36505
  0.0182  0.0180  0.0178  0.0186  0.0180  0.0183  0.0179  0.0187  0.0177  0.0181  0.0175  0.0177
  0.0177  0.0176  0.0175  0.0180  0.0176  0.0179  0.0175  0.0178  0.0174  0.0176  0.0173  0.0173
  0.0173  0.0173  0.0173  0.0175  0.0173  0.0175  0.0172  0.0173  0.0172  0.0172  0.0171  0.0172
  0.0172  0.0172  0.0172  0.0172  0.0172  0.0171  0.0171  0.0171  0.0171  0.0171  0.0171  0.0171
  0.0173  0.0173  0.0172  0.0172  0.0172  0.0171  0.0172  0.0173  0.0172  0.0172  0.0172  0.0172
  0.0176  0.0175  0.0174  0.0176  0.0175  0.0174  0.0175  0.0178  0.0174  0.0175  0.0173  0.0173
  0.0182  0.0180  0.0176  0.0186  0.0180  0.0182  0.0179  0.0187  0.0178  0.0180  0.0175  0.0176
niter,ni,del,rscale     2    3    5.0000    0.5000
parameters
   -3.1086    1.7433    5.1142  -11.8229  -21.2265   -4.5916
   -1.3402    3.1374    2.4185   18.2295   -4.2205  -31.4438
eta,q 0.98292 11.37676
  0.0179  0.0177  0.0175  0.0182  0.0177  0.0180  0.0176  0.0182  0.0175  0.0178  0.0173  0.0175
  0.0175  0.0174  0.0173  0.0177  0.0174  0.0177  0.0173  0.0176  0.0173  0.0174  0.0172  0.0172
  0.0172  0.0172  0.0172  0.0173  0.0172  0.0173  0.0172  0.0172  0.0171  0.0172  0.0171  0.0171
  0.0171  0.0171  0.0171  0.0171  0.0171  0.0171  0.0171  0.0171  0.0171  0.0171  0.0171  0.0171
  0.0172  0.0172  0.0171  0.0171  0.0172  0.0171  0.0171  0.0172  0.0171  0.0171  0.0171  0.0171
  0.0174  0.0174  0.0173  0.0175  0.0174  0.0173  0.0173  0.0176  0.0173  0.0174  0.0172  0.0172
  0.0179  0.0177  0.0175  0.0182  0.0177  0.0179  0.0176  0.0182  0.0175  0.0177  0.0174  0.0174
niter,ni,del,rscale     1    3    5.0000    0.4000
parameters
   -3.1108    1.7454    5.1597  -11.7364  -21.1966   -4.4028
   -1.3332    3.1057    2.4011   18.2722   -4.2792  -31.3752
eta,q 0.98294 11.38544
  0.0176  0.0175  0.0174  0.0178  0.0175  0.0178  0.0174  0.0178  0.0173  0.0175  0.0172  0.0173
  0.0173  0.0173  0.0172  0.0175  0.0173  0.0175  0.0172  0.0174  0.0172  0.0173  0.0171  0.0172
  0.0171  0.0171  0.0171  0.0172  0.0171  0.0172  0.0171  0.0171  0.0171  0.0171  0.0171  0.0171
  0.0171  0.0171  0.0171  0.0171  0.0171  0.0171  0.0171  0.0171  0.0171  0.0171  0.0171  0.0171
  0.0171  0.0171  0.0171  0.0171  0.0171  0.0171  0.0171  0.0172  0.0171  0.0171  0.0171  0.0171
  0.0173  0.0173  0.0172  0.0173  0.0173  0.0173  0.0172  0.0174  0.0172  0.0172  0.0171  0.0172
  0.0176  0.0175  0.0173  0.0178  0.0175  0.0176  0.0174  0.0178  0.0174  0.0175  0.0173  0.0173
registration optimization eta report
parameter search radius
    0.8000    0.8000    0.8000    2.7600    2.4000    2.4000
    2.4000    2.4000    2.4000    2.4000    2.4000    2.4000
100000*second partial in parameter space
       76.       59.       40.       10.        7.       11.
        6.       13.        5.        8.        3.        4.
  0.0176  0.0175  0.0174  0.0178  0.0175  0.0178  0.0174  0.0178  0.0173  0.0175  0.0172  0.0173
  0.0173  0.0173  0.0172  0.0175  0.0173  0.0175  0.0172  0.0174  0.0172  0.0173  0.0171  0.0172
  0.0171  0.0171  0.0171  0.0172  0.0171  0.0172  0.0171  0.0171  0.0171  0.0171  0.0171  0.0171
  0.0171  0.0171  0.0171  0.0171  0.0171  0.0171  0.0171  0.0171  0.0171  0.0171  0.0171  0.0171
  0.0171  0.0171  0.0171  0.0171  0.0171  0.0171  0.0171  0.0172  0.0171  0.0171  0.0171  0.0171
  0.0173  0.0173  0.0172  0.0173  0.0173  0.0173  0.0172  0.0174  0.0172  0.0172  0.0171  0.0172
  0.0176  0.0175  0.0173  0.0178  0.0175  0.0176  0.0174  0.0178  0.0174  0.0175  0.0173  0.0173
   -3.1108    1.7454    5.1597  -11.7364  -21.1966   -4.4028
   -1.3332    3.1057    2.4011   18.2722   -4.2792  -31.3752
eta,q 0.98294 11.38544

---------------------------------------------------------------------
imgreg_4dfp /opt/freesurfer/average/711-2C_as_mni_average_305 /opt/freesurfer/average/711-2B_as_mni_average_305_mask talsrcimg_g11 none talsrcimg_to_711-2C_as_mni_average_305_t4 2311
---------------------------------------------------------------------

freesurfer imgreg_4dfp.c
/opt/freesurfer/average/711-2C_as_mni_average_305.4dfp.img
       256       256       256         1
  1.000000  1.000000  1.000000
orientation T byte_order littleendian
Reading image: /opt/freesurfer/average/711-2C_as_mni_average_305.4dfp.img
dimensions:      256       256       256
mmppix:       1.0000   -1.0000   -1.0000
center:     128.0000 -129.0000 -129.0000
/opt/freesurfer/average/711-2B_as_mni_average_305_mask.4dfp.img
       256       256       256         1
  1.000000  1.000000  1.000000
orientation T byte_order littleendian
Reading mask: /opt/freesurfer/average/711-2B_as_mni_average_305_mask.4dfp.img (2306576 pixels)
talsrcimg_g11.4dfp.img
       256       256       256         1
  1.000000  1.000000  1.000000
orientation T byte_order littleendian
Reading image: talsrcimg_g11.4dfp.img
dimensions:      256       256       256
mmppix:       1.0000   -1.0000   -1.0000
center:     128.0000 -129.0000 -129.0000
fimgreg.f
image alignment mode   2311 decimal      907 hex
parameters
   -3.1108    1.7454    5.1597  -11.7364  -21.1966   -4.4028
   -1.3332    3.1057    2.4011   18.2722   -4.2792  -31.3752
eta,q 0.98294 11.38544
niter,ni,del,rscale     5    3    5.0000    0.8000
parameters
   -3.1510    1.7638    5.1959  -12.2463  -21.3708   -4.9069
   -1.3767    3.2129    2.4649   18.1132   -4.0732  -31.4433
eta,q 0.98282 11.34662
  0.0189  0.0186  0.0181  0.0186  0.0185  0.0187  0.0184  0.0200  0.0183  0.0187  0.0178  0.0181
  0.0179  0.0177  0.0176  0.0179  0.0178  0.0181  0.0178  0.0184  0.0177  0.0179  0.0175  0.0175
  0.0173  0.0172  0.0172  0.0174  0.0173  0.0175  0.0173  0.0175  0.0173  0.0173  0.0173  0.0172
  0.0171  0.0171  0.0171  0.0171  0.0171  0.0171  0.0172  0.0172  0.0172  0.0172  0.0172  0.0172
  0.0173  0.0172  0.0172  0.0173  0.0173  0.0173  0.0173  0.0175  0.0173  0.0174  0.0172  0.0173
  0.0180  0.0177  0.0175  0.0182  0.0178  0.0183  0.0178  0.0183  0.0177  0.0180  0.0174  0.0176
  0.0191  0.0185  0.0181  0.0199  0.0188  0.0201  0.0185  0.0197  0.0182  0.0190  0.0177  0.0181
niter,ni,del,rscale     4    3    5.0000    0.7000
parameters
   -3.1055    1.7467    5.1272  -11.9835  -21.2857   -4.9228
   -1.3601    3.2104    2.4485   18.1252   -4.1002  -31.5001
eta,q 0.98286 11.35926
  0.0186  0.0183  0.0178  0.0186  0.0183  0.0185  0.0182  0.0192  0.0180  0.0184  0.0176  0.0178
  0.0179  0.0177  0.0175  0.0180  0.0177  0.0180  0.0176  0.0180  0.0175  0.0177  0.0174  0.0174
  0.0174  0.0173  0.0172  0.0175  0.0173  0.0175  0.0173  0.0173  0.0172  0.0173  0.0172  0.0172
  0.0172  0.0172  0.0172  0.0172  0.0171  0.0171  0.0171  0.0171  0.0171  0.0171  0.0171  0.0171
  0.0173  0.0173  0.0173  0.0171  0.0172  0.0171  0.0172  0.0174  0.0172  0.0173  0.0172  0.0172
  0.0177  0.0177  0.0175  0.0176  0.0176  0.0177  0.0176  0.0181  0.0175  0.0177  0.0174  0.0175
  0.0185  0.0183  0.0180  0.0185  0.0183  0.0189  0.0182  0.0192  0.0180  0.0184  0.0176  0.0178
niter,ni,del,rscale     3    3    5.0000    0.6000
parameters
   -3.1157    1.7452    5.1012  -11.8243  -21.2439   -4.7910
   -1.3543    3.1861    2.4304   18.1808   -4.1476  -31.4843
eta,q 0.98289 11.37082
  0.0181  0.0180  0.0177  0.0183  0.0180  0.0183  0.0179  0.0187  0.0177  0.0181  0.0175  0.0176
  0.0176  0.0175  0.0174  0.0178  0.0176  0.0178  0.0175  0.0178  0.0174  0.0175  0.0173  0.0173
  0.0173  0.0172  0.0172  0.0174  0.0173  0.0174  0.0172  0.0173  0.0172  0.0172  0.0171  0.0171
  0.0171  0.0171  0.0171  0.0171  0.0171  0.0171  0.0171  0.0171  0.0171  0.0171  0.0171  0.0171
  0.0173  0.0172  0.0172  0.0171  0.0172  0.0171  0.0172  0.0173  0.0172  0.0172  0.0172  0.0172
  0.0176  0.0175  0.0174  0.0175  0.0175  0.0175  0.0174  0.0178  0.0174  0.0175  0.0173  0.0173
  0.0182  0.0180  0.0177  0.0182  0.0180  0.0184  0.0179  0.0187  0.0177  0.0180  0.0175  0.0176
niter,ni,del,rscale     2    3    5.0000    0.5000
parameters
   -3.1178    1.7443    5.1219  -11.7257  -21.2176   -4.6028
   -1.3463    3.1507    2.4044   18.2325   -4.2109  -31.4315
eta,q 0.98293 11.38030
  0.0178  0.0177  0.0175  0.0179  0.0177  0.0180  0.0176  0.0182  0.0175  0.0178  0.0173  0.0175
  0.0174  0.0174  0.0173  0.0176  0.0174  0.0176  0.0173  0.0176  0.0173  0.0174  0.0172  0.0172
  0.0172  0.0172  0.0172  0.0173  0.0172  0.0173  0.0171  0.0172  0.0171  0.0172  0.0171  0.0171
  0.0171  0.0171  0.0171  0.0171  0.0171  0.0171  0.0171  0.0171  0.0171  0.0171  0.0171  0.0171
  0.0172  0.0172  0.0171  0.0171  0.0172  0.0171  0.0171  0.0172  0.0171  0.0171  0.0171  0.0171
  0.0174  0.0174  0.0173  0.0174  0.0174  0.0173  0.0173  0.0176  0.0173  0.0174  0.0172  0.0172
  0.0179  0.0177  0.0175  0.0179  0.0177  0.0180  0.0176  0.0182  0.0175  0.0177  0.0174  0.0174
niter,ni,del,rscale     1    3    5.0000    0.4000
parameters
   -3.1219    1.7447    5.1572  -11.6607  -21.1941   -4.4212
   -1.3475    3.1182    2.3834   18.2786   -4.2758  -31.3746
eta,q 0.98294 11.38800
  0.0176  0.0175  0.0174  0.0176  0.0175  0.0178  0.0174  0.0178  0.0173  0.0175  0.0172  0.0173
  0.0173  0.0172  0.0172  0.0174  0.0173  0.0175  0.0172  0.0174  0.0172  0.0173  0.0171  0.0172
  0.0171  0.0171  0.0171  0.0172  0.0171  0.0172  0.0171  0.0171  0.0171  0.0171  0.0171  0.0171
  0.0171  0.0171  0.0171  0.0171  0.0171  0.0171  0.0171  0.0171  0.0171  0.0171  0.0171  0.0171
  0.0171  0.0171  0.0171  0.0171  0.0171  0.0171  0.0171  0.0172  0.0171  0.0171  0.0171  0.0171
  0.0173  0.0173  0.0172  0.0173  0.0173  0.0173  0.0172  0.0174  0.0172  0.0172  0.0171  0.0172
  0.0176  0.0175  0.0173  0.0176  0.0175  0.0176  0.0174  0.0178  0.0174  0.0175  0.0173  0.0173
registration optimization eta report
parameter search radius
    0.8000    0.8000    0.8000    2.4000    2.4000    2.4000
    2.4000    2.4000    2.4000    2.4000    2.4000    2.4000
100000*second partial in parameter space
       76.       59.       40.       10.        7.       11.
        6.       13.        5.        8.        3.        4.
  0.0176  0.0175  0.0174  0.0176  0.0175  0.0178  0.0174  0.0178  0.0173  0.0175  0.0172  0.0173
  0.0173  0.0172  0.0172  0.0174  0.0173  0.0175  0.0172  0.0174  0.0172  0.0173  0.0171  0.0172
  0.0171  0.0171  0.0171  0.0172  0.0171  0.0172  0.0171  0.0171  0.0171  0.0171  0.0171  0.0171
  0.0171  0.0171  0.0171  0.0171  0.0171  0.0171  0.0171  0.0171  0.0171  0.0171  0.0171  0.0171
  0.0171  0.0171  0.0171  0.0171  0.0171  0.0171  0.0171  0.0172  0.0171  0.0171  0.0171  0.0171
  0.0173  0.0173  0.0172  0.0173  0.0173  0.0173  0.0172  0.0174  0.0172  0.0172  0.0171  0.0172
  0.0176  0.0175  0.0173  0.0176  0.0175  0.0176  0.0174  0.0178  0.0174  0.0175  0.0173  0.0173
   -3.1219    1.7447    5.1572  -11.6607  -21.1941   -4.4212
   -1.3475    3.1182    2.3834   18.2786   -4.2758  -31.3746
eta,q 0.98294 11.38800

---------------------------------------------------------------------
compute_vox2vox talsrcimg talsrcimg_to_711-2C_as_mni_average_305_t4 /opt/freesurfer/average/711-2C_as_mni_average_305
---------------------------------------------------------------------

freesurfer compute_vox2vox.c
Reading: talsrcimg.4dfp.ifh
Reading: talsrcimg_to_711-2C_as_mni_average_305_t4
Reading: /opt/freesurfer/average/711-2C_as_mni_average_305.4dfp.ifh
Writing: talsrcimg_to_711-2C_as_mni_average_305_t4_vox2vox.txt

start time Sat Apr 4 11:36:29 CEST 2026
end		time Sat Apr 4 11:36:43 CEST 2026

mpr2mni305 success

avi2talxfm orig_nu.mgz /opt/freesurfer/average/mni305.cor.mgz talsrcimg_to_711-2C_as_mni_average_305_t4_vox2vox.txt transforms/talairach.auto.xfm
avi2talxfm done
mv -f /out/sourcedata/freesurfer/sub-v1s12x0050113_ses-1/mri/talsrcimg_to_711-2C_as_mni_average_305_t4_vox2vox.txt /out/sourcedata/freesurfer/sub-v1s12x0050113_ses-1/mri/transforms/talsrcimg_to_711-2C_as_mni_average_305_t4_vox2vox.txt
lta_convert --src orig_nu.mgz --trg /opt/freesurfer/average/mni305.cor.mgz --inxfm transforms/talairach.auto.xfm --outlta transforms/talairach.auto.xfm.lta --subject fsaverage
7.3.2

--src: orig_nu.mgz src image (geometry).
--trg: /opt/freesurfer/average/mni305.cor.mgz trg image (geometry).
--inmni: transforms/talairach.auto.xfm input MNI/XFM transform.
--outlta: transforms/talairach.auto.xfm.lta output LTA.
--s: fsaverage subject name
 LTA read, type : 1
 1.13006  -0.03769   0.00432   2.21841;
 0.03655   0.97101   0.38721  -8.12811;
-0.04265  -0.22408   1.17900   24.51816;
 0.00000   0.00000   0.00000   1.00000;
setting subject to fsaverage
Writing  LTA to file transforms/talairach.auto.xfm.lta...
lta_convert successful.
 
 
Started at Sat Apr 4 11:36:29 CEST 2026
Ended   at Sat Apr  4 11:36:43 CEST 2026
talairach_avi done
